Archive member included to satisfy reference by file (symbol)

d:/mounriver/mounriver_studio/toolchain/risc-v embedded gcc/bin/../lib/gcc/riscv-none-embed/8.2.0/rv32imacxw/ilp32\libgcc.a(fixunssfsi.o)
                              ./User/L610.o (__fixunssfsi)
d:/mounriver/mounriver_studio/toolchain/risc-v embedded gcc/bin/../lib/gcc/riscv-none-embed/8.2.0/rv32imacxw/ilp32\libgcc.a(save-restore.o)
                              ./User/freertos_demo.o (__riscv_save_12)
d:/mounriver/mounriver_studio/toolchain/risc-v embedded gcc/bin/../lib/gcc/riscv-none-embed/8.2.0/../../../../riscv-none-embed/lib/rv32imacxw/ilp32\libg_nano.a(lib_a-exit.o)
                              ./User/allshow.o (exit)
d:/mounriver/mounriver_studio/toolchain/risc-v embedded gcc/bin/../lib/gcc/riscv-none-embed/8.2.0/../../../../riscv-none-embed/lib/rv32imacxw/ilp32\libg_nano.a(lib_a-fputs.o)
                              ./User/HX77.o (fputs)
d:/mounriver/mounriver_studio/toolchain/risc-v embedded gcc/bin/../lib/gcc/riscv-none-embed/8.2.0/../../../../riscv-none-embed/lib/rv32imacxw/ilp32\libg_nano.a(lib_a-impure.o)
                              d:/mounriver/mounriver_studio/toolchain/risc-v embedded gcc/bin/../lib/gcc/riscv-none-embed/8.2.0/../../../../riscv-none-embed/lib/rv32imacxw/ilp32\libg_nano.a(lib_a-exit.o) (_global_impure_ptr)
d:/mounriver/mounriver_studio/toolchain/risc-v embedded gcc/bin/../lib/gcc/riscv-none-embed/8.2.0/../../../../riscv-none-embed/lib/rv32imacxw/ilp32\libg_nano.a(lib_a-locale.o)
                              ./User/freertos_demo.o (__locale_ctype_ptr)
d:/mounriver/mounriver_studio/toolchain/risc-v embedded gcc/bin/../lib/gcc/riscv-none-embed/8.2.0/../../../../riscv-none-embed/lib/rv32imacxw/ilp32\libg_nano.a(lib_a-malloc.o)
                              ./User/allshow.o (malloc)
d:/mounriver/mounriver_studio/toolchain/risc-v embedded gcc/bin/../lib/gcc/riscv-none-embed/8.2.0/../../../../riscv-none-embed/lib/rv32imacxw/ilp32\libg_nano.a(lib_a-mbtowc_r.o)
                              d:/mounriver/mounriver_studio/toolchain/risc-v embedded gcc/bin/../lib/gcc/riscv-none-embed/8.2.0/../../../../riscv-none-embed/lib/rv32imacxw/ilp32\libg_nano.a(lib_a-locale.o) (__ascii_mbtowc)
d:/mounriver/mounriver_studio/toolchain/risc-v embedded gcc/bin/../lib/gcc/riscv-none-embed/8.2.0/../../../../riscv-none-embed/lib/rv32imacxw/ilp32\libg_nano.a(lib_a-memcpy.o)
                              ./User/L610.o (memcpy)
d:/mounriver/mounriver_studio/toolchain/risc-v embedded gcc/bin/../lib/gcc/riscv-none-embed/8.2.0/../../../../riscv-none-embed/lib/rv32imacxw/ilp32\libg_nano.a(lib_a-memset.o)
                              ./User/L610.o (memset)
d:/mounriver/mounriver_studio/toolchain/risc-v embedded gcc/bin/../lib/gcc/riscv-none-embed/8.2.0/../../../../riscv-none-embed/lib/rv32imacxw/ilp32\libg_nano.a(lib_a-nano-freer.o)
                              d:/mounriver/mounriver_studio/toolchain/risc-v embedded gcc/bin/../lib/gcc/riscv-none-embed/8.2.0/../../../../riscv-none-embed/lib/rv32imacxw/ilp32\libg_nano.a(lib_a-malloc.o) (_free_r)
d:/mounriver/mounriver_studio/toolchain/risc-v embedded gcc/bin/../lib/gcc/riscv-none-embed/8.2.0/../../../../riscv-none-embed/lib/rv32imacxw/ilp32\libg_nano.a(lib_a-nano-mallocr.o)
                              d:/mounriver/mounriver_studio/toolchain/risc-v embedded gcc/bin/../lib/gcc/riscv-none-embed/8.2.0/../../../../riscv-none-embed/lib/rv32imacxw/ilp32\libg_nano.a(lib_a-malloc.o) (_malloc_r)
d:/mounriver/mounriver_studio/toolchain/risc-v embedded gcc/bin/../lib/gcc/riscv-none-embed/8.2.0/../../../../riscv-none-embed/lib/rv32imacxw/ilp32\libg_nano.a(lib_a-nano-vfprintf_float.o)
                              (_printf_float)
d:/mounriver/mounriver_studio/toolchain/risc-v embedded gcc/bin/../lib/gcc/riscv-none-embed/8.2.0/../../../../riscv-none-embed/lib/rv32imacxw/ilp32\libg_nano.a(lib_a-nano-vfprintf_i.o)
                              d:/mounriver/mounriver_studio/toolchain/risc-v embedded gcc/bin/../lib/gcc/riscv-none-embed/8.2.0/../../../../riscv-none-embed/lib/rv32imacxw/ilp32\libg_nano.a(lib_a-nano-vfprintf_float.o) (_printf_common)
d:/mounriver/mounriver_studio/toolchain/risc-v embedded gcc/bin/../lib/gcc/riscv-none-embed/8.2.0/../../../../riscv-none-embed/lib/rv32imacxw/ilp32\libg_nano.a(lib_a-printf.o)
                              ./User/L610.o (printf)
d:/mounriver/mounriver_studio/toolchain/risc-v embedded gcc/bin/../lib/gcc/riscv-none-embed/8.2.0/../../../../riscv-none-embed/lib/rv32imacxw/ilp32\libg_nano.a(lib_a-puts.o)
                              ./User/L610.o (puts)
d:/mounriver/mounriver_studio/toolchain/risc-v embedded gcc/bin/../lib/gcc/riscv-none-embed/8.2.0/../../../../riscv-none-embed/lib/rv32imacxw/ilp32\libg_nano.a(lib_a-sbrkr.o)
                              d:/mounriver/mounriver_studio/toolchain/risc-v embedded gcc/bin/../lib/gcc/riscv-none-embed/8.2.0/../../../../riscv-none-embed/lib/rv32imacxw/ilp32\libg_nano.a(lib_a-nano-mallocr.o) (_sbrk_r)
[...]
Memory Configuration

Name             Origin             Length             Attributes
FLASH            0x0000000000000000 0x0000000000040000 xr
RAM              0x0000000020000000 0x0000000000010000 xrw
*default*        0x0000000000000000 0xffffffffffffffff

Linker script and memory map

LOAD ./User/HX77.o
LOAD ./User/L610.o
LOAD ./User/allshow.o
LOAD ./User/ch32v30x_it.o
LOAD ./User/freertos_demo.o
LOAD ./User/main.o
LOAD ./User/pages.o
LOAD ./User/system_ch32v30x.o
LOAD ./Middlewares/MALLOC/malloc.o
LOAD ./Middlewares/FreeRTOS/portable/MemMang/heap_4.o
LOAD ./Middlewares/FreeRTOS/portable/GCC/RISC-V/port.o
LOAD ./Middlewares/FreeRTOS/portable/GCC/RISC-V/portASM.o
LOAD ./Middlewares/FreeRTOS/croutine.o
LOAD ./Middlewares/FreeRTOS/event_groups.o
LOAD ./Middlewares/FreeRTOS/list.o
LOAD ./Middlewares/FreeRTOS/queue.o
LOAD ./Middlewares/FreeRTOS/stream_buffer.o
LOAD ./Middlewares/FreeRTOS/tasks.o
LOAD ./Middlewares/FreeRTOS/timers.o
LOAD ./Drivers/SYSTEM/usart/usart.o
LOAD ./Drivers/SYSTEM/sys/sys.o
LOAD ./Drivers/SYSTEM/delay/delay.o
LOAD ./Drivers/RISC_V/Startup/startup_ch32v30x_D8C.o
LOAD ./Drivers/RISC_V/Core/core_riscv.o
LOAD ./Drivers/CH32V30x_Driver/src/ch32v30x_adc.o
LOAD ./Drivers/CH32V30x_Driver/src/ch32v30x_bkp.o
LOAD ./Drivers/CH32V30x_Driver/src/ch32v30x_can.o
LOAD ./Drivers/CH32V30x_Driver/src/ch32v30x_crc.o
LOAD ./Drivers/CH32V30x_Driver/src/ch32v30x_dac.o
LOAD ./Drivers/CH32V30x_Driver/src/ch32v30x_dbgmcu.o
LOAD ./Drivers/CH32V30x_Driver/src/ch32v30x_dma.o
LOAD ./Drivers/CH32V30x_Driver/src/ch32v30x_dvp.o
LOAD ./Drivers/CH32V30x_Driver/src/ch32v30x_eth.o
LOAD ./Drivers/CH32V30x_Driver/src/ch32v30x_exti.o
LOAD ./Drivers/CH32V30x_Driver/src/ch32v30x_flash.o
LOAD ./Drivers/CH32V30x_Driver/src/ch32v30x_fsmc.o
LOAD ./Drivers/CH32V30x_Driver/src/ch32v30x_gpio.o
LOAD ./Drivers/CH32V30x_Driver/src/ch32v30x_i2c.o
LOAD ./Drivers/CH32V30x_Driver/src/ch32v30x_iwdg.o
LOAD ./Drivers/CH32V30x_Driver/src/ch32v30x_misc.o
LOAD ./Drivers/CH32V30x_Driver/src/ch32v30x_opa.o
LOAD ./Drivers/CH32V30x_Driver/src/ch32v30x_pwr.o
LOAD ./Drivers/CH32V30x_Driver/src/ch32v30x_rcc.o
LOAD ./Drivers/CH32V30x_Driver/src/ch32v30x_rng.o
LOAD ./Drivers/CH32V30x_Driver/src/ch32v30x_rtc.o
LOAD ./Drivers/CH32V30x_Driver/src/ch32v30x_sdio.o
LOAD ./Drivers/CH32V30x_Driver/src/ch32v30x_spi.o
LOAD ./Drivers/CH32V30x_Driver/src/ch32v30x_tim.o
LOAD ./Drivers/CH32V30x_Driver/src/ch32v30x_usart.o
LOAD ./Drivers/CH32V30x_Driver/src/ch32v30x_wwdg.o
LOAD ./Drivers/BSP/LED/led.o
LOAD ./Drivers/BSP/LCD/lcd.o
LOAD ./Drivers/BSP/KEY/key.o
LOAD d:/mounriver/mounriver_studio/toolchain/risc-v embedded gcc/bin/../lib/gcc/riscv-none-embed/8.2.0/../../../../riscv-none-embed/lib/rv32imacxw/ilp32\libm.a
LOAD d:/mounriver/mounriver_studio/toolchain/risc-v embedded gcc/bin/../lib/gcc/riscv-none-embed/8.2.0/rv32imacxw/ilp32\libgcc.a
LOAD d:/mounriver/mounriver_studio/toolchain/risc-v embedded gcc/bin/../lib/gcc/riscv-none-embed/8.2.0/../../../../riscv-none-embed/lib/rv32imacxw/ilp32\libg_nano.a
LOAD d:/mounriver/mounriver_studio/toolchain/risc-v embedded gcc/bin/../lib/gcc/riscv-none-embed/8.2.0/../../../../riscv-none-embed/lib/rv32imacxw/ilp32\libc_nano.a
LOAD d:/mounriver/mounriver_studio/toolchain/risc-v embedded gcc/bin/../lib/gcc/riscv-none-embed/8.2.0/rv32imacxw/ilp32\libgcc.a
START GROUP
LOAD d:/mounriver/mounriver_studio/toolchain/risc-v embedded gcc/bin/../lib/gcc/riscv-none-embed/8.2.0/rv32imacxw/ilp32\libgcc.a
LOAD d:/mounriver/mounriver_studio/toolchain/risc-v embedded gcc/bin/../lib/gcc/riscv-none-embed/8.2.0/../../../../riscv-none-embed/lib/rv32imacxw/ilp32\libc_nano.a
LOAD d:/mounriver/mounriver_studio/toolchain/risc-v embedded gcc/bin/../lib/gcc/riscv-none-embed/8.2.0/../../../../riscv-none-embed/lib/rv32imacxw/ilp32\libnosys.a
END GROUP
START GROUP
LOAD d:/mounriver/mounriver_studio/toolchain/risc-v embedded gcc/bin/../lib/gcc/riscv-none-embed/8.2.0/rv32imacxw/ilp32\libgcc.a
LOAD d:/mounriver/mounriver_studio/toolchain/risc-v embedded gcc/bin/../lib/gcc/riscv-none-embed/8.2.0/../../../../riscv-none-embed/lib/rv32imacxw/ilp32\libc_nano.a
LOAD d:/mounriver/mounriver_studio/toolchain/risc-v embedded gcc/bin/../lib/gcc/riscv-none-embed/8.2.0/../../../../riscv-none-embed/lib/rv32imacxw/ilp32\libnosys.a
END GROUP
                0x0000000000000800                __stack_size = 0x800
                [!provide]                        PROVIDE (_stack_size = __stack_size)

.init           0x0000000000000000       0x38
                0x0000000000000000                _sinit = .
                0x0000000000000000                . = ALIGN (0x4)
 *(SORT_NONE(.init))
 .init          0x0000000000000000       0x38 ./Drivers/RISC_V/Startup/startup_ch32v30x_D8C.o
                0x0000000000000000                _start
                0x0000000000000038                . = ALIGN (0x4)
                0x0000000000000038                _einit = .

.vector         0x0000000000000038      0x1c8
 *(.vector)
 .vector        0x0000000000000038      0x1a0 ./Drivers/RISC_V/Startup/startup_ch32v30x_D8C.o
                0x0000000000000200                . = ALIGN (0x40)
 *fill*         0x00000000000001d8       0x28 

.text           0x0000000000000200    0x10c5c
                0x0000000000000200                . = ALIGN (0x4)
 *(.text)
 .text          0x0000000000000200      0x2e6 ./Middlewares/FreeRTOS/portable/GCC/RISC-V/portASM.o
                0x0000000000000200                SW_Handler
                0x0000000000000300                xPortStartFirstTask
                0x0000000000000400                pxPortInitialiseStack
 .text          0x00000000000004e6       0x60 d:/mounriver/mounriver_studio/toolchain/risc-v embedded gcc/bin/../lib/gcc/riscv-none-embed/8.2.0/rv32imacxw/ilp32\libgcc.a(save-restore.o)
                0x00000000000004e6                __riscv_save_12
                0x00000000000004ee                __riscv_save_9
                0x00000000000004ee                __riscv_save_11
                0x00000000000004ee                __riscv_save_10
                0x00000000000004ee                __riscv_save_8
                0x00000000000004fc                __riscv_save_4
                0x00000000000004fc                __riscv_save_6
                0x00000000000004fc                __riscv_save_5
                0x00000000000004fc                __riscv_save_7
                0x0000000000000516                __riscv_save_3
                0x0000000000000516                __riscv_save_2
                0x0000000000000516                __riscv_save_1
                0x0000000000000516                __riscv_save_0
                0x0000000000000522                __riscv_restore_12
                0x0000000000000526                __riscv_restore_11
                0x0000000000000526                __riscv_restore_9
                0x0000000000000526                __riscv_restore_10
                0x0000000000000526                __riscv_restore_8
                0x0000000000000530                __riscv_restore_5
                0x0000000000000530                __riscv_restore_7
                0x0000000000000530                __riscv_restore_6
                0x0000000000000530                __riscv_restore_4
                0x000000000000053a                __riscv_restore_3
                0x000000000000053a                __riscv_restore_0
                0x000000000000053a                __riscv_restore_2
                0x000000000000053a                __riscv_restore_1
 .text          0x0000000000000546       0xa8 d:/mounriver/mounriver_studio/toolchain/risc-v embedded gcc/bin/../lib/gcc/riscv-none-embed/8.2.0/../../../../riscv-none-embed/lib/rv32imacxw/ilp32\libg_nano.a(lib_a-memset.o)
                0x0000000000000546                memset
 .text          0x00000000000005ee      0x11a d:/mounriver/mounriver_studio/toolchain/risc-v embedded gcc/bin/../lib/gcc/riscv-none-embed/8.2.0/../../../../riscv-none-embed/lib/rv32imacxw/ilp32\libg_nano.a(lib_a-strcmp.o)
                0x00000000000005ee                strcmp
 *(.text.*)
 .text.HX711_GPIO_Init
                0x0000000000000708       0x40 ./User/HX77.o
                0x0000000000000708                HX711_GPIO_Init
 .text.HX711_W_PD_SCK
                0x0000000000000748       0x16 ./User/HX77.o
                0x0000000000000748                HX711_W_PD_SCK
 .text.HX711_R_DOUT
                0x000000000000075e       0x36 ./User/HX77.o
                0x000000000000075e                HX711_R_DOUT
 .text.HX711_ReadData
                0x0000000000000794       0x40 ./User/HX77.o
                0x0000000000000794                HX711_ReadData
 .text.charArrayToU8
                0x00000000000007d4       0x3c ./User/HX77.o
                0x00000000000007d4                charArrayToU8
 .text.weight_check_add
                0x0000000000000810       0x40 ./User/HX77.o
                0x0000000000000810                weight_check_add
 .text.weight_check_delete
                0x0000000000000850       0x40 ./User/HX77.o
                0x0000000000000850                weight_check_delete
 .text.L610_Init
                0x0000000000000890       0x30 ./User/L610.o
                0x0000000000000890                L610_Init
 .text.L610_Lookup
                0x00000000000008c0      0x11a ./User/L610.o
                0x00000000000008c0                L610_Lookup
 .text.L610_RequestIP
                0x00000000000009da       0xa8 ./User/L610.o
                0x00000000000009da                L610_RequestIP
 .text.L610_SetAndConnect
                0x0000000000000a82      0x156 ./User/L610.o
                0x0000000000000a82                L610_SetAndConnect
 .text.L610_Sub
                0x0000000000000bd8       0xa8 ./User/L610.o
                0x0000000000000bd8                L610_Sub
 .text.L610_Pub
                0x0000000000000c80       0x18 ./User/L610.o
                0x0000000000000c80                L610_Pub
 .text.L610_Recive
                0x0000000000000c98      0x1b4 ./User/L610.o
                0x0000000000000c98                L610_Recive
 .text.insertProduct.part.0
                0x0000000000000e4c       0x1c ./User/allshow.o
 .text.initProductList
                0x0000000000000e68        0xa ./User/allshow.o
                0x0000000000000e68                initProductList
 .text.insertProduct
                0x0000000000000e72       0x46 ./User/allshow.o
                0x0000000000000e72                insertProduct
 .text.deleteProduct
                0x0000000000000eb8       0x5a ./User/allshow.o
                0x0000000000000eb8                deleteProduct
 .text.NMI_Handler
                0x0000000000000f12        0x4 ./User/ch32v30x_it.o
                0x0000000000000f12                NMI_Handler
 .text.HardFault_Handler
                0x0000000000000f16        0x2 ./User/ch32v30x_it.o
                0x0000000000000f16                HardFault_Handler
 .text.start_task
                0x0000000000000f18       0x94 ./User/freertos_demo.o
                0x0000000000000f18                start_task
 .text.vSerialTask
                0x0000000000000fac       0x46 ./User/freertos_demo.o
                0x0000000000000fac                vSerialTask
 .text.vKeyScanTask
                0x0000000000000ff2      0x1e2 ./User/freertos_demo.o
                0x0000000000000ff2                vKeyScanTask
 .text.vCameraRev
                0x00000000000011d4       0xca ./User/freertos_demo.o
                0x00000000000011d4                vCameraRev
 .text.vLookupTask
                0x000000000000129e       0x6a ./User/freertos_demo.o
                0x000000000000129e                vLookupTask
 .text.vWeightTask
                0x0000000000001308       0xcc ./User/freertos_demo.o
                0x0000000000001308                vWeightTask
 .text.freertos_demo
                0x00000000000013d4      0x120 ./User/freertos_demo.o
                0x00000000000013d4                freertos_demo
 .text.startup.main
                0x00000000000014f4       0x4a ./User/main.o
                0x00000000000014f4                main
 .text.renderMainPage
                0x000000000000153e      0x268 ./User/pages.o
                0x000000000000153e                renderMainPage
 .text.Pages_add
                0x00000000000017a6       0xda ./User/pages.o
                0x00000000000017a6                Pages_add
 .text.Pages_X_add
                0x0000000000001880       0x98 ./User/pages.o
                0x0000000000001880                Pages_X_add
 .text.Pages_delete
                0x0000000000001918       0xda ./User/pages.o
                0x0000000000001918                Pages_delete
 .text.Pages_X_delete
                0x00000000000019f2       0x8a ./User/pages.o
                0x00000000000019f2                Pages_X_delete
 .text.renderCurrentProductsPage
                0x0000000000001a7c      0x1c2 ./User/pages.o
                0x0000000000001a7c                renderCurrentProductsPage
 .text.Pages_error
                0x0000000000001c3e       0x58 ./User/pages.o
                0x0000000000001c3e                Pages_error
 .text.SystemInit
                0x0000000000001c96       0xf8 ./User/system_ch32v30x.o
                0x0000000000001c96                SystemInit
 .text.prvInsertBlockIntoFreeList
                0x0000000000001d8e       0x4c ./Middlewares/FreeRTOS/portable/MemMang/heap_4.o
 .text.pvPortMalloc
                0x0000000000001dda      0x18c ./Middlewares/FreeRTOS/portable/MemMang/heap_4.o
                0x0000000000001dda                pvPortMalloc
 .text.vPortFree
                0x0000000000001f66       0xa8 ./Middlewares/FreeRTOS/portable/MemMang/heap_4.o
                0x0000000000001f66                vPortFree
 .text.vPortSetupTimerInterrupt
                0x000000000000200e        0x2 ./Middlewares/FreeRTOS/portable/GCC/RISC-V/port.o
                0x000000000000200e                vPortSetupTimerInterrupt
 .text.xPortStartScheduler
                0x0000000000002010       0x8e ./Middlewares/FreeRTOS/portable/GCC/RISC-V/port.o
                0x0000000000002010                xPortStartScheduler
 .text.SysTick_Handler
                0x000000000000209e       0x38 ./Middlewares/FreeRTOS/portable/GCC/RISC-V/port.o
                0x000000000000209e                SysTick_Handler
 .text.vPortEnterCritical
                0x00000000000020d6       0x16 ./Middlewares/FreeRTOS/portable/GCC/RISC-V/port.o
                0x00000000000020d6                vPortEnterCritical
 .text.vPortExitCritical
                0x00000000000020ec       0x42 ./Middlewares/FreeRTOS/portable/GCC/RISC-V/port.o
                0x00000000000020ec                vPortExitCritical
 .text.xPortSetInterruptMask
                0x000000000000212e        0xc ./Middlewares/FreeRTOS/portable/GCC/RISC-V/port.o
                0x000000000000212e                xPortSetInterruptMask
 .text.vPortClearInterruptMask
                0x000000000000213a        0x6 ./Middlewares/FreeRTOS/portable/GCC/RISC-V/port.o
                0x000000000000213a                vPortClearInterruptMask
 .text.vListInitialise
                0x0000000000002140       0x14 ./Middlewares/FreeRTOS/list.o
                0x0000000000002140                vListInitialise
 .text.vListInitialiseItem
                0x0000000000002154        0x6 ./Middlewares/FreeRTOS/list.o
                0x0000000000002154                vListInitialiseItem
 .text.vListInsertEnd
                0x000000000000215a       0x18 ./Middlewares/FreeRTOS/list.o
                0x000000000000215a                vListInsertEnd
 .text.vListInsert
                0x0000000000002172       0x2e ./Middlewares/FreeRTOS/list.o
                0x0000000000002172                vListInsert
 .text.uxListRemove
                0x00000000000021a0       0x20 ./Middlewares/FreeRTOS/list.o
                0x00000000000021a0                uxListRemove
 .text.prvIsQueueEmpty
                0x00000000000021c0       0x1a ./Middlewares/FreeRTOS/queue.o
 .text.prvCopyDataToQueue
                0x00000000000021da       0x72 ./Middlewares/FreeRTOS/queue.o
 .text.prvCopyDataFromQueue
                0x000000000000224c       0x28 ./Middlewares/FreeRTOS/queue.o
 .text.prvUnlockQueue
                0x0000000000002274       0x76 ./Middlewares/FreeRTOS/queue.o
 .text.xQueueGenericReset
                0x00000000000022ea       0xc4 ./Middlewares/FreeRTOS/queue.o
                0x00000000000022ea                xQueueGenericReset
 .text.xQueueGenericCreate
                0x00000000000023ae       0x72 ./Middlewares/FreeRTOS/queue.o
                0x00000000000023ae                xQueueGenericCreate
 .text.xQueueGenericSend
                0x0000000000002420      0x1a8 ./Middlewares/FreeRTOS/queue.o
                0x0000000000002420                xQueueGenericSend
 .text.xQueueGenericSendFromISR
                0x00000000000025c8      0x128 ./Middlewares/FreeRTOS/queue.o
                0x00000000000025c8                xQueueGenericSendFromISR
 .text.xQueueReceive
                0x00000000000026f0      0x166 ./Middlewares/FreeRTOS/queue.o
                0x00000000000026f0                xQueueReceive
 .text.xQueueSemaphoreTake
                0x0000000000002856      0x1be ./Middlewares/FreeRTOS/queue.o
                0x0000000000002856                xQueueSemaphoreTake
 .text.vQueueAddToRegistry
                0x0000000000002a14       0x6c ./Middlewares/FreeRTOS/queue.o
                0x0000000000002a14                vQueueAddToRegistry
 .text.vQueueWaitForMessageRestricted
                0x0000000000002a80       0x5c ./Middlewares/FreeRTOS/queue.o
                0x0000000000002a80                vQueueWaitForMessageRestricted
 .text.prvResetNextTaskUnblockTime
                0x0000000000002adc       0x24 ./Middlewares/FreeRTOS/tasks.o
 .text.prvTaskIsTaskSuspended
                0x0000000000002b00       0x50 ./Middlewares/FreeRTOS/tasks.o
 .text.prvAddCurrentTaskToDelayedList
                0x0000000000002b50       0xa6 ./Middlewares/FreeRTOS/tasks.o
 .text.prvIdleTask
                0x0000000000002bf6       0x6e ./Middlewares/FreeRTOS/tasks.o
 .text.xTaskCreate
                0x0000000000002c64      0x21a ./Middlewares/FreeRTOS/tasks.o
                0x0000000000002c64                xTaskCreate
 .text.vTaskDelete
                0x0000000000002e7e       0xd2 ./Middlewares/FreeRTOS/tasks.o
                0x0000000000002e7e                vTaskDelete
 .text.vTaskResume
                0x0000000000002f50       0xaa ./Middlewares/FreeRTOS/tasks.o
                0x0000000000002f50                vTaskResume
 .text.vTaskStartScheduler
                0x0000000000002ffa       0x92 ./Middlewares/FreeRTOS/tasks.o
                0x0000000000002ffa                vTaskStartScheduler
 .text.vTaskSuspendAll
                0x000000000000308c       0x10 ./Middlewares/FreeRTOS/tasks.o
                0x000000000000308c                vTaskSuspendAll
 .text.xTaskGetTickCount
                0x000000000000309c        0xa ./Middlewares/FreeRTOS/tasks.o
                0x000000000000309c                xTaskGetTickCount
 .text.xTaskIncrementTick
                0x00000000000030a6      0x1ac ./Middlewares/FreeRTOS/tasks.o
                0x00000000000030a6                xTaskIncrementTick
 .text.xTaskResumeAll
                0x0000000000003252      0x168 ./Middlewares/FreeRTOS/tasks.o
                0x0000000000003252                xTaskResumeAll
 .text.vTaskDelay
                0x00000000000033ba       0x66 ./Middlewares/FreeRTOS/tasks.o
                0x00000000000033ba                vTaskDelay
 .text.vTaskSwitchContext
                0x0000000000003420       0x9a ./Middlewares/FreeRTOS/tasks.o
                0x0000000000003420                vTaskSwitchContext
 .text.vTaskSuspend
                0x00000000000034ba       0xd2 ./Middlewares/FreeRTOS/tasks.o
                0x00000000000034ba                vTaskSuspend
 .text.vTaskPlaceOnEventList
                0x000000000000358c       0x48 ./Middlewares/FreeRTOS/tasks.o
                0x000000000000358c                vTaskPlaceOnEventList
 .text.vTaskPlaceOnEventListRestricted
                0x00000000000035d4       0x76 ./Middlewares/FreeRTOS/tasks.o
                0x00000000000035d4                vTaskPlaceOnEventListRestricted
 .text.xTaskRemoveFromEventList
                0x000000000000364a       0xec ./Middlewares/FreeRTOS/tasks.o
                0x000000000000364a                xTaskRemoveFromEventList
 .text.vTaskInternalSetTimeOutState
                0x0000000000003736       0x16 ./Middlewares/FreeRTOS/tasks.o
                0x0000000000003736                vTaskInternalSetTimeOutState
 .text.xTaskCheckForTimeOut
                0x000000000000374c       0xca ./Middlewares/FreeRTOS/tasks.o
                0x000000000000374c                xTaskCheckForTimeOut
 .text.vTaskMissedYield
                0x0000000000003816        0xc ./Middlewares/FreeRTOS/tasks.o
                0x0000000000003816                vTaskMissedYield
 .text.xTaskGetSchedulerState
                0x0000000000003822       0x1c ./Middlewares/FreeRTOS/tasks.o
                0x0000000000003822                xTaskGetSchedulerState
 .text.xTaskPriorityInherit
                0x000000000000383e       0xae ./Middlewares/FreeRTOS/tasks.o
                0x000000000000383e                xTaskPriorityInherit
 .text.xTaskPriorityDisinherit
                0x00000000000038ec       0xca ./Middlewares/FreeRTOS/tasks.o
                0x00000000000038ec                xTaskPriorityDisinherit
 .text.vTaskPriorityDisinheritAfterTimeout
                0x00000000000039b6       0xe6 ./Middlewares/FreeRTOS/tasks.o
                0x00000000000039b6                vTaskPriorityDisinheritAfterTimeout
 .text.pvTaskIncrementMutexHeldCount
                0x0000000000003a9c       0x1c ./Middlewares/FreeRTOS/tasks.o
                0x0000000000003a9c                pvTaskIncrementMutexHeldCount
 .text.prvCheckForValidListAndQueue
                0x0000000000003ab8       0x66 ./Middlewares/FreeRTOS/timers.o
 .text.prvInsertTimerInActiveList
                0x0000000000003b1e       0x46 ./Middlewares/FreeRTOS/timers.o
 .text.prvReloadTimer
                0x0000000000003b64       0x2a ./Middlewares/FreeRTOS/timers.o
 .text.prvProcessExpiredTimer
                0x0000000000003b8e       0x46 ./Middlewares/FreeRTOS/timers.o
 .text.prvSwitchTimerLists
                0x0000000000003bd4       0x30 ./Middlewares/FreeRTOS/timers.o
 .text.prvTimerTask
                0x0000000000003c04      0x198 ./Middlewares/FreeRTOS/timers.o
 .text.xTimerCreateTimerTask
                0x0000000000003d9c       0x60 ./Middlewares/FreeRTOS/timers.o
                0x0000000000003d9c                xTimerCreateTimerTask
 .text.USARTx_Init
                0x0000000000003dfc       0xfe ./Drivers/SYSTEM/usart/usart.o
                0x0000000000003dfc                USARTx_Init
 .text._write   0x0000000000003efa       0x3e ./Drivers/SYSTEM/usart/usart.o
                0x0000000000003efa                _write
 .text.USART1_IRQHandler
                0x0000000000003f38       0x58 ./Drivers/SYSTEM/usart/usart.o
                0x0000000000003f38                USART1_IRQHandler
 .text.USART2_IRQHandler
                0x0000000000003f90       0x52 ./Drivers/SYSTEM/usart/usart.o
                0x0000000000003f90                USART2_IRQHandler
 .text.delay_init
                0x0000000000003fe2       0x46 ./Drivers/SYSTEM/delay/delay.o
                0x0000000000003fe2                delay_init
 .text.delay_us
                0x0000000000004028       0x40 ./Drivers/SYSTEM/delay/delay.o
                0x0000000000004028                delay_us
 .text.delay_ms
                0x0000000000004068       0x1c ./Drivers/SYSTEM/delay/delay.o
                0x0000000000004068                delay_ms
 .text.vector_handler
                0x0000000000004084       0xbe ./Drivers/RISC_V/Startup/startup_ch32v30x_D8C.o
                0x0000000000004088                Ecall_M_Mode_Handler
                0x000000000000408a                Ecall_U_Mode_Handler
                0x000000000000408c                Break_Point_Handler
                0x0000000000004092                WWDG_IRQHandler
                0x0000000000004094                PVD_IRQHandler
                0x0000000000004096                TAMPER_IRQHandler
                0x0000000000004098                RTC_IRQHandler
                0x000000000000409a                FLASH_IRQHandler
                0x000000000000409c                RCC_IRQHandler
                0x000000000000409e                EXTI0_IRQHandler
                0x00000000000040a0                EXTI1_IRQHandler
                0x00000000000040a2                EXTI2_IRQHandler
                0x00000000000040a4                EXTI3_IRQHandler
                0x00000000000040a6                EXTI4_IRQHandler
                0x00000000000040a8                DMA1_Channel1_IRQHandler
                0x00000000000040aa                DMA1_Channel2_IRQHandler
                0x00000000000040ac                DMA1_Channel3_IRQHandler
                0x00000000000040ae                DMA1_Channel4_IRQHandler
                0x00000000000040b0                DMA1_Channel5_IRQHandler
                0x00000000000040b2                DMA1_Channel6_IRQHandler
                0x00000000000040b4                DMA1_Channel7_IRQHandler
                0x00000000000040b6                ADC1_2_IRQHandler
                0x00000000000040b8                USB_HP_CAN1_TX_IRQHandler
                0x00000000000040ba                USB_LP_CAN1_RX0_IRQHandler
                0x00000000000040bc                CAN1_RX1_IRQHandler
                0x00000000000040be                CAN1_SCE_IRQHandler
                0x00000000000040c0                EXTI9_5_IRQHandler
                0x00000000000040c2                TIM1_BRK_IRQHandler
                0x00000000000040c4                TIM1_UP_IRQHandler
                0x00000000000040c6                TIM1_TRG_COM_IRQHandler
                0x00000000000040c8                TIM1_CC_IRQHandler
                0x00000000000040ca                TIM2_IRQHandler
                0x00000000000040cc                TIM3_IRQHandler
                0x00000000000040ce                TIM4_IRQHandler
                0x00000000000040d0                I2C1_EV_IRQHandler
                0x00000000000040d2                I2C1_ER_IRQHandler
                0x00000000000040d4                I2C2_EV_IRQHandler
                0x00000000000040d6                I2C2_ER_IRQHandler
                0x00000000000040d8                SPI1_IRQHandler
                0x00000000000040da                SPI2_IRQHandler
                0x00000000000040e0                USART3_IRQHandler
                0x00000000000040e2                EXTI15_10_IRQHandler
                0x00000000000040e4                RTCAlarm_IRQHandler
                0x00000000000040e6                USBWakeUp_IRQHandler
                0x00000000000040e8                TIM8_BRK_IRQHandler
                0x00000000000040ea                TIM8_UP_IRQHandler
                0x00000000000040ec                TIM8_TRG_COM_IRQHandler
                0x00000000000040ee                TIM8_CC_IRQHandler
                0x00000000000040f0                RNG_IRQHandler
                0x00000000000040f2                FSMC_IRQHandler
                0x00000000000040f4                SDIO_IRQHandler
                0x00000000000040f6                TIM5_IRQHandler
                0x00000000000040f8                SPI3_IRQHandler
                0x00000000000040fa                UART4_IRQHandler
                0x00000000000040fc                UART5_IRQHandler
                0x00000000000040fe                TIM6_IRQHandler
                0x0000000000004100                TIM7_IRQHandler
                0x0000000000004102                DMA2_Channel1_IRQHandler
                0x0000000000004104                DMA2_Channel2_IRQHandler
                0x0000000000004106                DMA2_Channel3_IRQHandler
                0x0000000000004108                DMA2_Channel4_IRQHandler
                0x000000000000410a                DMA2_Channel5_IRQHandler
                0x000000000000410c                ETH_IRQHandler
                0x000000000000410e                ETH_WKUP_IRQHandler
                0x0000000000004110                CAN2_TX_IRQHandler
                0x0000000000004112                CAN2_RX0_IRQHandler
                0x0000000000004114                CAN2_RX1_IRQHandler
                0x0000000000004116                CAN2_SCE_IRQHandler
                0x0000000000004118                OTG_FS_IRQHandler
                0x000000000000411a                USBHSWakeup_IRQHandler
                0x000000000000411c                USBHS_IRQHandler
                0x000000000000411e                DVP_IRQHandler
                0x0000000000004120                UART6_IRQHandler
                0x0000000000004122                UART7_IRQHandler
                0x0000000000004124                UART8_IRQHandler
                0x0000000000004126                TIM9_BRK_IRQHandler
                0x0000000000004128                TIM9_UP_IRQHandler
                0x000000000000412a                TIM9_TRG_COM_IRQHandler
                0x000000000000412c                TIM9_CC_IRQHandler
                0x000000000000412e                TIM10_BRK_IRQHandler
                0x0000000000004130                TIM10_UP_IRQHandler
                0x0000000000004132                TIM10_TRG_COM_IRQHandler
                0x0000000000004134                TIM10_CC_IRQHandler
                0x0000000000004136                DMA2_Channel6_IRQHandler
                0x0000000000004138                DMA2_Channel7_IRQHandler
                0x000000000000413a                DMA2_Channel8_IRQHandler
                0x000000000000413c                DMA2_Channel9_IRQHandler
                0x000000000000413e                DMA2_Channel10_IRQHandler
                0x0000000000004140                DMA2_Channel11_IRQHandler
 .text.handle_reset
                0x0000000000004142       0x92 ./Drivers/RISC_V/Startup/startup_ch32v30x_D8C.o
                0x0000000000004142                handle_reset
 .text.FSMC_NORSRAMInit
                0x00000000000041d4       0xba ./Drivers/CH32V30x_Driver/src/ch32v30x_fsmc.o
                0x00000000000041d4                FSMC_NORSRAMInit
 .text.FSMC_NORSRAMCmd
                0x000000000000428e       0x1e ./Drivers/CH32V30x_Driver/src/ch32v30x_fsmc.o
                0x000000000000428e                FSMC_NORSRAMCmd
 .text.GPIO_Init
                0x00000000000042ac       0xc0 ./Drivers/CH32V30x_Driver/src/ch32v30x_gpio.o
                0x00000000000042ac                GPIO_Init
 .text.GPIO_ReadInputDataBit
                0x000000000000436c        0xa ./Drivers/CH32V30x_Driver/src/ch32v30x_gpio.o
                0x000000000000436c                GPIO_ReadInputDataBit
 .text.GPIO_SetBits
                0x0000000000004376        0x4 ./Drivers/CH32V30x_Driver/src/ch32v30x_gpio.o
                0x0000000000004376                GPIO_SetBits
 .text.GPIO_ResetBits
                0x000000000000437a        0x4 ./Drivers/CH32V30x_Driver/src/ch32v30x_gpio.o
                0x000000000000437a                GPIO_ResetBits
 .text.GPIO_WriteBit
                0x000000000000437e        0xa ./Drivers/CH32V30x_Driver/src/ch32v30x_gpio.o
                0x000000000000437e                GPIO_WriteBit
 .text.NVIC_PriorityGroupConfig
                0x0000000000004388        0xa ./Drivers/CH32V30x_Driver/src/ch32v30x_misc.o
                0x0000000000004388                NVIC_PriorityGroupConfig
 .text.NVIC_Init
                0x0000000000004392       0xaa ./Drivers/CH32V30x_Driver/src/ch32v30x_misc.o
                0x0000000000004392                NVIC_Init
 .text.RCC_GetClocksFreq
                0x000000000000443c      0x176 ./Drivers/CH32V30x_Driver/src/ch32v30x_rcc.o
                0x000000000000443c                RCC_GetClocksFreq
 .text.RCC_AHBPeriphClockCmd
                0x00000000000045b2       0x1e ./Drivers/CH32V30x_Driver/src/ch32v30x_rcc.o
                0x00000000000045b2                RCC_AHBPeriphClockCmd
 .text.RCC_APB2PeriphClockCmd
                0x00000000000045d0       0x1e ./Drivers/CH32V30x_Driver/src/ch32v30x_rcc.o
                0x00000000000045d0                RCC_APB2PeriphClockCmd
 .text.RCC_APB1PeriphClockCmd
                0x00000000000045ee       0x1e ./Drivers/CH32V30x_Driver/src/ch32v30x_rcc.o
                0x00000000000045ee                RCC_APB1PeriphClockCmd
 .text.USART_Init
                0x000000000000460c       0xbc ./Drivers/CH32V30x_Driver/src/ch32v30x_usart.o
                0x000000000000460c                USART_Init
 .text.USART_Cmd
                0x00000000000046c8       0x16 ./Drivers/CH32V30x_Driver/src/ch32v30x_usart.o
                0x00000000000046c8                USART_Cmd
 .text.USART_ITConfig
                0x00000000000046de       0x36 ./Drivers/CH32V30x_Driver/src/ch32v30x_usart.o
                0x00000000000046de                USART_ITConfig
 .text.USART_SendData
                0x0000000000004714        0x8 ./Drivers/CH32V30x_Driver/src/ch32v30x_usart.o
                0x0000000000004714                USART_SendData
 .text.USART_ReceiveData
                0x000000000000471c        0x8 ./Drivers/CH32V30x_Driver/src/ch32v30x_usart.o
                0x000000000000471c                USART_ReceiveData
 .text.USART_GetFlagStatus
                0x0000000000004724        0xa ./Drivers/CH32V30x_Driver/src/ch32v30x_usart.o
                0x0000000000004724                USART_GetFlagStatus
 .text.USART_GetITStatus
                0x000000000000472e       0x3c ./Drivers/CH32V30x_Driver/src/ch32v30x_usart.o
                0x000000000000472e                USART_GetITStatus
 .text.USART_ClearITPendingBit
                0x000000000000476a       0x14 ./Drivers/CH32V30x_Driver/src/ch32v30x_usart.o
                0x000000000000476a                USART_ClearITPendingBit
 .text.LCD_Reset_GPIO_Init
                0x000000000000477e       0x3e ./Drivers/BSP/LCD/lcd.o
                0x000000000000477e                LCD_Reset_GPIO_Init
 .text.LCD_RD_DATA
                0x00000000000047bc       0x16 ./Drivers/BSP/LCD/lcd.o
                0x00000000000047bc                LCD_RD_DATA
 .text.LCD_ReadReg
                0x00000000000047d2       0x1a ./Drivers/BSP/LCD/lcd.o
                0x00000000000047d2                LCD_ReadReg
 .text.LCD_WriteRAM_Prepare
                0x00000000000047ec       0x12 ./Drivers/BSP/LCD/lcd.o
                0x00000000000047ec                LCD_WriteRAM_Prepare
 .text.LCD_SetCursor
                0x00000000000047fe       0x48 ./Drivers/BSP/LCD/lcd.o
                0x00000000000047fe                LCD_SetCursor
 .text.LCD_Scan_Dir
                0x0000000000004846       0xac ./Drivers/BSP/LCD/lcd.o
                0x0000000000004846                LCD_Scan_Dir
 .text.LCD_Display_Dir
                0x00000000000048f2       0x44 ./Drivers/BSP/LCD/lcd.o
                0x00000000000048f2                LCD_Display_Dir
 .text.LCD_Clear
                0x0000000000004936       0x36 ./Drivers/BSP/LCD/lcd.o
                0x0000000000004936                LCD_Clear
 .text.LCD_Init
                0x000000000000496c     0x1530 ./Drivers/BSP/LCD/lcd.o
                0x000000000000496c                LCD_Init
 .text.LCD_Fast_DrawPoint
                0x0000000000005e9c       0x64 ./Drivers/BSP/LCD/lcd.o
                0x0000000000005e9c                LCD_Fast_DrawPoint
 .text.LCD_ShowChar
                0x0000000000005f00      0x148 ./Drivers/BSP/LCD/lcd.o
                0x0000000000005f00                LCD_ShowChar
 .text.LCD_ShowString
                0x0000000000006048       0x6a ./Drivers/BSP/LCD/lcd.o
                0x0000000000006048                LCD_ShowString
 .text.LCD_Color_Fill
                0x00000000000060b2       0x60 ./Drivers/BSP/LCD/lcd.o
                0x00000000000060b2                LCD_Color_Fill
 .text.LCD_DrawLine
                0x0000000000006112       0x82 ./Drivers/BSP/LCD/lcd.o
                0x0000000000006112                LCD_DrawLine
 .text.LCD_DrawRectangle
                0x0000000000006194       0x3a ./Drivers/BSP/LCD/lcd.o
                0x0000000000006194                LCD_DrawRectangle
 .text.LCD_Draw_Circle
                0x00000000000061ce       0xf0 ./Drivers/BSP/LCD/lcd.o
                0x00000000000061ce                LCD_Draw_Circle
 .text.key_init
                0x00000000000062be       0x34 ./Drivers/BSP/KEY/key.o
                0x00000000000062be                key_init
 .text.key_scan
                0x00000000000062f2      0x15c ./Drivers/BSP/KEY/key.o
                0x00000000000062f2                key_scan
 .text.__fixunssfsi
                0x000000000000644e       0x56 d:/mounriver/mounriver_studio/toolchain/risc-v embedded gcc/bin/../lib/gcc/riscv-none-embed/8.2.0/rv32imacxw/ilp32\libgcc.a(fixunssfsi.o)
                0x000000000000644e                __fixunssfsi
 .text.exit     0x00000000000064a4       0x2e d:/mounriver/mounriver_studio/toolchain/risc-v embedded gcc/bin/../lib/gcc/riscv-none-embed/8.2.0/../../../../riscv-none-embed/lib/rv32imacxw/ilp32\libg_nano.a(lib_a-exit.o)
                0x00000000000064a4                exit
 .text._fputs_r
                0x00000000000064d2       0xb0 d:/mounriver/mounriver_studio/toolchain/risc-v embedded gcc/bin/../lib/gcc/riscv-none-embed/8.2.0/../../../../riscv-none-embed/lib/rv32imacxw/ilp32\libg_nano.a(lib_a-fputs.o)
                0x00000000000064d2                _fputs_r
 .text.fputs    0x0000000000006582        0xe d:/mounriver/mounriver_studio/toolchain/risc-v embedded gcc/bin/../lib/gcc/riscv-none-embed/8.2.0/../../../../riscv-none-embed/lib/rv32imacxw/ilp32\libg_nano.a(lib_a-fputs.o)
                0x0000000000006582                fputs
 .text.__locale_ctype_ptr_l
                0x0000000000006590        0x6 d:/mounriver/mounriver_studio/toolchain/risc-v embedded gcc/bin/../lib/gcc/riscv-none-embed/8.2.0/../../../../riscv-none-embed/lib/rv32imacxw/ilp32\libg_nano.a(lib_a-locale.o)
                0x0000000000006590                __locale_ctype_ptr_l
 .text.__locale_ctype_ptr
                0x0000000000006596       0x18 d:/mounriver/mounriver_studio/toolchain/risc-v embedded gcc/bin/../lib/gcc/riscv-none-embed/8.2.0/../../../../riscv-none-embed/lib/rv32imacxw/ilp32\libg_nano.a(lib_a-locale.o)
                0x0000000000006596                __locale_ctype_ptr
 .text.malloc   0x00000000000065ae        0xa d:/mounriver/mounriver_studio/toolchain/risc-v embedded gcc/bin/../lib/gcc/riscv-none-embed/8.2.0/../../../../riscv-none-embed/lib/rv32imacxw/ilp32\libg_nano.a(lib_a-malloc.o)
                0x00000000000065ae                malloc
 .text.free     0x00000000000065b8        0xa d:/mounriver/mounriver_studio/toolchain/risc-v embedded gcc/bin/../lib/gcc/riscv-none-embed/8.2.0/../../../../riscv-none-embed/lib/rv32imacxw/ilp32\libg_nano.a(lib_a-malloc.o)
                0x00000000000065b8                free
 .text.__ascii_mbtowc
                0x00000000000065c2       0x32 d:/mounriver/mounriver_studio/toolchain/risc-v embedded gcc/bin/../lib/gcc/riscv-none-embed/8.2.0/../../../../riscv-none-embed/lib/rv32imacxw/ilp32\libg_nano.a(lib_a-mbtowc_r.o)
                0x00000000000065c2                __ascii_mbtowc
 .text.memcpy   0x00000000000065f4       0xb2 d:/mounriver/mounriver_studio/toolchain/risc-v embedded gcc/bin/../lib/gcc/riscv-none-embed/8.2.0/../../../../riscv-none-embed/lib/rv32imacxw/ilp32\libg_nano.a(lib_a-memcpy.o)
                0x00000000000065f4                memcpy
 .text._free_r  0x00000000000066a6       0xb0 d:/mounriver/mounriver_studio/toolchain/risc-v embedded gcc/bin/../lib/gcc/riscv-none-embed/8.2.0/../../../../riscv-none-embed/lib/rv32imacxw/ilp32\libg_nano.a(lib_a-nano-freer.o)
                0x00000000000066a6                _free_r
 .text._malloc_r
                0x0000000000006756       0xea d:/mounriver/mounriver_studio/toolchain/risc-v embedded gcc/bin/../lib/gcc/riscv-none-embed/8.2.0/../../../../riscv-none-embed/lib/rv32imacxw/ilp32\libg_nano.a(lib_a-nano-mallocr.o)
                0x0000000000006756                _malloc_r
 .text.__cvt    0x0000000000006840       0xea d:/mounriver/mounriver_studio/toolchain/risc-v embedded gcc/bin/../lib/gcc/riscv-none-embed/8.2.0/../../../../riscv-none-embed/lib/rv32imacxw/ilp32\libg_nano.a(lib_a-nano-vfprintf_float.o)
                0x0000000000006840                __cvt
 .text.__exponent
                0x000000000000692a       0x84 d:/mounriver/mounriver_studio/toolchain/risc-v embedded gcc/bin/../lib/gcc/riscv-none-embed/8.2.0/../../../../riscv-none-embed/lib/rv32imacxw/ilp32\libg_nano.a(lib_a-nano-vfprintf_float.o)
                0x000000000000692a                __exponent
 .text._printf_float
                0x00000000000069ae      0x4c4 d:/mounriver/mounriver_studio/toolchain/risc-v embedded gcc/bin/../lib/gcc/riscv-none-embed/8.2.0/../../../../riscv-none-embed/lib/rv32imacxw/ilp32\libg_nano.a(lib_a-nano-vfprintf_float.o)
                0x00000000000069ae                _printf_float
 .text._printf_common
                0x0000000000006e72      0x10c d:/mounriver/mounriver_studio/toolchain/risc-v embedded gcc/bin/../lib/gcc/riscv-none-embed/8.2.0/../../../../riscv-none-embed/lib/rv32imacxw/ilp32\libg_nano.a(lib_a-nano-vfprintf_i.o)
                0x0000000000006e72                _printf_common
 .text._printf_i
                0x0000000000006f7e      0x2a4 d:/mounriver/mounriver_studio/toolchain/risc-v embedded gcc/bin/../lib/gcc/riscv-none-embed/8.2.0/../../../../riscv-none-embed/lib/rv32imacxw/ilp32\libg_nano.a(lib_a-nano-vfprintf_i.o)
                0x0000000000006f7e                _printf_i
 .text.printf   0x0000000000007222       0x42 d:/mounriver/mounriver_studio/toolchain/risc-v embedded gcc/bin/../lib/gcc/riscv-none-embed/8.2.0/../../../../riscv-none-embed/lib/rv32imacxw/ilp32\libg_nano.a(lib_a-printf.o)
                0x0000000000007222                iprintf
                0x0000000000007222                printf
 .text._puts_r  0x0000000000007264       0xde d:/mounriver/mounriver_studio/toolchain/risc-v embedded gcc/bin/../lib/gcc/riscv-none-embed/8.2.0/../../../../riscv-none-embed/lib/rv32imacxw/ilp32\libg_nano.a(lib_a-puts.o)
                0x0000000000007264                _puts_r
 .text.puts     0x0000000000007342        0xc d:/mounriver/mounriver_studio/toolchain/risc-v embedded gcc/bin/../lib/gcc/riscv-none-embed/8.2.0/../../../../riscv-none-embed/lib/rv32imacxw/ilp32\libg_nano.a(lib_a-puts.o)
                0x0000000000007342                puts
 .text._sbrk_r  0x000000000000734e       0x32 d:/mounriver/mounriver_studio/toolchain/risc-v embedded gcc/bin/../lib/gcc/riscv-none-embed/8.2.0/../../../../riscv-none-embed/lib/rv32imacxw/ilp32\libg_nano.a(lib_a-sbrkr.o)
                0x000000000000734e                _sbrk_r
 .text.snprintf
                0x0000000000007380       0x6c d:/mounriver/mounriver_studio/toolchain/risc-v embedded gcc/bin/../lib/gcc/riscv-none-embed/8.2.0/../../../../riscv-none-embed/lib/rv32imacxw/ilp32\libg_nano.a(lib_a-snprintf.o)
                0x0000000000007380                sniprintf
                0x0000000000007380                snprintf
 .text.strlen   0x00000000000073ec       0x12 d:/mounriver/mounriver_studio/toolchain/risc-v embedded gcc/bin/../lib/gcc/riscv-none-embed/8.2.0/../../../../riscv-none-embed/lib/rv32imacxw/ilp32\libg_nano.a(lib_a-strlen.o)
                0x00000000000073ec                strlen
 .text.strncpy  0x00000000000073fe       0x24 d:/mounriver/mounriver_studio/toolchain/risc-v embedded gcc/bin/../lib/gcc/riscv-none-embed/8.2.0/../../../../riscv-none-embed/lib/rv32imacxw/ilp32\libg_nano.a(lib_a-strncpy.o)
                0x00000000000073fe                strncpy
 .text.strstr   0x0000000000007422       0x34 d:/mounriver/mounriver_studio/toolchain/risc-v embedded gcc/bin/../lib/gcc/riscv-none-embed/8.2.0/../../../../riscv-none-embed/lib/rv32imacxw/ilp32\libg_nano.a(lib_a-strstr.o)
                0x0000000000007422                strstr
 .text.sulp     0x0000000000007456       0x4e d:/mounriver/mounriver_studio/toolchain/risc-v embedded gcc/bin/../lib/gcc/riscv-none-embed/8.2.0/../../../../riscv-none-embed/lib/rv32imacxw/ilp32\libg_nano.a(lib_a-strtod.o)
 .text._strtod_l
                0x00000000000074a4      0xc6c d:/mounriver/mounriver_studio/toolchain/risc-v embedded gcc/bin/../lib/gcc/riscv-none-embed/8.2.0/../../../../riscv-none-embed/lib/rv32imacxw/ilp32\libg_nano.a(lib_a-strtod.o)
                0x00000000000074a4                _strtod_l
 .text.strtof   0x0000000000008110       0xe4 d:/mounriver/mounriver_studio/toolchain/risc-v embedded gcc/bin/../lib/gcc/riscv-none-embed/8.2.0/../../../../riscv-none-embed/lib/rv32imacxw/ilp32\libg_nano.a(lib_a-strtod.o)
                0x0000000000008110                strtof
 .text._strtol_l.isra.0
                0x00000000000081f4      0x13a d:/mounriver/mounriver_studio/toolchain/risc-v embedded gcc/bin/../lib/gcc/riscv-none-embed/8.2.0/../../../../riscv-none-embed/lib/rv32imacxw/ilp32\libg_nano.a(lib_a-strtol.o)
 .text.strtol   0x000000000000832e       0x1e d:/mounriver/mounriver_studio/toolchain/risc-v embedded gcc/bin/../lib/gcc/riscv-none-embed/8.2.0/../../../../riscv-none-embed/lib/rv32imacxw/ilp32\libg_nano.a(lib_a-strtol.o)
                0x000000000000832e                strtol
 .text.__swbuf_r
                0x000000000000834c       0xc2 d:/mounriver/mounriver_studio/toolchain/risc-v embedded gcc/bin/../lib/gcc/riscv-none-embed/8.2.0/../../../../riscv-none-embed/lib/rv32imacxw/ilp32\libg_nano.a(lib_a-wbuf.o)
                0x000000000000834c                __swbuf_r
 .text.__ascii_wctomb
                0x000000000000840e       0x1e d:/mounriver/mounriver_studio/toolchain/risc-v embedded gcc/bin/../lib/gcc/riscv-none-embed/8.2.0/../../../../riscv-none-embed/lib/rv32imacxw/ilp32\libg_nano.a(lib_a-wctomb_r.o)
                0x000000000000840e                __ascii_wctomb
 .text.__swsetup_r
                0x000000000000842c      0x102 d:/mounriver/mounriver_studio/toolchain/risc-v embedded gcc/bin/../lib/gcc/riscv-none-embed/8.2.0/../../../../riscv-none-embed/lib/rv32imacxw/ilp32\libg_nano.a(lib_a-wsetup.o)
                0x000000000000842c                __swsetup_r
 .text.quorem   0x000000000000852e      0x13a d:/mounriver/mounriver_studio/toolchain/risc-v embedded gcc/bin/../lib/gcc/riscv-none-embed/8.2.0/../../../../riscv-none-embed/lib/rv32imacxw/ilp32\libg_nano.a(lib_a-dtoa.o)
 .text._dtoa_r  0x0000000000008668      0xc16 d:/mounriver/mounriver_studio/toolchain/risc-v embedded gcc/bin/../lib/gcc/riscv-none-embed/8.2.0/../../../../riscv-none-embed/lib/rv32imacxw/ilp32\libg_nano.a(lib_a-dtoa.o)
                0x0000000000008668                _dtoa_r
 .text.__sflush_r
                0x000000000000927e      0x132 d:/mounriver/mounriver_studio/toolchain/risc-v embedded gcc/bin/../lib/gcc/riscv-none-embed/8.2.0/../../../../riscv-none-embed/lib/rv32imacxw/ilp32\libg_nano.a(lib_a-fflush.o)
                0x000000000000927e                __sflush_r
 .text._fflush_r
                0x00000000000093b0       0x66 d:/mounriver/mounriver_studio/toolchain/risc-v embedded gcc/bin/../lib/gcc/riscv-none-embed/8.2.0/../../../../riscv-none-embed/lib/rv32imacxw/ilp32\libg_nano.a(lib_a-fflush.o)
                0x00000000000093b0                _fflush_r
 .text.std      0x0000000000009416       0x66 d:/mounriver/mounriver_studio/toolchain/risc-v embedded gcc/bin/../lib/gcc/riscv-none-embed/8.2.0/../../../../riscv-none-embed/lib/rv32imacxw/ilp32\libg_nano.a(lib_a-findfp.o)
 .text._cleanup_r
                0x000000000000947c        0xa d:/mounriver/mounriver_studio/toolchain/risc-v embedded gcc/bin/../lib/gcc/riscv-none-embed/8.2.0/../../../../riscv-none-embed/lib/rv32imacxw/ilp32\libg_nano.a(lib_a-findfp.o)
                0x000000000000947c                _cleanup_r
 .text.__sfmoreglue
                0x0000000000009486       0x48 d:/mounriver/mounriver_studio/toolchain/risc-v embedded gcc/bin/../lib/gcc/riscv-none-embed/8.2.0/../../../../riscv-none-embed/lib/rv32imacxw/ilp32\libg_nano.a(lib_a-findfp.o)
                0x0000000000009486                __sfmoreglue
 .text.__sinit  0x00000000000094ce       0x6c d:/mounriver/mounriver_studio/toolchain/risc-v embedded gcc/bin/../lib/gcc/riscv-none-embed/8.2.0/../../../../riscv-none-embed/lib/rv32imacxw/ilp32\libg_nano.a(lib_a-findfp.o)
                0x00000000000094ce                __sinit
 .text.__sfp    0x000000000000953a       0xa0 d:/mounriver/mounriver_studio/toolchain/risc-v embedded gcc/bin/../lib/gcc/riscv-none-embed/8.2.0/../../../../riscv-none-embed/lib/rv32imacxw/ilp32\libg_nano.a(lib_a-findfp.o)
                0x000000000000953a                __sfp
 .text._fwalk_reent
                0x00000000000095da       0x6a d:/mounriver/mounriver_studio/toolchain/risc-v embedded gcc/bin/../lib/gcc/riscv-none-embed/8.2.0/../../../../riscv-none-embed/lib/rv32imacxw/ilp32\libg_nano.a(lib_a-fwalk.o)
                0x00000000000095da                _fwalk_reent
 .text.rshift   0x0000000000009644       0x76 d:/mounriver/mounriver_studio/toolchain/risc-v embedded gcc/bin/../lib/gcc/riscv-none-embed/8.2.0/../../../../riscv-none-embed/lib/rv32imacxw/ilp32\libg_nano.a(lib_a-gdtoa-gethex.o)
 .text.__hexdig_fun
                0x00000000000096ba       0x40 d:/mounriver/mounriver_studio/toolchain/risc-v embedded gcc/bin/../lib/gcc/riscv-none-embed/8.2.0/../../../../riscv-none-embed/lib/rv32imacxw/ilp32\libg_nano.a(lib_a-gdtoa-gethex.o)
                0x00000000000096ba                __hexdig_fun
 .text.__gethex
                0x00000000000096fa      0x4cc d:/mounriver/mounriver_studio/toolchain/risc-v embedded gcc/bin/../lib/gcc/riscv-none-embed/8.2.0/../../../../riscv-none-embed/lib/rv32imacxw/ilp32\libg_nano.a(lib_a-gdtoa-gethex.o)
                0x00000000000096fa                __gethex
 .text.L_shift  0x0000000000009bc6       0x2c d:/mounriver/mounriver_studio/toolchain/risc-v embedded gcc/bin/../lib/gcc/riscv-none-embed/8.2.0/../../../../riscv-none-embed/lib/rv32imacxw/ilp32\libg_nano.a(lib_a-gdtoa-hexnan.o)
 .text.__match  0x0000000000009bf2       0x2e d:/mounriver/mounriver_studio/toolchain/risc-v embedded gcc/bin/../lib/gcc/riscv-none-embed/8.2.0/../../../../riscv-none-embed/lib/rv32imacxw/ilp32\libg_nano.a(lib_a-gdtoa-hexnan.o)
                0x0000000000009bf2                __match
 .text.__hexnan
                0x0000000000009c20      0x15e d:/mounriver/mounriver_studio/toolchain/risc-v embedded gcc/bin/../lib/gcc/riscv-none-embed/8.2.0/../../../../riscv-none-embed/lib/rv32imacxw/ilp32\libg_nano.a(lib_a-gdtoa-hexnan.o)
                0x0000000000009c20                __hexnan
 .text.__localeconv_l
                0x0000000000009d7e        0x6 d:/mounriver/mounriver_studio/toolchain/risc-v embedded gcc/bin/../lib/gcc/riscv-none-embed/8.2.0/../../../../riscv-none-embed/lib/rv32imacxw/ilp32\libg_nano.a(lib_a-localeconv.o)
                0x0000000000009d7e                __localeconv_l
 .text._localeconv_r
                0x0000000000009d84       0x18 d:/mounriver/mounriver_studio/toolchain/risc-v embedded gcc/bin/../lib/gcc/riscv-none-embed/8.2.0/../../../../riscv-none-embed/lib/rv32imacxw/ilp32\libg_nano.a(lib_a-localeconv.o)
                0x0000000000009d84                _localeconv_r
 .text.__swhatbuf_r
                0x0000000000009d9c       0x58 d:/mounriver/mounriver_studio/toolchain/risc-v embedded gcc/bin/../lib/gcc/riscv-none-embed/8.2.0/../../../../riscv-none-embed/lib/rv32imacxw/ilp32\libg_nano.a(lib_a-makebuf.o)
                0x0000000000009d9c                __swhatbuf_r
 .text.__smakebuf_r
                0x0000000000009df4       0x94 d:/mounriver/mounriver_studio/toolchain/risc-v embedded gcc/bin/../lib/gcc/riscv-none-embed/8.2.0/../../../../riscv-none-embed/lib/rv32imacxw/ilp32\libg_nano.a(lib_a-makebuf.o)
                0x0000000000009df4                __smakebuf_r
 .text.memchr   0x0000000000009e88       0x18 d:/mounriver/mounriver_studio/toolchain/risc-v embedded gcc/bin/../lib/gcc/riscv-none-embed/8.2.0/../../../../riscv-none-embed/lib/rv32imacxw/ilp32\libg_nano.a(lib_a-memchr.o)
                0x0000000000009e88                memchr
 .text.__malloc_lock
                0x0000000000009ea0        0x2 d:/mounriver/mounriver_studio/toolchain/risc-v embedded gcc/bin/../lib/gcc/riscv-none-embed/8.2.0/../../../../riscv-none-embed/lib/rv32imacxw/ilp32\libg_nano.a(lib_a-mlock.o)
                0x0000000000009ea0                __malloc_lock
 .text.__malloc_unlock
                0x0000000000009ea2        0x2 d:/mounriver/mounriver_studio/toolchain/risc-v embedded gcc/bin/../lib/gcc/riscv-none-embed/8.2.0/../../../../riscv-none-embed/lib/rv32imacxw/ilp32\libg_nano.a(lib_a-mlock.o)
                0x0000000000009ea2                __malloc_unlock
 .text._Balloc  0x0000000000009ea4       0x8c d:/mounriver/mounriver_studio/toolchain/risc-v embedded gcc/bin/../lib/gcc/riscv-none-embed/8.2.0/../../../../riscv-none-embed/lib/rv32imacxw/ilp32\libg_nano.a(lib_a-mprec.o)
                0x0000000000009ea4                _Balloc
 .text._Bfree   0x0000000000009f30       0x44 d:/mounriver/mounriver_studio/toolchain/risc-v embedded gcc/bin/../lib/gcc/riscv-none-embed/8.2.0/../../../../riscv-none-embed/lib/rv32imacxw/ilp32\libg_nano.a(lib_a-mprec.o)
                0x0000000000009f30                _Bfree
 .text.__multadd
                0x0000000000009f74       0x98 d:/mounriver/mounriver_studio/toolchain/risc-v embedded gcc/bin/../lib/gcc/riscv-none-embed/8.2.0/../../../../riscv-none-embed/lib/rv32imacxw/ilp32\libg_nano.a(lib_a-mprec.o)
                0x0000000000009f74                __multadd
 .text.__s2b    0x000000000000a00c       0xa4 d:/mounriver/mounriver_studio/toolchain/risc-v embedded gcc/bin/../lib/gcc/riscv-none-embed/8.2.0/../../../../riscv-none-embed/lib/rv32imacxw/ilp32\libg_nano.a(lib_a-mprec.o)
                0x000000000000a00c                __s2b
 .text.__hi0bits
                0x000000000000a0b0       0x46 d:/mounriver/mounriver_studio/toolchain/risc-v embedded gcc/bin/../lib/gcc/riscv-none-embed/8.2.0/../../../../riscv-none-embed/lib/rv32imacxw/ilp32\libg_nano.a(lib_a-mprec.o)
                0x000000000000a0b0                __hi0bits
 .text.__lo0bits
                0x000000000000a0f6       0x6a d:/mounriver/mounriver_studio/toolchain/risc-v embedded gcc/bin/../lib/gcc/riscv-none-embed/8.2.0/../../../../riscv-none-embed/lib/rv32imacxw/ilp32\libg_nano.a(lib_a-mprec.o)
                0x000000000000a0f6                __lo0bits
 .text.__i2b    0x000000000000a160       0x1c d:/mounriver/mounriver_studio/toolchain/risc-v embedded gcc/bin/../lib/gcc/riscv-none-embed/8.2.0/../../../../riscv-none-embed/lib/rv32imacxw/ilp32\libg_nano.a(lib_a-mprec.o)
                0x000000000000a160                __i2b
 .text.__multiply
                0x000000000000a17c      0x144 d:/mounriver/mounriver_studio/toolchain/risc-v embedded gcc/bin/../lib/gcc/riscv-none-embed/8.2.0/../../../../riscv-none-embed/lib/rv32imacxw/ilp32\libg_nano.a(lib_a-mprec.o)
                0x000000000000a17c                __multiply
 .text.__pow5mult
                0x000000000000a2c0       0xbe d:/mounriver/mounriver_studio/toolchain/risc-v embedded gcc/bin/../lib/gcc/riscv-none-embed/8.2.0/../../../../riscv-none-embed/lib/rv32imacxw/ilp32\libg_nano.a(lib_a-mprec.o)
                0x000000000000a2c0                __pow5mult
 .text.__lshift
                0x000000000000a37e       0xce d:/mounriver/mounriver_studio/toolchain/risc-v embedded gcc/bin/../lib/gcc/riscv-none-embed/8.2.0/../../../../riscv-none-embed/lib/rv32imacxw/ilp32\libg_nano.a(lib_a-mprec.o)
                0x000000000000a37e                __lshift
 .text.__mcmp   0x000000000000a44c       0x32 d:/mounriver/mounriver_studio/toolchain/risc-v embedded gcc/bin/../lib/gcc/riscv-none-embed/8.2.0/../../../../riscv-none-embed/lib/rv32imacxw/ilp32\libg_nano.a(lib_a-mprec.o)
                0x000000000000a44c                __mcmp
 .text.__mdiff  0x000000000000a47e       0xf2 d:/mounriver/mounriver_studio/toolchain/risc-v embedded gcc/bin/../lib/gcc/riscv-none-embed/8.2.0/../../../../riscv-none-embed/lib/rv32imacxw/ilp32\libg_nano.a(lib_a-mprec.o)
                0x000000000000a47e                __mdiff
 .text.__ulp    0x000000000000a570       0x46 d:/mounriver/mounriver_studio/toolchain/risc-v embedded gcc/bin/../lib/gcc/riscv-none-embed/8.2.0/../../../../riscv-none-embed/lib/rv32imacxw/ilp32\libg_nano.a(lib_a-mprec.o)
                0x000000000000a570                __ulp
 .text.__b2d    0x000000000000a5b6       0xb4 d:/mounriver/mounriver_studio/toolchain/risc-v embedded gcc/bin/../lib/gcc/riscv-none-embed/8.2.0/../../../../riscv-none-embed/lib/rv32imacxw/ilp32\libg_nano.a(lib_a-mprec.o)
                0x000000000000a5b6                __b2d
 .text.__d2b    0x000000000000a66a       0xd4 d:/mounriver/mounriver_studio/toolchain/risc-v embedded gcc/bin/../lib/gcc/riscv-none-embed/8.2.0/../../../../riscv-none-embed/lib/rv32imacxw/ilp32\libg_nano.a(lib_a-mprec.o)
                0x000000000000a66a                __d2b
 .text.__ratio  0x000000000000a73e       0x74 d:/mounriver/mounriver_studio/toolchain/risc-v embedded gcc/bin/../lib/gcc/riscv-none-embed/8.2.0/../../../../riscv-none-embed/lib/rv32imacxw/ilp32\libg_nano.a(lib_a-mprec.o)
                0x000000000000a73e                __ratio
 .text.__copybits
                0x000000000000a7b2       0x36 d:/mounriver/mounriver_studio/toolchain/risc-v embedded gcc/bin/../lib/gcc/riscv-none-embed/8.2.0/../../../../riscv-none-embed/lib/rv32imacxw/ilp32\libg_nano.a(lib_a-mprec.o)
                0x000000000000a7b2                __copybits
 .text.__any_on
                0x000000000000a7e8       0x46 d:/mounriver/mounriver_studio/toolchain/risc-v embedded gcc/bin/../lib/gcc/riscv-none-embed/8.2.0/../../../../riscv-none-embed/lib/rv32imacxw/ilp32\libg_nano.a(lib_a-mprec.o)
                0x000000000000a7e8                __any_on
 .text._calloc_r
                0x000000000000a82e       0x28 d:/mounriver/mounriver_studio/toolchain/risc-v embedded gcc/bin/../lib/gcc/riscv-none-embed/8.2.0/../../../../riscv-none-embed/lib/rv32imacxw/ilp32\libg_nano.a(lib_a-nano-callocr.o)
                0x000000000000a82e                _calloc_r
 .text.__ssputs_r
                0x000000000000a856       0xe2 d:/mounriver/mounriver_studio/toolchain/risc-v embedded gcc/bin/../lib/gcc/riscv-none-embed/8.2.0/../../../../riscv-none-embed/lib/rv32imacxw/ilp32\libg_nano.a(lib_a-nano-svfprintf.o)
                0x000000000000a856                __ssputs_r
 .text._svfprintf_r
                0x000000000000a938      0x268 d:/mounriver/mounriver_studio/toolchain/risc-v embedded gcc/bin/../lib/gcc/riscv-none-embed/8.2.0/../../../../riscv-none-embed/lib/rv32imacxw/ilp32\libg_nano.a(lib_a-nano-svfprintf.o)
                0x000000000000a938                _svfiprintf_r
                0x000000000000a938                _svfprintf_r
 .text.__sfputc_r
                0x000000000000aba0       0x28 d:/mounriver/mounriver_studio/toolchain/risc-v embedded gcc/bin/../lib/gcc/riscv-none-embed/8.2.0/../../../../riscv-none-embed/lib/rv32imacxw/ilp32\libg_nano.a(lib_a-nano-vfprintf.o)
 .text.__sfputs_r
                0x000000000000abc8       0x42 d:/mounriver/mounriver_studio/toolchain/risc-v embedded gcc/bin/../lib/gcc/riscv-none-embed/8.2.0/../../../../riscv-none-embed/lib/rv32imacxw/ilp32\libg_nano.a(lib_a-nano-vfprintf.o)
                0x000000000000abc8                __sfputs_r
 .text._vfprintf_r
                0x000000000000ac0a      0x28c d:/mounriver/mounriver_studio/toolchain/risc-v embedded gcc/bin/../lib/gcc/riscv-none-embed/8.2.0/../../../../riscv-none-embed/lib/rv32imacxw/ilp32\libg_nano.a(lib_a-nano-vfprintf.o)
                0x000000000000ac0a                _vfprintf_r
                0x000000000000ac0a                _vfiprintf_r
 .text.nanf     0x000000000000ae96        0xc d:/mounriver/mounriver_studio/toolchain/risc-v embedded gcc/bin/../lib/gcc/riscv-none-embed/8.2.0/../../../../riscv-none-embed/lib/rv32imacxw/ilp32\libg_nano.a(lib_a-sf_nan.o)
                0x000000000000ae96                nanf
 .text.__sread  0x000000000000aea2       0x2c d:/mounriver/mounriver_studio/toolchain/risc-v embedded gcc/bin/../lib/gcc/riscv-none-embed/8.2.0/../../../../riscv-none-embed/lib/rv32imacxw/ilp32\libg_nano.a(lib_a-stdio.o)
                0x000000000000aea2                __sread
 .text.__swrite
                0x000000000000aece       0x48 d:/mounriver/mounriver_studio/toolchain/risc-v embedded gcc/bin/../lib/gcc/riscv-none-embed/8.2.0/../../../../riscv-none-embed/lib/rv32imacxw/ilp32\libg_nano.a(lib_a-stdio.o)
                0x000000000000aece                __swrite
 .text.__sseek  0x000000000000af16       0x30 d:/mounriver/mounriver_studio/toolchain/risc-v embedded gcc/bin/../lib/gcc/riscv-none-embed/8.2.0/../../../../riscv-none-embed/lib/rv32imacxw/ilp32\libg_nano.a(lib_a-stdio.o)
                0x000000000000af16                __sseek
 .text.__sclose
                0x000000000000af46        0x6 d:/mounriver/mounriver_studio/toolchain/risc-v embedded gcc/bin/../lib/gcc/riscv-none-embed/8.2.0/../../../../riscv-none-embed/lib/rv32imacxw/ilp32\libg_nano.a(lib_a-stdio.o)
                0x000000000000af46                __sclose
 .text.strncmp  0x000000000000af4c       0x28 d:/mounriver/mounriver_studio/toolchain/risc-v embedded gcc/bin/../lib/gcc/riscv-none-embed/8.2.0/../../../../riscv-none-embed/lib/rv32imacxw/ilp32\libg_nano.a(lib_a-strncmp.o)
                0x000000000000af4c                strncmp
 .text._write_r
                0x000000000000af74       0x36 d:/mounriver/mounriver_studio/toolchain/risc-v embedded gcc/bin/../lib/gcc/riscv-none-embed/8.2.0/../../../../riscv-none-embed/lib/rv32imacxw/ilp32\libg_nano.a(lib_a-writer.o)
                0x000000000000af74                _write_r
 .text._close_r
                0x000000000000afaa       0x32 d:/mounriver/mounriver_studio/toolchain/risc-v embedded gcc/bin/../lib/gcc/riscv-none-embed/8.2.0/../../../../riscv-none-embed/lib/rv32imacxw/ilp32\libg_nano.a(lib_a-closer.o)
                0x000000000000afaa                _close_r
 .text._fstat_r
                0x000000000000afdc       0x34 d:/mounriver/mounriver_studio/toolchain/risc-v embedded gcc/bin/../lib/gcc/riscv-none-embed/8.2.0/../../../../riscv-none-embed/lib/rv32imacxw/ilp32\libg_nano.a(lib_a-fstatr.o)
                0x000000000000afdc                _fstat_r
 .text._isatty_r
                0x000000000000b010       0x32 d:/mounriver/mounriver_studio/toolchain/risc-v embedded gcc/bin/../lib/gcc/riscv-none-embed/8.2.0/../../../../riscv-none-embed/lib/rv32imacxw/ilp32\libg_nano.a(lib_a-isattyr.o)
                0x000000000000b010                _isatty_r
 .text._lseek_r
                0x000000000000b042       0x36 d:/mounriver/mounriver_studio/toolchain/risc-v embedded gcc/bin/../lib/gcc/riscv-none-embed/8.2.0/../../../../riscv-none-embed/lib/rv32imacxw/ilp32\libg_nano.a(lib_a-lseekr.o)
                0x000000000000b042                _lseek_r
 .text.memmove  0x000000000000b078       0x46 d:/mounriver/mounriver_studio/toolchain/risc-v embedded gcc/bin/../lib/gcc/riscv-none-embed/8.2.0/../../../../riscv-none-embed/lib/rv32imacxw/ilp32\libg_nano.a(lib_a-memmove.o)
                0x000000000000b078                memmove
 .text._realloc_r
                0x000000000000b0be       0x58 d:/mounriver/mounriver_studio/toolchain/risc-v embedded gcc/bin/../lib/gcc/riscv-none-embed/8.2.0/../../../../riscv-none-embed/lib/rv32imacxw/ilp32\libg_nano.a(lib_a-nano-reallocr.o)
                0x000000000000b0be                _realloc_r
 .text._read_r  0x000000000000b116       0x36 d:/mounriver/mounriver_studio/toolchain/risc-v embedded gcc/bin/../lib/gcc/riscv-none-embed/8.2.0/../../../../riscv-none-embed/lib/rv32imacxw/ilp32\libg_nano.a(lib_a-readr.o)
                0x000000000000b116                _read_r
 .text._malloc_usable_size_r
                0x000000000000b14c       0x14 d:/mounriver/mounriver_studio/toolchain/risc-v embedded gcc/bin/../lib/gcc/riscv-none-embed/8.2.0/../../../../riscv-none-embed/lib/rv32imacxw/ilp32\libg_nano.a(lib_a-nano-msizer.o)
                0x000000000000b14c                _malloc_usable_size_r
 .text.__adddf3
                0x000000000000b160      0x730 d:/mounriver/mounriver_studio/toolchain/risc-v embedded gcc/bin/../lib/gcc/riscv-none-embed/8.2.0/rv32imacxw/ilp32\libgcc.a(adddf3.o)
                0x000000000000b160                __adddf3
 .text.__divdf3
                0x000000000000b890      0x5b4 d:/mounriver/mounriver_studio/toolchain/risc-v embedded gcc/bin/../lib/gcc/riscv-none-embed/8.2.0/rv32imacxw/ilp32\libgcc.a(divdf3.o)
                0x000000000000b890                __divdf3
 .text.__eqdf2  0x000000000000be44       0x6a d:/mounriver/mounriver_studio/toolchain/risc-v embedded gcc/bin/../lib/gcc/riscv-none-embed/8.2.0/rv32imacxw/ilp32\libgcc.a(eqdf2.o)
                0x000000000000be44                __nedf2
                0x000000000000be44                __eqdf2
 .text.__gedf2  0x000000000000beae       0xae d:/mounriver/mounriver_studio/toolchain/risc-v embedded gcc/bin/../lib/gcc/riscv-none-embed/8.2.0/rv32imacxw/ilp32\libgcc.a(gedf2.o)
                0x000000000000beae                __gedf2
                0x000000000000beae                __gtdf2
 .text.__ledf2  0x000000000000bf5c       0xb6 d:/mounriver/mounriver_studio/toolchain/risc-v embedded gcc/bin/../lib/gcc/riscv-none-embed/8.2.0/rv32imacxw/ilp32\libgcc.a(ledf2.o)
                0x000000000000bf5c                __ledf2
                0x000000000000bf5c                __ltdf2
 .text.__muldf3
                0x000000000000c012      0x4b8 d:/mounriver/mounriver_studio/toolchain/risc-v embedded gcc/bin/../lib/gcc/riscv-none-embed/8.2.0/rv32imacxw/ilp32\libgcc.a(muldf3.o)
                0x000000000000c012                __muldf3
 .text.__subdf3
                0x000000000000c4ca      0x73e d:/mounriver/mounriver_studio/toolchain/risc-v embedded gcc/bin/../lib/gcc/riscv-none-embed/8.2.0/rv32imacxw/ilp32\libgcc.a(subdf3.o)
                0x000000000000c4ca                __subdf3
 .text.__unorddf2
                0x000000000000cc08       0x3c d:/mounriver/mounriver_studio/toolchain/risc-v embedded gcc/bin/../lib/gcc/riscv-none-embed/8.2.0/rv32imacxw/ilp32\libgcc.a(unorddf2.o)
                0x000000000000cc08                __unorddf2
 .text.__fixdfsi
                0x000000000000cc44       0x68 d:/mounriver/mounriver_studio/toolchain/risc-v embedded gcc/bin/../lib/gcc/riscv-none-embed/8.2.0/rv32imacxw/ilp32\libgcc.a(fixdfsi.o)
                0x000000000000cc44                __fixdfsi
 .text.__fixunsdfsi
                0x000000000000ccac       0x5c d:/mounriver/mounriver_studio/toolchain/risc-v embedded gcc/bin/../lib/gcc/riscv-none-embed/8.2.0/rv32imacxw/ilp32\libgcc.a(fixunsdfsi.o)
                0x000000000000ccac                __fixunsdfsi
 .text.__floatsidf
                0x000000000000cd08       0x70 d:/mounriver/mounriver_studio/toolchain/risc-v embedded gcc/bin/../lib/gcc/riscv-none-embed/8.2.0/rv32imacxw/ilp32\libgcc.a(floatsidf.o)
                0x000000000000cd08                __floatsidf
 .text.__floatunsidf
                0x000000000000cd78       0x66 d:/mounriver/mounriver_studio/toolchain/risc-v embedded gcc/bin/../lib/gcc/riscv-none-embed/8.2.0/rv32imacxw/ilp32\libgcc.a(floatunsidf.o)
                0x000000000000cd78                __floatunsidf
 .text.__lesf2  0x000000000000cdde       0x8c d:/mounriver/mounriver_studio/toolchain/risc-v embedded gcc/bin/../lib/gcc/riscv-none-embed/8.2.0/rv32imacxw/ilp32\libgcc.a(lesf2.o)
                0x000000000000cdde                __ltsf2
                0x000000000000cdde                __lesf2
 .text.__unordsf2
                0x000000000000ce6a       0x3c d:/mounriver/mounriver_studio/toolchain/risc-v embedded gcc/bin/../lib/gcc/riscv-none-embed/8.2.0/rv32imacxw/ilp32\libgcc.a(unordsf2.o)
                0x000000000000ce6a                __unordsf2
 .text.__truncdfsf2
                0x000000000000cea6      0x16a d:/mounriver/mounriver_studio/toolchain/risc-v embedded gcc/bin/../lib/gcc/riscv-none-embed/8.2.0/rv32imacxw/ilp32\libgcc.a(truncdfsf2.o)
                0x000000000000cea6                __truncdfsf2
 .text.__trunctfdf2
                0x000000000000d010      0x21e d:/mounriver/mounriver_studio/toolchain/risc-v embedded gcc/bin/../lib/gcc/riscv-none-embed/8.2.0/rv32imacxw/ilp32\libgcc.a(trunctfdf2.o)
                0x000000000000d010                __trunctfdf2
 .text.__clzsi2
                0x000000000000d22e       0x6e d:/mounriver/mounriver_studio/toolchain/risc-v embedded gcc/bin/../lib/gcc/riscv-none-embed/8.2.0/rv32imacxw/ilp32\libgcc.a(_clzsi2.o)
                0x000000000000d22e                __clzsi2
 .text._close   0x000000000000d29c       0x10 d:/mounriver/mounriver_studio/toolchain/risc-v embedded gcc/bin/../lib/gcc/riscv-none-embed/8.2.0/../../../../riscv-none-embed/lib/rv32imacxw/ilp32\libnosys.a(close.o)
                0x000000000000d29c                _close
 .text._fstat   0x000000000000d2ac       0x10 d:/mounriver/mounriver_studio/toolchain/risc-v embedded gcc/bin/../lib/gcc/riscv-none-embed/8.2.0/../../../../riscv-none-embed/lib/rv32imacxw/ilp32\libnosys.a(fstat.o)
                0x000000000000d2ac                _fstat
 .text._isatty  0x000000000000d2bc       0x10 d:/mounriver/mounriver_studio/toolchain/risc-v embedded gcc/bin/../lib/gcc/riscv-none-embed/8.2.0/../../../../riscv-none-embed/lib/rv32imacxw/ilp32\libnosys.a(isatty.o)
                0x000000000000d2bc                _isatty
 .text._lseek   0x000000000000d2cc       0x10 d:/mounriver/mounriver_studio/toolchain/risc-v embedded gcc/bin/../lib/gcc/riscv-none-embed/8.2.0/../../../../riscv-none-embed/lib/rv32imacxw/ilp32\libnosys.a(lseek.o)
                0x000000000000d2cc                _lseek
 .text._read    0x000000000000d2dc       0x10 d:/mounriver/mounriver_studio/toolchain/risc-v embedded gcc/bin/../lib/gcc/riscv-none-embed/8.2.0/../../../../riscv-none-embed/lib/rv32imacxw/ilp32\libnosys.a(read.o)
                0x000000000000d2dc                _read
 .text._sbrk    0x000000000000d2ec       0x24 d:/mounriver/mounriver_studio/toolchain/risc-v embedded gcc/bin/../lib/gcc/riscv-none-embed/8.2.0/../../../../riscv-none-embed/lib/rv32imacxw/ilp32\libnosys.a(sbrk.o)
                0x000000000000d2ec                _sbrk
 .text._exit    0x000000000000d310        0x2 d:/mounriver/mounriver_studio/toolchain/risc-v embedded gcc/bin/../lib/gcc/riscv-none-embed/8.2.0/../../../../riscv-none-embed/lib/rv32imacxw/ilp32\libnosys.a(_exit.o)
                0x000000000000d310                _exit
 *(.rodata)
 *(.rodata*)
 *fill*         0x000000000000d312        0x2 
 .rodata.charArrayToU8.str1.4
                0x000000000000d314       0x20 ./User/HX77.o
 .rodata.L610_Init.str1.4
                0x000000000000d334       0x18 ./User/L610.o
 .rodata.L610_Lookup.str1.4
                0x000000000000d34c       0x6f ./User/L610.o
 *fill*         0x000000000000d3bb        0x1 
 .rodata.L610_Pub.str1.4
                0x000000000000d3bc       0xa6 ./User/L610.o
 *fill*         0x000000000000d462        0x2 
 .rodata.L610_Recive.str1.4
                0x000000000000d464       0x65 ./User/L610.o
 *fill*         0x000000000000d4c9        0x3 
 .rodata.L610_RequestIP.str1.4
                0x000000000000d4cc       0x4f ./User/L610.o
 *fill*         0x000000000000d51b        0x1 
 .rodata.L610_SetAndConnect.str1.4
                0x000000000000d51c       0xf1 ./User/L610.o
 *fill*         0x000000000000d60d        0x3 
 .rodata.L610_Sub.str1.4
                0x000000000000d610       0x73 ./User/L610.o
 *fill*         0x000000000000d683        0x1 
 .rodata.deleteProduct.str1.4
                0x000000000000d684       0x3f ./User/allshow.o
 *fill*         0x000000000000d6c3        0x1 
 .rodata.insertProduct.part.0.str1.4
                0x000000000000d6c4       0x1b ./User/allshow.o
 *fill*         0x000000000000d6df        0x1 
 .rodata.freertos_demo.str1.4
                0x000000000000d6e0       0x3f ./User/freertos_demo.o
 *fill*         0x000000000000d71f        0x1 
 .rodata.start_task.str1.4
                0x000000000000d720       0x22 ./User/freertos_demo.o
 *fill*         0x000000000000d742        0x2 
 .rodata.vKeyScanTask.str1.4
                0x000000000000d744       0x20 ./User/freertos_demo.o
 .rodata.vLookupTask.str1.4
                0x000000000000d764       0x17 ./User/freertos_demo.o
 *fill*         0x000000000000d77b        0x1 
 .rodata.Pages_X_add.str1.4
                0x000000000000d77c        0x5 ./User/pages.o
 *fill*         0x000000000000d781        0x3 
 .rodata.Pages_add.str1.4
                0x000000000000d784        0xc ./User/pages.o
 .rodata.Pages_error.str1.4
                0x000000000000d790        0xe ./User/pages.o
 *fill*         0x000000000000d79e        0x2 
 .rodata.renderCurrentProductsPage.str1.4
                0x000000000000d7a0       0x22 ./User/pages.o
 *fill*         0x000000000000d7c2        0x2 
 .rodata.renderMainPage.str1.4
                0x000000000000d7c4       0x52 ./User/pages.o
 *fill*         0x000000000000d816        0x2 
 .rodata.pvPortMalloc.str1.4
                0x000000000000d818       0x61 ./Middlewares/FreeRTOS/portable/MemMang/heap_4.o
 *fill*         0x000000000000d879        0x3 
 .rodata.xPortStartScheduler.str1.4
                0x000000000000d87c       0x41 ./Middlewares/FreeRTOS/portable/GCC/RISC-V/port.o
                                         0x65 (size before relaxing)
 *fill*         0x000000000000d8bd        0x3 
 .rodata.xQueueGenericReset.str1.4
                0x000000000000d8c0       0x2e ./Middlewares/FreeRTOS/queue.o
                                         0x51 (size before relaxing)
 *fill*         0x000000000000d8ee        0x2 
 .rodata.prvTaskIsTaskSuspended.str1.4
                0x000000000000d8f0       0x2e ./Middlewares/FreeRTOS/tasks.o
                                         0x51 (size before relaxing)
 *fill*         0x000000000000d91e        0x2 
 .rodata.vTaskStartScheduler.str1.4
                0x000000000000d920        0x5 ./Middlewares/FreeRTOS/tasks.o
 *fill*         0x000000000000d925        0x3 
 .rodata.prvTimerTask
                0x000000000000d928       0x24 ./Middlewares/FreeRTOS/timers.o
 .rodata.prvCheckForValidListAndQueue.str1.4
                0x000000000000d94c        0x5 ./Middlewares/FreeRTOS/timers.o
 *fill*         0x000000000000d951        0x3 
 .rodata.prvTimerTask.str1.4
                0x000000000000d954       0x2f ./Middlewares/FreeRTOS/timers.o
                                         0x51 (size before relaxing)
 *fill*         0x000000000000d983        0x1 
 .rodata.xTimerCreateTimerTask.str1.4
                0x000000000000d984        0x8 ./Middlewares/FreeRTOS/timers.o
 .rodata.asc2_1206
                0x000000000000d98c      0x474 ./Drivers/BSP/LCD/lcd.o
                0x000000000000d98c                asc2_1206
 .rodata.asc2_1608
                0x000000000000de00      0x5f0 ./Drivers/BSP/LCD/lcd.o
                0x000000000000de00                asc2_1608
 .rodata.asc2_2412
                0x000000000000e3f0      0xd5c ./Drivers/BSP/LCD/lcd.o
                0x000000000000e3f0                asc2_2412
 .rodata.asc2_3216
                0x000000000000f14c     0x17c0 ./Drivers/BSP/LCD/lcd.o
                0x000000000000f14c                asc2_3216
 .rodata._setlocale_r.str1.4
                0x000000000001090c        0xa d:/mounriver/mounriver_studio/toolchain/risc-v embedded gcc/bin/../lib/gcc/riscv-none-embed/8.2.0/../../../../riscv-none-embed/lib/rv32imacxw/ilp32\libg_nano.a(lib_a-locale.o)
                                          0xd (size before relaxing)
 *fill*         0x0000000000010916        0x2 
 .rodata.str1.4
                0x0000000000010918        0x2 d:/mounriver/mounriver_studio/toolchain/risc-v embedded gcc/bin/../lib/gcc/riscv-none-embed/8.2.0/../../../../riscv-none-embed/lib/rv32imacxw/ilp32\libg_nano.a(lib_a-locale.o)
 *fill*         0x000000000001091a        0x6 
 .rodata._printf_float.cst8
                0x0000000000010920        0x8 d:/mounriver/mounriver_studio/toolchain/risc-v embedded gcc/bin/../lib/gcc/riscv-none-embed/8.2.0/../../../../riscv-none-embed/lib/rv32imacxw/ilp32\libg_nano.a(lib_a-nano-vfprintf_float.o)
 .rodata._printf_float.str1.4
                0x0000000000010928       0x12 d:/mounriver/mounriver_studio/toolchain/risc-v embedded gcc/bin/../lib/gcc/riscv-none-embed/8.2.0/../../../../riscv-none-embed/lib/rv32imacxw/ilp32\libg_nano.a(lib_a-nano-vfprintf_float.o)
 *fill*         0x000000000001093a        0x2 
 .rodata._printf_i.str1.4
                0x000000000001093c       0x25 d:/mounriver/mounriver_studio/toolchain/risc-v embedded gcc/bin/../lib/gcc/riscv-none-embed/8.2.0/../../../../riscv-none-embed/lib/rv32imacxw/ilp32\libg_nano.a(lib_a-nano-vfprintf_i.o)
 *fill*         0x0000000000010961        0x3 
 .rodata._strtod_l
                0x0000000000010964       0x14 d:/mounriver/mounriver_studio/toolchain/risc-v embedded gcc/bin/../lib/gcc/riscv-none-embed/8.2.0/../../../../riscv-none-embed/lib/rv32imacxw/ilp32\libg_nano.a(lib_a-strtod.o)
 .rodata._strtod_l.cst8
                0x0000000000010978       0x38 d:/mounriver/mounriver_studio/toolchain/risc-v embedded gcc/bin/../lib/gcc/riscv-none-embed/8.2.0/../../../../riscv-none-embed/lib/rv32imacxw/ilp32\libg_nano.a(lib_a-strtod.o)
 .rodata._strtod_l.str1.4
                0x00000000000109b0        0xf d:/mounriver/mounriver_studio/toolchain/risc-v embedded gcc/bin/../lib/gcc/riscv-none-embed/8.2.0/../../../../riscv-none-embed/lib/rv32imacxw/ilp32\libg_nano.a(lib_a-strtod.o)
 *fill*         0x00000000000109bf        0x1 
 .rodata.fpi.3395
                0x00000000000109c0       0x14 d:/mounriver/mounriver_studio/toolchain/risc-v embedded gcc/bin/../lib/gcc/riscv-none-embed/8.2.0/../../../../riscv-none-embed/lib/rv32imacxw/ilp32\libg_nano.a(lib_a-strtod.o)
 .rodata.fpinan.3431
                0x00000000000109d4       0x14 d:/mounriver/mounriver_studio/toolchain/risc-v embedded gcc/bin/../lib/gcc/riscv-none-embed/8.2.0/../../../../riscv-none-embed/lib/rv32imacxw/ilp32\libg_nano.a(lib_a-strtod.o)
 .rodata.strtof_l.cst4
                0x00000000000109e8        0x4 d:/mounriver/mounriver_studio/toolchain/risc-v embedded gcc/bin/../lib/gcc/riscv-none-embed/8.2.0/../../../../riscv-none-embed/lib/rv32imacxw/ilp32\libg_nano.a(lib_a-strtod.o)
 .rodata.strtof_l.cst8
                0x00000000000109ec        0x8 d:/mounriver/mounriver_studio/toolchain/risc-v embedded gcc/bin/../lib/gcc/riscv-none-embed/8.2.0/../../../../riscv-none-embed/lib/rv32imacxw/ilp32\libg_nano.a(lib_a-strtod.o)
 *fill*         0x00000000000109ec        0x4 
 .rodata.tinytens
                0x00000000000109f0       0x28 d:/mounriver/mounriver_studio/toolchain/risc-v embedded gcc/bin/../lib/gcc/riscv-none-embed/8.2.0/../../../../riscv-none-embed/lib/rv32imacxw/ilp32\libg_nano.a(lib_a-strtod.o)
 .rodata._ctype_
                0x0000000000010a18      0x101 d:/mounriver/mounriver_studio/toolchain/risc-v embedded gcc/bin/../lib/gcc/riscv-none-embed/8.2.0/../../../../riscv-none-embed/lib/rv32imacxw/ilp32\libg_nano.a(lib_a-ctype_.o)
                0x0000000000010a18                _ctype_
 *fill*         0x0000000000010b19        0x7 
 .rodata._dtoa_r.cst8
                0x0000000000010b20       0x38 d:/mounriver/mounriver_studio/toolchain/risc-v embedded gcc/bin/../lib/gcc/riscv-none-embed/8.2.0/../../../../riscv-none-embed/lib/rv32imacxw/ilp32\libg_nano.a(lib_a-dtoa.o)
                                         0x48 (size before relaxing)
 .rodata._dtoa_r.str1.4
                0x0000000000010b58       0x10 d:/mounriver/mounriver_studio/toolchain/risc-v embedded gcc/bin/../lib/gcc/riscv-none-embed/8.2.0/../../../../riscv-none-embed/lib/rv32imacxw/ilp32\libg_nano.a(lib_a-dtoa.o)
                                         0x12 (size before relaxing)
 .rodata.__sf_fake_stderr
                0x0000000000010b68       0x20 d:/mounriver/mounriver_studio/toolchain/risc-v embedded gcc/bin/../lib/gcc/riscv-none-embed/8.2.0/../../../../riscv-none-embed/lib/rv32imacxw/ilp32\libg_nano.a(lib_a-findfp.o)
                0x0000000000010b68                __sf_fake_stderr
 .rodata.__sf_fake_stdin
                0x0000000000010b88       0x20 d:/mounriver/mounriver_studio/toolchain/risc-v embedded gcc/bin/../lib/gcc/riscv-none-embed/8.2.0/../../../../riscv-none-embed/lib/rv32imacxw/ilp32\libg_nano.a(lib_a-findfp.o)
                0x0000000000010b88                __sf_fake_stdin
 .rodata.__sf_fake_stdout
                0x0000000000010ba8       0x20 d:/mounriver/mounriver_studio/toolchain/risc-v embedded gcc/bin/../lib/gcc/riscv-none-embed/8.2.0/../../../../riscv-none-embed/lib/rv32imacxw/ilp32\libg_nano.a(lib_a-findfp.o)
                0x0000000000010ba8                __sf_fake_stdout
 .rodata.__mprec_bigtens
                0x0000000000010bc8       0x28 d:/mounriver/mounriver_studio/toolchain/risc-v embedded gcc/bin/../lib/gcc/riscv-none-embed/8.2.0/../../../../riscv-none-embed/lib/rv32imacxw/ilp32\libg_nano.a(lib_a-mprec.o)
                0x0000000000010bc8                __mprec_bigtens
 .rodata.__mprec_tens
                0x0000000000010bf0       0xc8 d:/mounriver/mounriver_studio/toolchain/risc-v embedded gcc/bin/../lib/gcc/riscv-none-embed/8.2.0/../../../../riscv-none-embed/lib/rv32imacxw/ilp32\libg_nano.a(lib_a-mprec.o)
                0x0000000000010bf0                __mprec_tens
 .rodata.p05.3319
                0x0000000000010cb8        0xc d:/mounriver/mounriver_studio/toolchain/risc-v embedded gcc/bin/../lib/gcc/riscv-none-embed/8.2.0/../../../../riscv-none-embed/lib/rv32imacxw/ilp32\libg_nano.a(lib_a-mprec.o)
 .rodata._svfprintf_r.str1.4
                0x0000000000010cc4       0x14 d:/mounriver/mounriver_studio/toolchain/risc-v embedded gcc/bin/../lib/gcc/riscv-none-embed/8.2.0/../../../../riscv-none-embed/lib/rv32imacxw/ilp32\libg_nano.a(lib_a-nano-svfprintf.o)
                                         0x13 (size before relaxing)
 .rodata._vfprintf_r.str1.4
                0x0000000000010cd8       0x13 d:/mounriver/mounriver_studio/toolchain/risc-v embedded gcc/bin/../lib/gcc/riscv-none-embed/8.2.0/../../../../riscv-none-embed/lib/rv32imacxw/ilp32\libg_nano.a(lib_a-nano-vfprintf.o)
 .rodata.nanf.cst4
                0x0000000000010cd8        0x4 d:/mounriver/mounriver_studio/toolchain/risc-v embedded gcc/bin/../lib/gcc/riscv-none-embed/8.2.0/../../../../riscv-none-embed/lib/rv32imacxw/ilp32\libg_nano.a(lib_a-sf_nan.o)
 .rodata.__divdf3
                0x0000000000010cdc       0x40 d:/mounriver/mounriver_studio/toolchain/risc-v embedded gcc/bin/../lib/gcc/riscv-none-embed/8.2.0/rv32imacxw/ilp32\libgcc.a(divdf3.o)
 .rodata.__muldf3
                0x0000000000010d1c       0x40 d:/mounriver/mounriver_studio/toolchain/risc-v embedded gcc/bin/../lib/gcc/riscv-none-embed/8.2.0/rv32imacxw/ilp32\libgcc.a(muldf3.o)
 .rodata.__clz_tab
                0x0000000000010d5c      0x100 d:/mounriver/mounriver_studio/toolchain/risc-v embedded gcc/bin/../lib/gcc/riscv-none-embed/8.2.0/rv32imacxw/ilp32\libgcc.a(_clz.o)
                0x0000000000010d5c                __clz_tab
 *(.gnu.linkonce.t.*)
                0x0000000000010e5c                . = ALIGN (0x4)

.rela.dyn       0x0000000000010e5c        0x0
 .rela.text.xPortStartScheduler
                0x0000000000010e5c        0x0 ./User/HX77.o
 .rela.sdata2.xISRStackTop
                0x0000000000010e5c        0x0 ./User/HX77.o
 .rela.init     0x0000000000010e5c        0x0 ./User/HX77.o
 .rela.vector   0x0000000000010e5c        0x0 ./User/HX77.o
 .rela.text.handle_reset
                0x0000000000010e5c        0x0 ./User/HX77.o
 .rela.text.exit
                0x0000000000010e5c        0x0 ./User/HX77.o
 .rela.text._sbrk_r
                0x0000000000010e5c        0x0 ./User/HX77.o
 .rela.text._svfprintf_r
                0x0000000000010e5c        0x0 ./User/HX77.o
 .rela.text._vfprintf_r
                0x0000000000010e5c        0x0 ./User/HX77.o
 .rela.text._write_r
                0x0000000000010e5c        0x0 ./User/HX77.o
 .rela.text._close_r
                0x0000000000010e5c        0x0 ./User/HX77.o
 .rela.text._fstat_r
                0x0000000000010e5c        0x0 ./User/HX77.o
 .rela.text._isatty_r
                0x0000000000010e5c        0x0 ./User/HX77.o
 .rela.text._lseek_r
                0x0000000000010e5c        0x0 ./User/HX77.o
 .rela.text._read_r
                0x0000000000010e5c        0x0 ./User/HX77.o
 .rela.text._close
                0x0000000000010e5c        0x0 ./User/HX77.o
 .rela.text._fstat
                0x0000000000010e5c        0x0 ./User/HX77.o
 .rela.text._isatty
                0x0000000000010e5c        0x0 ./User/HX77.o
 .rela.text._lseek
                0x0000000000010e5c        0x0 ./User/HX77.o
 .rela.text._read
                0x0000000000010e5c        0x0 ./User/HX77.o
 .rela.text._sbrk
                0x0000000000010e5c        0x0 ./User/HX77.o

.fini           0x0000000000010e5c        0x0
 *(SORT_NONE(.fini))
                0x0000000000010e5c                . = ALIGN (0x4)
                [!provide]                        PROVIDE (_etext = .)
                [!provide]                        PROVIDE (_eitcm = .)

.preinit_array  0x0000000000010e5c        0x0
                [!provide]                        PROVIDE (__preinit_array_start = .)
 *(.preinit_array)
                [!provide]                        PROVIDE (__preinit_array_end = .)

.init_array     0x0000000000010e5c        0x0
                [!provide]                        PROVIDE (__init_array_start = .)
 *(SORT_BY_INIT_PRIORITY(.init_array.*) SORT_BY_INIT_PRIORITY(.ctors.*))
 *(.init_array EXCLUDE_FILE(*crtend?.o *crtend.o *crtbegin?.o *crtbegin.o) .ctors)
                [!provide]                        PROVIDE (__init_array_end = .)

.fini_array     0x0000000000010e5c        0x0
                [!provide]                        PROVIDE (__fini_array_start = .)
 *(SORT_BY_INIT_PRIORITY(.fini_array.*) SORT_BY_INIT_PRIORITY(.dtors.*))
 *(.fini_array EXCLUDE_FILE(*crtend?.o *crtend.o *crtbegin?.o *crtbegin.o) .dtors)
                [!provide]                        PROVIDE (__fini_array_end = .)

.ctors
 *crtbegin.o(.ctors)
 *crtbegin?.o(.ctors)
 *(EXCLUDE_FILE(*crtend?.o *crtend.o) .ctors)
 *(SORT_BY_NAME(.ctors.*))
 *(.ctors)

.dtors
 *crtbegin.o(.dtors)
 *crtbegin?.o(.dtors)
 *(EXCLUDE_FILE(*crtend?.o *crtend.o) .dtors)
 *(SORT_BY_NAME(.dtors.*))
 *(.dtors)

.dalign         0x0000000020000000        0x0 load address 0x0000000000010e5c
                0x0000000020000000                . = ALIGN (0x4)
                0x0000000020000000                PROVIDE (_data_vma = .)

.dlalign        0x0000000000010e5c        0x0
                0x0000000000010e5c                . = ALIGN (0x4)
                0x0000000000010e5c                PROVIDE (_data_lma = .)

.data           0x0000000020000000      0x200 load address 0x0000000000010e5c
 *(.gnu.linkonce.r.*)
 *(.data .data.*)
 .data.APBAHBPrescTable
                0x0000000020000000       0x10 ./Drivers/CH32V30x_Driver/src/ch32v30x_rcc.o
 .data.impure_data
                0x0000000020000010       0x60 d:/mounriver/mounriver_studio/toolchain/risc-v embedded gcc/bin/../lib/gcc/riscv-none-embed/8.2.0/../../../../riscv-none-embed/lib/rv32imacxw/ilp32\libg_nano.a(lib_a-impure.o)
 .data.__global_locale
                0x0000000020000070      0x16c d:/mounriver/mounriver_studio/toolchain/risc-v embedded gcc/bin/../lib/gcc/riscv-none-embed/8.2.0/../../../../riscv-none-embed/lib/rv32imacxw/ilp32\libg_nano.a(lib_a-locale.o)
                0x0000000020000070                __global_locale
 *(.gnu.linkonce.d.*)
                0x00000000200001e0                . = ALIGN (0x8)
 *fill*         0x00000000200001dc        0x4 
                0x00000000200009e0                PROVIDE (__global_pointer$ = (. + 0x800))
 *(.sdata .sdata.*)
 .sdata.SystemCoreClock
                0x00000000200001e0        0x4 ./User/system_ch32v30x.o
                0x00000000200001e0                SystemCoreClock
 .sdata.uxCriticalNesting
                0x00000000200001e4        0x4 ./Middlewares/FreeRTOS/portable/GCC/RISC-V/port.o
 .sdata.uxTopUsedPriority
                0x00000000200001e8        0x4 ./Middlewares/FreeRTOS/tasks.o
                0x00000000200001e8                uxTopUsedPriority
 .sdata.ADCPrescTable
                0x00000000200001ec        0x4 ./Drivers/CH32V30x_Driver/src/ch32v30x_rcc.o
 .sdata.BACK_COLOR
                0x00000000200001f0        0x2 ./Drivers/BSP/LCD/lcd.o
                0x00000000200001f0                BACK_COLOR
 *fill*         0x00000000200001f2        0x2 
 .sdata._impure_ptr
                0x00000000200001f4        0x4 d:/mounriver/mounriver_studio/toolchain/risc-v embedded gcc/bin/../lib/gcc/riscv-none-embed/8.2.0/../../../../riscv-none-embed/lib/rv32imacxw/ilp32\libg_nano.a(lib_a-impure.o)
                0x00000000200001f4                _impure_ptr
 *(.sdata2.*)
 .sdata2.xISRStackTop
                0x00000000200001f8        0x4 ./Middlewares/FreeRTOS/portable/GCC/RISC-V/port.o
                0x00000000200001f8                xISRStackTop
 .sdata2._global_impure_ptr
                0x00000000200001fc        0x4 d:/mounriver/mounriver_studio/toolchain/risc-v embedded gcc/bin/../lib/gcc/riscv-none-embed/8.2.0/../../../../riscv-none-embed/lib/rv32imacxw/ilp32\libg_nano.a(lib_a-impure.o)
                0x00000000200001fc                _global_impure_ptr
 *(.gnu.linkonce.s.*)
                0x0000000020000200                . = ALIGN (0x8)
 *(.srodata.cst16)
 *(.srodata.cst8)
 *(.srodata.cst4)
 *(.srodata.cst2)
 *(.srodata .srodata.*)
                0x0000000020000200                . = ALIGN (0x4)
                0x0000000020000200                PROVIDE (_edata = .)

.bss            0x0000000020000200     0x3310 load address 0x000000000001105c
                0x0000000020000200                . = ALIGN (0x4)
                0x0000000020000200                PROVIDE (_sbss = .)
 *(.sbss*)
 .sbss.current_product_weight
                0x0000000020000200        0x4 ./User/HX77.o
                0x0000000020000200                current_product_weight
 .sbss.former_weight
                0x0000000020000204        0x4 ./User/HX77.o
                0x0000000020000204                former_weight
 .sbss.weight   0x0000000020000208        0x4 ./User/HX77.o
                0x0000000020000208                weight
 .sbss.USART_Rbuffer_Num
                0x000000002000020c        0x2 ./User/L610.o
                0x000000002000020c                USART_Rbuffer_Num
 *fill*         0x000000002000020e        0x2 
 .sbss.strx     0x0000000020000210        0x4 ./User/L610.o
                0x0000000020000210                strx
 .sbss.CameraRev_Handler
                0x0000000020000214        0x4 ./User/freertos_demo.o
                0x0000000020000214                CameraRev_Handler
 .sbss.KeyScanTask_Handler
                0x0000000020000218        0x4 ./User/freertos_demo.o
                0x0000000020000218                KeyScanTask_Handler
 .sbss.LookupTask_Handler
                0x000000002000021c        0x4 ./User/freertos_demo.o
                0x000000002000021c                LookupTask_Handler
 .sbss.ProductList
                0x0000000020000220        0x8 ./User/freertos_demo.o
                0x0000000020000220                ProductList
 .sbss.SerialTask_Handler
                0x0000000020000228        0x4 ./User/freertos_demo.o
                0x0000000020000228                SerialTask_Handler
 .sbss.StartTask_Handler
                0x000000002000022c        0x4 ./User/freertos_demo.o
                0x000000002000022c                StartTask_Handler
 .sbss.WeightTask_Handler
                0x0000000020000230        0x4 ./User/freertos_demo.o
                0x0000000020000230                WeightTask_Handler
 .sbss.pxEnd    0x0000000020000234        0x4 ./Middlewares/FreeRTOS/portable/MemMang/heap_4.o
 .sbss.xBlockAllocatedBit
                0x0000000020000238        0x4 ./Middlewares/FreeRTOS/portable/MemMang/heap_4.o
 .sbss.xFreeBytesRemaining
                0x000000002000023c        0x4 ./Middlewares/FreeRTOS/portable/MemMang/heap_4.o
 .sbss.xMinimumEverFreeBytesRemaining
                0x0000000020000240        0x4 ./Middlewares/FreeRTOS/portable/MemMang/heap_4.o
 .sbss.xNumberOfSuccessfulAllocations
                0x0000000020000244        0x4 ./Middlewares/FreeRTOS/portable/MemMang/heap_4.o
 .sbss.xNumberOfSuccessfulFrees
                0x0000000020000248        0x4 ./Middlewares/FreeRTOS/portable/MemMang/heap_4.o
 .sbss.xStart   0x000000002000024c        0x8 ./Middlewares/FreeRTOS/portable/MemMang/heap_4.o
 .sbss.pxCurrentTCB
                0x0000000020000254        0x4 ./Middlewares/FreeRTOS/tasks.o
                0x0000000020000254                pxCurrentTCB
 .sbss.pxDelayedTaskList
                0x0000000020000258        0x4 ./Middlewares/FreeRTOS/tasks.o
 .sbss.pxOverflowDelayedTaskList
                0x000000002000025c        0x4 ./Middlewares/FreeRTOS/tasks.o
 .sbss.uxCurrentNumberOfTasks
                0x0000000020000260        0x4 ./Middlewares/FreeRTOS/tasks.o
 .sbss.uxDeletedTasksWaitingCleanUp
                0x0000000020000264        0x4 ./Middlewares/FreeRTOS/tasks.o
 .sbss.uxSchedulerSuspended
                0x0000000020000268        0x4 ./Middlewares/FreeRTOS/tasks.o
 .sbss.uxTaskNumber
                0x000000002000026c        0x4 ./Middlewares/FreeRTOS/tasks.o
 .sbss.uxTopReadyPriority
                0x0000000020000270        0x4 ./Middlewares/FreeRTOS/tasks.o
 .sbss.xIdleTaskHandle
                0x0000000020000274        0x4 ./Middlewares/FreeRTOS/tasks.o
 .sbss.xNextTaskUnblockTime
                0x0000000020000278        0x4 ./Middlewares/FreeRTOS/tasks.o
 .sbss.xNumOfOverflows
                0x000000002000027c        0x4 ./Middlewares/FreeRTOS/tasks.o
 .sbss.xPendedTicks
                0x0000000020000280        0x4 ./Middlewares/FreeRTOS/tasks.o
 .sbss.xSchedulerRunning
                0x0000000020000284        0x4 ./Middlewares/FreeRTOS/tasks.o
 .sbss.xTickCount
                0x0000000020000288        0x4 ./Middlewares/FreeRTOS/tasks.o
 .sbss.xYieldPending