Archive member included to satisfy reference by file (symbol)

d:/mounriver/mounriver_studio/toolchain/risc-v embedded gcc/bin/../lib/gcc/riscv-none-embed/8.2.0/rv32imacxw/ilp32\libgcc.a(fixunssfsi.o)
                              ./User/L610.o (__fixunssfsi)
d:/mounriver/mounriver_studio/toolchain/risc-v embedded gcc/bin/../lib/gcc/riscv-none-embed/8.2.0/rv32imacxw/ilp32\libgcc.a(save-restore.o)
                              ./Drivers/BSP/LCD/lcd.o (__riscv_save_12)
d:/mounriver/mounriver_studio/toolchain/risc-v embedded gcc/bin/../lib/gcc/riscv-none-embed/8.2.0/../../../../riscv-none-embed/lib/rv32imacxw/ilp32\libg_nano.a(lib_a-exit.o)
                              ./User/allshow.o (exit)
d:/mounriver/mounriver_studio/toolchain/risc-v embedded gcc/bin/../lib/gcc/riscv-none-embed/8.2.0/../../../../riscv-none-embed/lib/rv32imacxw/ilp32\libg_nano.a(lib_a-fputs.o)
                              ./User/HX77.o (fputs)
d:/mounriver/mounriver_studio/toolchain/risc-v embedded gcc/bin/../lib/gcc/riscv-none-embed/8.2.0/../../../../riscv-none-embed/lib/rv32imacxw/ilp32\libg_nano.a(lib_a-impure.o)
                              d:/mounriver/mounriver_studio/toolchain/risc-v embedded gcc/bin/../lib/gcc/riscv-none-embed/8.2.0/../../../../riscv-none-embed/lib/rv32imacxw/ilp32\libg_nano.a(lib_a-exit.o) (_global_impure_ptr)
d:/mounriver/mounriver_studio/toolchain/risc-v embedded gcc/bin/../lib/gcc/riscv-none-embed/8.2.0/../../../../riscv-none-embed/lib/rv32imacxw/ilp32\libg_nano.a(lib_a-locale.o)
                              ./Drivers/SYSTEM/usart/usart.o (__locale_ctype_ptr)
d:/mounriver/mounriver_studio/toolchain/risc-v embedded gcc/bin/../lib/gcc/riscv-none-embed/8.2.0/../../../../riscv-none-embed/lib/rv32imacxw/ilp32\libg_nano.a(lib_a-malloc.o)
                              ./User/allshow.o (malloc)
d:/mounriver/mounriver_studio/toolchain/risc-v embedded gcc/bin/../lib/gcc/riscv-none-embed/8.2.0/../../../../riscv-none-embed/lib/rv32imacxw/ilp32\libg_nano.a(lib_a-mbtowc_r.o)
                              d:/mounriver/mounriver_studio/toolchain/risc-v embedded gcc/bin/../lib/gcc/riscv-none-embed/8.2.0/../../../../riscv-none-embed/lib/rv32imacxw/ilp32\libg_nano.a(lib_a-locale.o) (__ascii_mbtowc)
d:/mounriver/mounriver_studio/toolchain/risc-v embedded gcc/bin/../lib/gcc/riscv-none-embed/8.2.0/../../../../riscv-none-embed/lib/rv32imacxw/ilp32\libg_nano.a(lib_a-memcpy.o)
                              ./User/L610.o (memcpy)
d:/mounriver/mounriver_studio/toolchain/risc-v embedded gcc/bin/../lib/gcc/riscv-none-embed/8.2.0/../../../../riscv-none-embed/lib/rv32imacxw/ilp32\libg_nano.a(lib_a-memset.o)
                              ./User/L610.o (memset)
d:/mounriver/mounriver_studio/toolchain/risc-v embedded gcc/bin/../lib/gcc/riscv-none-embed/8.2.0/../../../../riscv-none-embed/lib/rv32imacxw/ilp32\libg_nano.a(lib_a-nano-freer.o)
                              d:/mounriver/mounriver_studio/toolchain/risc-v embedded gcc/bin/../lib/gcc/riscv-none-embed/8.2.0/../../../../riscv-none-embed/lib/rv32imacxw/ilp32\libg_nano.a(lib_a-malloc.o) (_free_r)
d:/mounriver/mounriver_studio/toolchain/risc-v embedded gcc/bin/../lib/gcc/riscv-none-embed/8.2.0/../../../../riscv-none-embed/lib/rv32imacxw/ilp32\libg_nano.a(lib_a-nano-mallocr.o)
                              d:/mounriver/mounriver_studio/toolchain/risc-v embedded gcc/bin/../lib/gcc/riscv-none-embed/8.2.0/../../../../riscv-none-embed/lib/rv32imacxw/ilp32\libg_nano.a(lib_a-malloc.o) (_malloc_r)
d:/mounriver/mounriver_studio/toolchain/risc-v embedded gcc/bin/../lib/gcc/riscv-none-embed/8.2.0/../../../../riscv-none-embed/lib/rv32imacxw/ilp32\libg_nano.a(lib_a-nano-vfprintf_float.o)
                              (_printf_float)
d:/mounriver/mounriver_studio/toolchain/risc-v embedded gcc/bin/../lib/gcc/riscv-none-embed/8.2.0/../../../../riscv-none-embed/lib/rv32imacxw/ilp32\libg_nano.a(lib_a-nano-vfprintf_i.o)
                              d:/mounriver/mounriver_studio/toolchain/risc-v embedded gcc/bin/../lib/gcc/riscv-none-embed/8.2.0/../../../../riscv-none-embed/lib/rv32imacxw/ilp32\libg_nano.a(lib_a-nano-vfprintf_float.o) (_printf_common)
d:/mounriver/mounriver_studio/toolchain/risc-v embedded gcc/bin/../lib/gcc/riscv-none-embed/8.2.0/../../../../riscv-none-embed/lib/rv32imacxw/ilp32\libg_nano.a(lib_a-printf.o)
                              ./User/L610.o (printf)
d:/mounriver/mounriver_studio/toolchain/risc-v embedded gcc/bin/../lib/gcc/riscv-none-embed/8.2.0/../../../../riscv-none-embed/lib/rv32imacxw/ilp32\libg_nano.a(lib_a-puts.o)
                              ./User/L610.o (puts)
d:/mounriver/mounriver_studio/toolchain/risc-v embedded gcc/bin/../lib/gcc/riscv-none-embed/8.2.0/../../../../riscv-none-embed/lib/rv32imacxw/ilp32\libg_nano.a(lib_a-sbrkr.o)
                              d:/mounriver/mounriver_studio/toolchain/risc-v embedded gcc/bin/../lib/gcc/riscv-none-embed/8.2.0/../../../../riscv-none-embed/lib/rv32imacxw/ilp32\libg_nano.a(lib_a-nano-mallocr.o) (_sbrk_r)
[...]
Memory Configuration

Name             Origin             Length             Attributes
FLASH            0x0000000000000000 0x0000000000040000 xr
RAM              0x0000000020000000 0x0000000000010000 xrw
*default*        0x0000000000000000 0xffffffffffffffff

Linker script and memory map

LOAD ./User/HX77.o
LOAD ./User/L610.o
LOAD ./User/allshow.o
LOAD ./User/ch32v30x_it.o
LOAD ./User/freertos_demo.o
LOAD ./User/main.o
LOAD ./User/pages.o
LOAD ./User/system_ch32v30x.o
LOAD ./Middlewares/MALLOC/malloc.o
LOAD ./Middlewares/FreeRTOS/portable/MemMang/heap_4.o
LOAD ./Middlewares/FreeRTOS/portable/GCC/RISC-V/port.o
LOAD ./Middlewares/FreeRTOS/portable/GCC/RISC-V/portASM.o
LOAD ./Middlewares/FreeRTOS/croutine.o
LOAD ./Middlewares/FreeRTOS/event_groups.o
LOAD ./Middlewares/FreeRTOS/list.o
LOAD ./Middlewares/FreeRTOS/queue.o
LOAD ./Middlewares/FreeRTOS/stream_buffer.o
LOAD ./Middlewares/FreeRTOS/tasks.o
LOAD ./Middlewares/FreeRTOS/timers.o
LOAD ./Drivers/SYSTEM/usart/usart.o
LOAD ./Drivers/SYSTEM/sys/sys.o
LOAD ./Drivers/SYSTEM/delay/delay.o
LOAD ./Drivers/RISC_V/Startup/startup_ch32v30x_D8C.o
LOAD ./Drivers/RISC_V/Core/core_riscv.o
LOAD ./Drivers/CH32V30x_Driver/src/ch32v30x_adc.o
LOAD ./Drivers/CH32V30x_Driver/src/ch32v30x_bkp.o
LOAD ./Drivers/CH32V30x_Driver/src/ch32v30x_can.o
LOAD ./Drivers/CH32V30x_Driver/src/ch32v30x_crc.o
LOAD ./Drivers/CH32V30x_Driver/src/ch32v30x_dac.o
LOAD ./Drivers/CH32V30x_Driver/src/ch32v30x_dbgmcu.o
LOAD ./Drivers/CH32V30x_Driver/src/ch32v30x_dma.o
LOAD ./Drivers/CH32V30x_Driver/src/ch32v30x_dvp.o
LOAD ./Drivers/CH32V30x_Driver/src/ch32v30x_eth.o
LOAD ./Drivers/CH32V30x_Driver/src/ch32v30x_exti.o
LOAD ./Drivers/CH32V30x_Driver/src/ch32v30x_flash.o
LOAD ./Drivers/CH32V30x_Driver/src/ch32v30x_fsmc.o
LOAD ./Drivers/CH32V30x_Driver/src/ch32v30x_gpio.o
LOAD ./Drivers/CH32V30x_Driver/src/ch32v30x_i2c.o
LOAD ./Drivers/CH32V30x_Driver/src/ch32v30x_iwdg.o
LOAD ./Drivers/CH32V30x_Driver/src/ch32v30x_misc.o
LOAD ./Drivers/CH32V30x_Driver/src/ch32v30x_opa.o
LOAD ./Drivers/CH32V30x_Driver/src/ch32v30x_pwr.o
LOAD ./Drivers/CH32V30x_Driver/src/ch32v30x_rcc.o
LOAD ./Drivers/CH32V30x_Driver/src/ch32v30x_rng.o
LOAD ./Drivers/CH32V30x_Driver/src/ch32v30x_rtc.o
LOAD ./Drivers/CH32V30x_Driver/src/ch32v30x_sdio.o
LOAD ./Drivers/CH32V30x_Driver/src/ch32v30x_spi.o
LOAD ./Drivers/CH32V30x_Driver/src/ch32v30x_tim.o
LOAD ./Drivers/CH32V30x_Driver/src/ch32v30x_usart.o
LOAD ./Drivers/CH32V30x_Driver/src/ch32v30x_wwdg.o
LOAD ./Drivers/BSP/LED/led.o
LOAD ./Drivers/BSP/LCD/lcd.o
LOAD ./Drivers/BSP/KEY/key.o
LOAD d:/mounriver/mounriver_studio/toolchain/risc-v embedded gcc/bin/../lib/gcc/riscv-none-embed/8.2.0/../../../../riscv-none-embed/lib/rv32imacxw/ilp32\libm.a
LOAD d:/mounriver/mounriver_studio/toolchain/risc-v embedded gcc/bin/../lib/gcc/riscv-none-embed/8.2.0/rv32imacxw/ilp32\libgcc.a
LOAD d:/mounriver/mounriver_studio/toolchain/risc-v embedded gcc/bin/../lib/gcc/riscv-none-embed/8.2.0/../../../../riscv-none-embed/lib/rv32imacxw/ilp32\libg_nano.a
LOAD d:/mounriver/mounriver_studio/toolchain/risc-v embedded gcc/bin/../lib/gcc/riscv-none-embed/8.2.0/../../../../riscv-none-embed/lib/rv32imacxw/ilp32\libc_nano.a
LOAD d:/mounriver/mounriver_studio/toolchain/risc-v embedded gcc/bin/../lib/gcc/riscv-none-embed/8.2.0/rv32imacxw/ilp32\libgcc.a
START GROUP
LOAD d:/mounriver/mounriver_studio/toolchain/risc-v embedded gcc/bin/../lib/gcc/riscv-none-embed/8.2.0/rv32imacxw/ilp32\libgcc.a
LOAD d:/mounriver/mounriver_studio/toolchain/risc-v embedded gcc/bin/../lib/gcc/riscv-none-embed/8.2.0/../../../../riscv-none-embed/lib/rv32imacxw/ilp32\libc_nano.a
LOAD d:/mounriver/mounriver_studio/toolchain/risc-v embedded gcc/bin/../lib/gcc/riscv-none-embed/8.2.0/../../../../riscv-none-embed/lib/rv32imacxw/ilp32\libnosys.a
END GROUP
START GROUP
LOAD d:/mounriver/mounriver_studio/toolchain/risc-v embedded gcc/bin/../lib/gcc/riscv-none-embed/8.2.0/rv32imacxw/ilp32\libgcc.a
LOAD d:/mounriver/mounriver_studio/toolchain/risc-v embedded gcc/bin/../lib/gcc/riscv-none-embed/8.2.0/../../../../riscv-none-embed/lib/rv32imacxw/ilp32\libc_nano.a
LOAD d:/mounriver/mounriver_studio/toolchain/risc-v embedded gcc/bin/../lib/gcc/riscv-none-embed/8.2.0/../../../../riscv-none-embed/lib/rv32imacxw/ilp32\libnosys.a
END GROUP
                0x0000000000000800                __stack_size = 0x800
                [!provide]                        PROVIDE (_stack_size = __stack_size)

.init           0x0000000000000000       0x38
                0x0000000000000000                _sinit = .
                0x0000000000000000                . = ALIGN (0x4)
 *(SORT_NONE(.init))
 .init          0x0000000000000000       0x38 ./Drivers/RISC_V/Startup/startup_ch32v30x_D8C.o
                0x0000000000000000                _start
                0x0000000000000038                . = ALIGN (0x4)
                0x0000000000000038                _einit = .

.vector         0x0000000000000038      0x1c8
 *(.vector)
 .vector        0x0000000000000038      0x1a0 ./Drivers/RISC_V/Startup/startup_ch32v30x_D8C.o
                0x0000000000000200                . = ALIGN (0x40)
 *fill*         0x00000000000001d8       0x28 

.text           0x0000000000000200     0xeee4
                0x0000000000000200                . = ALIGN (0x4)
 *(.text)
 .text          0x0000000000000200      0x2e6 ./Middlewares/FreeRTOS/portable/GCC/RISC-V/portASM.o
                0x0000000000000200                SW_Handler
                0x0000000000000300                xPortStartFirstTask
                0x0000000000000400                pxPortInitialiseStack
 .text          0x00000000000004e6       0x60 d:/mounriver/mounriver_studio/toolchain/risc-v embedded gcc/bin/../lib/gcc/riscv-none-embed/8.2.0/rv32imacxw/ilp32\libgcc.a(save-restore.o)
                0x00000000000004e6                __riscv_save_12
                0x00000000000004ee                __riscv_save_9
                0x00000000000004ee                __riscv_save_11
                0x00000000000004ee                __riscv_save_10
                0x00000000000004ee                __riscv_save_8
                0x00000000000004fc                __riscv_save_4
                0x00000000000004fc                __riscv_save_6
                0x00000000000004fc                __riscv_save_5
                0x00000000000004fc                __riscv_save_7
                0x0000000000000516                __riscv_save_3
                0x0000000000000516                __riscv_save_2
                0x0000000000000516                __riscv_save_1
                0x0000000000000516                __riscv_save_0
                0x0000000000000522                __riscv_restore_12
                0x0000000000000526                __riscv_restore_11
                0x0000000000000526                __riscv_restore_9
                0x0000000000000526                __riscv_restore_10
                0x0000000000000526                __riscv_restore_8
                0x0000000000000530                __riscv_restore_5
                0x0000000000000530                __riscv_restore_7
                0x0000000000000530                __riscv_restore_6
                0x0000000000000530                __riscv_restore_4
                0x000000000000053a                __riscv_restore_3
                0x000000000000053a                __riscv_restore_0
                0x000000000000053a                __riscv_restore_2
                0x000000000000053a                __riscv_restore_1
 .text          0x0000000000000546       0xa8 d:/mounriver/mounriver_studio/toolchain/risc-v embedded gcc/bin/../lib/gcc/riscv-none-embed/8.2.0/../../../../riscv-none-embed/lib/rv32imacxw/ilp32\libg_nano.a(lib_a-memset.o)
                0x0000000000000546                memset
 *(.text.*)
 .text.L610_Init
                0x00000000000005ee       0x30 ./User/L610.o
                0x00000000000005ee                L610_Init
 .text.L610_Lookup
                0x000000000000061e      0x11a ./User/L610.o
                0x000000000000061e                L610_Lookup
 .text.L610_RequestIP
                0x0000000000000738       0xa8 ./User/L610.o
                0x0000000000000738                L610_RequestIP
 .text.L610_SetAndConnect
                0x00000000000007e0      0x14e ./User/L610.o
                0x00000000000007e0                L610_SetAndConnect
 .text.L610_Sub
                0x000000000000092e       0xa4 ./User/L610.o
                0x000000000000092e                L610_Sub
 .text.L610_Pub
                0x00000000000009d2       0x16 ./User/L610.o
                0x00000000000009d2                L610_Pub
 .text.L610_Recive
                0x00000000000009e8      0x1b8 ./User/L610.o
                0x00000000000009e8                L610_Recive
 .text.NMI_Handler
                0x0000000000000ba0        0x4 ./User/ch32v30x_it.o
                0x0000000000000ba0                NMI_Handler
 .text.HardFault_Handler
                0x0000000000000ba4        0x2 ./User/ch32v30x_it.o
                0x0000000000000ba4                HardFault_Handler
 .text.task1    0x0000000000000ba6        0x2 ./User/freertos_demo.o
                0x0000000000000ba6                task1
 .text.start_task
                0x0000000000000ba8       0x8a ./User/freertos_demo.o
                0x0000000000000ba8                start_task
 .text.vSerialTask
                0x0000000000000c32       0x46 ./User/freertos_demo.o
                0x0000000000000c32                vSerialTask
 .text.vLookupTask
                0x0000000000000c78       0x36 ./User/freertos_demo.o
                0x0000000000000c78                vLookupTask
 .text.freertos_demo
                0x0000000000000cae       0x48 ./User/freertos_demo.o
                0x0000000000000cae                freertos_demo
 .text.startup.main
                0x0000000000000cf6       0x46 ./User/main.o
                0x0000000000000cf6                main
 .text.renderMainPage
                0x0000000000000d3c      0x268 ./User/pages.o
                0x0000000000000d3c                renderMainPage
 .text.SystemInit
                0x0000000000000fa4       0xf8 ./User/system_ch32v30x.o
                0x0000000000000fa4                SystemInit
 .text.prvInsertBlockIntoFreeList
                0x000000000000109c       0x4c ./Middlewares/FreeRTOS/portable/MemMang/heap_4.o
 .text.pvPortMalloc
                0x00000000000010e8      0x18c ./Middlewares/FreeRTOS/portable/MemMang/heap_4.o
                0x00000000000010e8                pvPortMalloc
 .text.vPortFree
                0x0000000000001274       0xa6 ./Middlewares/FreeRTOS/portable/MemMang/heap_4.o
                0x0000000000001274                vPortFree
 .text.vPortSetupTimerInterrupt
                0x000000000000131a        0x2 ./Middlewares/FreeRTOS/portable/GCC/RISC-V/port.o
                0x000000000000131a                vPortSetupTimerInterrupt
 .text.xPortStartScheduler
                0x000000000000131c       0x8e ./Middlewares/FreeRTOS/portable/GCC/RISC-V/port.o
                0x000000000000131c                xPortStartScheduler
 .text.SysTick_Handler
                0x00000000000013aa       0x38 ./Middlewares/FreeRTOS/portable/GCC/RISC-V/port.o
                0x00000000000013aa                SysTick_Handler
 .text.vPortEnterCritical
                0x00000000000013e2       0x16 ./Middlewares/FreeRTOS/portable/GCC/RISC-V/port.o
                0x00000000000013e2                vPortEnterCritical
 .text.vPortExitCritical
                0x00000000000013f8       0x42 ./Middlewares/FreeRTOS/portable/GCC/RISC-V/port.o
                0x00000000000013f8                vPortExitCritical
 .text.xPortSetInterruptMask
                0x000000000000143a        0xc ./Middlewares/FreeRTOS/portable/GCC/RISC-V/port.o
                0x000000000000143a                xPortSetInterruptMask
 .text.vPortClearInterruptMask
                0x0000000000001446        0x6 ./Middlewares/FreeRTOS/portable/GCC/RISC-V/port.o
                0x0000000000001446                vPortClearInterruptMask
 .text.vListInitialise
                0x000000000000144c       0x14 ./Middlewares/FreeRTOS/list.o
                0x000000000000144c                vListInitialise
 .text.vListInitialiseItem
                0x0000000000001460        0x6 ./Middlewares/FreeRTOS/list.o
                0x0000000000001460                vListInitialiseItem
 .text.vListInsertEnd
                0x0000000000001466       0x18 ./Middlewares/FreeRTOS/list.o
                0x0000000000001466                vListInsertEnd
 .text.vListInsert
                0x000000000000147e       0x2e ./Middlewares/FreeRTOS/list.o
                0x000000000000147e                vListInsert
 .text.uxListRemove
                0x00000000000014ac       0x20 ./Middlewares/FreeRTOS/list.o
                0x00000000000014ac                uxListRemove
 .text.prvIsQueueEmpty
                0x00000000000014cc       0x1a ./Middlewares/FreeRTOS/queue.o
 .text.prvCopyDataToQueue
                0x00000000000014e6       0x72 ./Middlewares/FreeRTOS/queue.o
 .text.prvCopyDataFromQueue
                0x0000000000001558       0x28 ./Middlewares/FreeRTOS/queue.o
 .text.prvUnlockQueue
                0x0000000000001580       0x6e ./Middlewares/FreeRTOS/queue.o
 .text.xQueueGenericReset
                0x00000000000015ee       0xbc ./Middlewares/FreeRTOS/queue.o
                0x00000000000015ee                xQueueGenericReset
 .text.xQueueGenericCreate
                0x00000000000016aa       0x6c ./Middlewares/FreeRTOS/queue.o
                0x00000000000016aa                xQueueGenericCreate
 .text.xQueueGenericSendFromISR
                0x0000000000001716      0x122 ./Middlewares/FreeRTOS/queue.o
                0x0000000000001716                xQueueGenericSendFromISR
 .text.xQueueReceive
                0x0000000000001838      0x15e ./Middlewares/FreeRTOS/queue.o
                0x0000000000001838                xQueueReceive
 .text.vQueueAddToRegistry
                0x0000000000001996       0x6c ./Middlewares/FreeRTOS/queue.o
                0x0000000000001996                vQueueAddToRegistry
 .text.vQueueWaitForMessageRestricted
                0x0000000000001a02       0x5c ./Middlewares/FreeRTOS/queue.o
                0x0000000000001a02                vQueueWaitForMessageRestricted
 .text.prvResetNextTaskUnblockTime
                0x0000000000001a5e       0x24 ./Middlewares/FreeRTOS/tasks.o
 .text.prvAddCurrentTaskToDelayedList
                0x0000000000001a82       0xa6 ./Middlewares/FreeRTOS/tasks.o
 .text.prvIdleTask
                0x0000000000001b28       0x6e ./Middlewares/FreeRTOS/tasks.o
 .text.xTaskCreate
                0x0000000000001b96      0x204 ./Middlewares/FreeRTOS/tasks.o
                0x0000000000001b96                xTaskCreate
 .text.vTaskDelete
                0x0000000000001d9a       0xd2 ./Middlewares/FreeRTOS/tasks.o
                0x0000000000001d9a                vTaskDelete
 .text.vTaskStartScheduler
                0x0000000000001e6c       0x92 ./Middlewares/FreeRTOS/tasks.o
                0x0000000000001e6c                vTaskStartScheduler
 .text.vTaskSuspendAll
                0x0000000000001efe       0x10 ./Middlewares/FreeRTOS/tasks.o
                0x0000000000001efe                vTaskSuspendAll
 .text.xTaskGetTickCount
                0x0000000000001f0e        0xa ./Middlewares/FreeRTOS/tasks.o
                0x0000000000001f0e                xTaskGetTickCount
 .text.xTaskIncrementTick
                0x0000000000001f18      0x1ac ./Middlewares/FreeRTOS/tasks.o
                0x0000000000001f18                xTaskIncrementTick
 .text.xTaskResumeAll
                0x00000000000020c4      0x168 ./Middlewares/FreeRTOS/tasks.o
                0x00000000000020c4                xTaskResumeAll
 .text.vTaskDelay
                0x000000000000222c       0x64 ./Middlewares/FreeRTOS/tasks.o
                0x000000000000222c                vTaskDelay
 .text.vTaskSwitchContext
                0x0000000000002290       0x9a ./Middlewares/FreeRTOS/tasks.o
                0x0000000000002290                vTaskSwitchContext
 .text.vTaskPlaceOnEventList
                0x000000000000232a       0x48 ./Middlewares/FreeRTOS/tasks.o
                0x000000000000232a                vTaskPlaceOnEventList
 .text.vTaskPlaceOnEventListRestricted
                0x0000000000002372       0x76 ./Middlewares/FreeRTOS/tasks.o
                0x0000000000002372                vTaskPlaceOnEventListRestricted
 .text.xTaskRemoveFromEventList
                0x00000000000023e8       0xec ./Middlewares/FreeRTOS/tasks.o
                0x00000000000023e8                xTaskRemoveFromEventList
 .text.vTaskInternalSetTimeOutState
                0x00000000000024d4       0x16 ./Middlewares/FreeRTOS/tasks.o
                0x00000000000024d4                vTaskInternalSetTimeOutState
 .text.xTaskCheckForTimeOut
                0x00000000000024ea       0xc8 ./Middlewares/FreeRTOS/tasks.o
                0x00000000000024ea                xTaskCheckForTimeOut
 .text.vTaskMissedYield
                0x00000000000025b2        0xc ./Middlewares/FreeRTOS/tasks.o
                0x00000000000025b2                vTaskMissedYield
 .text.xTaskGetSchedulerState
                0x00000000000025be       0x1c ./Middlewares/FreeRTOS/tasks.o
                0x00000000000025be                xTaskGetSchedulerState
 .text.xTaskPriorityDisinherit
                0x00000000000025da       0xca ./Middlewares/FreeRTOS/tasks.o
                0x00000000000025da                xTaskPriorityDisinherit
 .text.prvCheckForValidListAndQueue
                0x00000000000026a4       0x66 ./Middlewares/FreeRTOS/timers.o
 .text.prvInsertTimerInActiveList
                0x000000000000270a       0x46 ./Middlewares/FreeRTOS/timers.o
 .text.prvReloadTimer
                0x0000000000002750       0x28 ./Middlewares/FreeRTOS/timers.o
 .text.prvProcessExpiredTimer
                0x0000000000002778       0x44 ./Middlewares/FreeRTOS/timers.o
 .text.prvSwitchTimerLists
                0x00000000000027bc       0x2e ./Middlewares/FreeRTOS/timers.o
 .text.prvTimerTask
                0x00000000000027ea      0x192 ./Middlewares/FreeRTOS/timers.o
 .text.xTimerCreateTimerTask
                0x000000000000297c       0x60 ./Middlewares/FreeRTOS/timers.o
                0x000000000000297c                xTimerCreateTimerTask
 .text.USARTx_Init
                0x00000000000029dc       0xfe ./Drivers/SYSTEM/usart/usart.o
                0x00000000000029dc                USARTx_Init
 .text._write   0x0000000000002ada       0x3e ./Drivers/SYSTEM/usart/usart.o
                0x0000000000002ada                _write
 .text.USART1_IRQHandler
                0x0000000000002b18       0xa2 ./Drivers/SYSTEM/usart/usart.o
                0x0000000000002b18                USART1_IRQHandler
 .text.USART2_IRQHandler
                0x0000000000002bba       0x52 ./Drivers/SYSTEM/usart/usart.o
                0x0000000000002bba                USART2_IRQHandler
 .text.delay_init
                0x0000000000002c0c       0x46 ./Drivers/SYSTEM/delay/delay.o
                0x0000000000002c0c                delay_init
 .text.delay_us
                0x0000000000002c52       0x40 ./Drivers/SYSTEM/delay/delay.o
                0x0000000000002c52                delay_us
 .text.delay_ms
                0x0000000000002c92       0x1a ./Drivers/SYSTEM/delay/delay.o
                0x0000000000002c92                delay_ms
 .text.vector_handler
                0x0000000000002cac       0xbe ./Drivers/RISC_V/Startup/startup_ch32v30x_D8C.o
                0x0000000000002cb0                Ecall_M_Mode_Handler
                0x0000000000002cb2                Ecall_U_Mode_Handler
                0x0000000000002cb4                Break_Point_Handler
                0x0000000000002cba                WWDG_IRQHandler
                0x0000000000002cbc                PVD_IRQHandler
                0x0000000000002cbe                TAMPER_IRQHandler
                0x0000000000002cc0                RTC_IRQHandler
                0x0000000000002cc2                FLASH_IRQHandler
                0x0000000000002cc4                RCC_IRQHandler
                0x0000000000002cc6                EXTI0_IRQHandler
                0x0000000000002cc8                EXTI1_IRQHandler
                0x0000000000002cca                EXTI2_IRQHandler
                0x0000000000002ccc                EXTI3_IRQHandler
                0x0000000000002cce                EXTI4_IRQHandler
                0x0000000000002cd0                DMA1_Channel1_IRQHandler
                0x0000000000002cd2                DMA1_Channel2_IRQHandler
                0x0000000000002cd4                DMA1_Channel3_IRQHandler
                0x0000000000002cd6                DMA1_Channel4_IRQHandler
                0x0000000000002cd8                DMA1_Channel5_IRQHandler
                0x0000000000002cda                DMA1_Channel6_IRQHandler
                0x0000000000002cdc                DMA1_Channel7_IRQHandler
                0x0000000000002cde                ADC1_2_IRQHandler
                0x0000000000002ce0                USB_HP_CAN1_TX_IRQHandler
                0x0000000000002ce2                USB_LP_CAN1_RX0_IRQHandler
                0x0000000000002ce4                CAN1_RX1_IRQHandler
                0x0000000000002ce6                CAN1_SCE_IRQHandler
                0x0000000000002ce8                EXTI9_5_IRQHandler
                0x0000000000002cea                TIM1_BRK_IRQHandler
                0x0000000000002cec                TIM1_UP_IRQHandler
                0x0000000000002cee                TIM1_TRG_COM_IRQHandler
                0x0000000000002cf0                TIM1_CC_IRQHandler
                0x0000000000002cf2                TIM2_IRQHandler
                0x0000000000002cf4                TIM3_IRQHandler
                0x0000000000002cf6                TIM4_IRQHandler
                0x0000000000002cf8                I2C1_EV_IRQHandler
                0x0000000000002cfa                I2C1_ER_IRQHandler
                0x0000000000002cfc                I2C2_EV_IRQHandler
                0x0000000000002cfe                I2C2_ER_IRQHandler
                0x0000000000002d00                SPI1_IRQHandler
                0x0000000000002d02                SPI2_IRQHandler
                0x0000000000002d08                USART3_IRQHandler
                0x0000000000002d0a                EXTI15_10_IRQHandler
                0x0000000000002d0c                RTCAlarm_IRQHandler
                0x0000000000002d0e                USBWakeUp_IRQHandler
                0x0000000000002d10                TIM8_BRK_IRQHandler
                0x0000000000002d12                TIM8_UP_IRQHandler
                0x0000000000002d14                TIM8_TRG_COM_IRQHandler
                0x0000000000002d16                TIM8_CC_IRQHandler
                0x0000000000002d18                RNG_IRQHandler
                0x0000000000002d1a                FSMC_IRQHandler
                0x0000000000002d1c                SDIO_IRQHandler
                0x0000000000002d1e                TIM5_IRQHandler
                0x0000000000002d20                SPI3_IRQHandler
                0x0000000000002d22                UART4_IRQHandler
                0x0000000000002d24                UART5_IRQHandler
                0x0000000000002d26                TIM6_IRQHandler
                0x0000000000002d28                TIM7_IRQHandler
                0x0000000000002d2a                DMA2_Channel1_IRQHandler
                0x0000000000002d2c                DMA2_Channel2_IRQHandler
                0x0000000000002d2e                DMA2_Channel3_IRQHandler
                0x0000000000002d30                DMA2_Channel4_IRQHandler
                0x0000000000002d32                DMA2_Channel5_IRQHandler
                0x0000000000002d34                ETH_IRQHandler
                0x0000000000002d36                ETH_WKUP_IRQHandler
                0x0000000000002d38                CAN2_TX_IRQHandler
                0x0000000000002d3a                CAN2_RX0_IRQHandler
                0x0000000000002d3c                CAN2_RX1_IRQHandler
                0x0000000000002d3e                CAN2_SCE_IRQHandler
                0x0000000000002d40                OTG_FS_IRQHandler
                0x0000000000002d42                USBHSWakeup_IRQHandler
                0x0000000000002d44                USBHS_IRQHandler
                0x0000000000002d46                DVP_IRQHandler
                0x0000000000002d48                UART6_IRQHandler
                0x0000000000002d4a                UART7_IRQHandler
                0x0000000000002d4c                UART8_IRQHandler
                0x0000000000002d4e                TIM9_BRK_IRQHandler
                0x0000000000002d50                TIM9_UP_IRQHandler
                0x0000000000002d52                TIM9_TRG_COM_IRQHandler
                0x0000000000002d54                TIM9_CC_IRQHandler
                0x0000000000002d56                TIM10_BRK_IRQHandler
                0x0000000000002d58                TIM10_UP_IRQHandler
                0x0000000000002d5a                TIM10_TRG_COM_IRQHandler
                0x0000000000002d5c                TIM10_CC_IRQHandler
                0x0000000000002d5e                DMA2_Channel6_IRQHandler
                0x0000000000002d60                DMA2_Channel7_IRQHandler
                0x0000000000002d62                DMA2_Channel8_IRQHandler
                0x0000000000002d64                DMA2_Channel9_IRQHandler
                0x0000000000002d66                DMA2_Channel10_IRQHandler
                0x0000000000002d68                DMA2_Channel11_IRQHandler
 .text.handle_reset
                0x0000000000002d6a       0x92 ./Drivers/RISC_V/Startup/startup_ch32v30x_D8C.o
                0x0000000000002d6a                handle_reset
 .text.FSMC_NORSRAMInit
                0x0000000000002dfc       0xba ./Drivers/CH32V30x_Driver/src/ch32v30x_fsmc.o
                0x0000000000002dfc                FSMC_NORSRAMInit
 .text.FSMC_NORSRAMCmd
                0x0000000000002eb6       0x1e ./Drivers/CH32V30x_Driver/src/ch32v30x_fsmc.o
                0x0000000000002eb6                FSMC_NORSRAMCmd
 .text.GPIO_Init
                0x0000000000002ed4       0xc0 ./Drivers/CH32V30x_Driver/src/ch32v30x_gpio.o
                0x0000000000002ed4                GPIO_Init
 .text.GPIO_SetBits
                0x0000000000002f94        0x4 ./Drivers/CH32V30x_Driver/src/ch32v30x_gpio.o
                0x0000000000002f94                GPIO_SetBits
 .text.GPIO_ResetBits
                0x0000000000002f98        0x4 ./Drivers/CH32V30x_Driver/src/ch32v30x_gpio.o
                0x0000000000002f98                GPIO_ResetBits
 .text.NVIC_PriorityGroupConfig
                0x0000000000002f9c        0xa ./Drivers/CH32V30x_Driver/src/ch32v30x_misc.o
                0x0000000000002f9c                NVIC_PriorityGroupConfig
 .text.NVIC_Init
                0x0000000000002fa6       0xaa ./Drivers/CH32V30x_Driver/src/ch32v30x_misc.o
                0x0000000000002fa6                NVIC_Init
 .text.RCC_GetClocksFreq
                0x0000000000003050      0x176 ./Drivers/CH32V30x_Driver/src/ch32v30x_rcc.o
                0x0000000000003050                RCC_GetClocksFreq
 .text.RCC_AHBPeriphClockCmd
                0x00000000000031c6       0x1e ./Drivers/CH32V30x_Driver/src/ch32v30x_rcc.o
                0x00000000000031c6                RCC_AHBPeriphClockCmd
 .text.RCC_APB2PeriphClockCmd
                0x00000000000031e4       0x1e ./Drivers/CH32V30x_Driver/src/ch32v30x_rcc.o
                0x00000000000031e4                RCC_APB2PeriphClockCmd
 .text.RCC_APB1PeriphClockCmd
                0x0000000000003202       0x1e ./Drivers/CH32V30x_Driver/src/ch32v30x_rcc.o
                0x0000000000003202                RCC_APB1PeriphClockCmd
 .text.USART_Init
                0x0000000000003220       0xbc ./Drivers/CH32V30x_Driver/src/ch32v30x_usart.o
                0x0000000000003220                USART_Init
 .text.USART_Cmd
                0x00000000000032dc       0x16 ./Drivers/CH32V30x_Driver/src/ch32v30x_usart.o
                0x00000000000032dc                USART_Cmd
 .text.USART_ITConfig
                0x00000000000032f2       0x36 ./Drivers/CH32V30x_Driver/src/ch32v30x_usart.o
                0x00000000000032f2                USART_ITConfig
 .text.USART_SendData
                0x0000000000003328        0x8 ./Drivers/CH32V30x_Driver/src/ch32v30x_usart.o
                0x0000000000003328                USART_SendData
 .text.USART_ReceiveData
                0x0000000000003330        0x8 ./Drivers/CH32V30x_Driver/src/ch32v30x_usart.o
                0x0000000000003330                USART_ReceiveData
 .text.USART_GetFlagStatus
                0x0000000000003338        0xa ./Drivers/CH32V30x_Driver/src/ch32v30x_usart.o
                0x0000000000003338                USART_GetFlagStatus
 .text.USART_GetITStatus
                0x0000000000003342       0x3c ./Drivers/CH32V30x_Driver/src/ch32v30x_usart.o
                0x0000000000003342                USART_GetITStatus
 .text.USART_ClearITPendingBit
                0x000000000000337e       0x14 ./Drivers/CH32V30x_Driver/src/ch32v30x_usart.o
                0x000000000000337e                USART_ClearITPendingBit
 .text.LCD_Reset_GPIO_Init
                0x0000000000003392       0x3e ./Drivers/BSP/LCD/lcd.o
                0x0000000000003392                LCD_Reset_GPIO_Init
 .text.LCD_RD_DATA
                0x00000000000033d0       0x16 ./Drivers/BSP/LCD/lcd.o
                0x00000000000033d0                LCD_RD_DATA
 .text.LCD_ReadReg
                0x00000000000033e6       0x18 ./Drivers/BSP/LCD/lcd.o
                0x00000000000033e6                LCD_ReadReg
 .text.LCD_WriteRAM_Prepare
                0x00000000000033fe       0x12 ./Drivers/BSP/LCD/lcd.o
                0x00000000000033fe                LCD_WriteRAM_Prepare
 .text.LCD_SetCursor
                0x0000000000003410       0x48 ./Drivers/BSP/LCD/lcd.o
                0x0000000000003410                LCD_SetCursor
 .text.LCD_Scan_Dir
                0x0000000000003458       0xac ./Drivers/BSP/LCD/lcd.o
                0x0000000000003458                LCD_Scan_Dir
 .text.LCD_Display_Dir
                0x0000000000003504       0x44 ./Drivers/BSP/LCD/lcd.o
                0x0000000000003504                LCD_Display_Dir
 .text.LCD_Clear
                0x0000000000003548       0x36 ./Drivers/BSP/LCD/lcd.o
                0x0000000000003548                LCD_Clear
 .text.LCD_Init
                0x000000000000357e     0x1530 ./Drivers/BSP/LCD/lcd.o
                0x000000000000357e                LCD_Init
 .text.LCD_Fast_DrawPoint
                0x0000000000004aae       0x64 ./Drivers/BSP/LCD/lcd.o
                0x0000000000004aae                LCD_Fast_DrawPoint
 .text.LCD_ShowChar
                0x0000000000004b12      0x148 ./Drivers/BSP/LCD/lcd.o
                0x0000000000004b12                LCD_ShowChar
 .text.LCD_ShowString
                0x0000000000004c5a       0x6a ./Drivers/BSP/LCD/lcd.o
                0x0000000000004c5a                LCD_ShowString
 .text.LCD_Color_Fill
                0x0000000000004cc4       0x60 ./Drivers/BSP/LCD/lcd.o
                0x0000000000004cc4                LCD_Color_Fill
 .text.LCD_DrawLine
                0x0000000000004d24       0x82 ./Drivers/BSP/LCD/lcd.o
                0x0000000000004d24                LCD_DrawLine
 .text.LCD_DrawRectangle
                0x0000000000004da6       0x3a ./Drivers/BSP/LCD/lcd.o
                0x0000000000004da6                LCD_DrawRectangle
 .text.LCD_Draw_Circle
                0x0000000000004de0       0xf0 ./Drivers/BSP/LCD/lcd.o
                0x0000000000004de0                LCD_Draw_Circle
 .text.__fixunssfsi
                0x0000000000004ed0       0x56 d:/mounriver/mounriver_studio/toolchain/risc-v embedded gcc/bin/../lib/gcc/riscv-none-embed/8.2.0/rv32imacxw/ilp32\libgcc.a(fixunssfsi.o)
                0x0000000000004ed0                __fixunssfsi
 .text.__locale_ctype_ptr
                0x0000000000004f26       0x18 d:/mounriver/mounriver_studio/toolchain/risc-v embedded gcc/bin/../lib/gcc/riscv-none-embed/8.2.0/../../../../riscv-none-embed/lib/rv32imacxw/ilp32\libg_nano.a(lib_a-locale.o)
                0x0000000000004f26                __locale_ctype_ptr
 .text.malloc   0x0000000000004f3e        0xa d:/mounriver/mounriver_studio/toolchain/risc-v embedded gcc/bin/../lib/gcc/riscv-none-embed/8.2.0/../../../../riscv-none-embed/lib/rv32imacxw/ilp32\libg_nano.a(lib_a-malloc.o)
                0x0000000000004f3e                malloc
 .text.__ascii_mbtowc
                0x0000000000004f48       0x32 d:/mounriver/mounriver_studio/toolchain/risc-v embedded gcc/bin/../lib/gcc/riscv-none-embed/8.2.0/../../../../riscv-none-embed/lib/rv32imacxw/ilp32\libg_nano.a(lib_a-mbtowc_r.o)
                0x0000000000004f48                __ascii_mbtowc
 .text.memcpy   0x0000000000004f7a       0xb2 d:/mounriver/mounriver_studio/toolchain/risc-v embedded gcc/bin/../lib/gcc/riscv-none-embed/8.2.0/../../../../riscv-none-embed/lib/rv32imacxw/ilp32\libg_nano.a(lib_a-memcpy.o)
                0x0000000000004f7a                memcpy
 .text._free_r  0x000000000000502c       0xb0 d:/mounriver/mounriver_studio/toolchain/risc-v embedded gcc/bin/../lib/gcc/riscv-none-embed/8.2.0/../../../../riscv-none-embed/lib/rv32imacxw/ilp32\libg_nano.a(lib_a-nano-freer.o)
                0x000000000000502c                _free_r
 .text._malloc_r
                0x00000000000050dc       0xea d:/mounriver/mounriver_studio/toolchain/risc-v embedded gcc/bin/../lib/gcc/riscv-none-embed/8.2.0/../../../../riscv-none-embed/lib/rv32imacxw/ilp32\libg_nano.a(lib_a-nano-mallocr.o)
                0x00000000000050dc                _malloc_r
 .text.__cvt    0x00000000000051c6       0xea d:/mounriver/mounriver_studio/toolchain/risc-v embedded gcc/bin/../lib/gcc/riscv-none-embed/8.2.0/../../../../riscv-none-embed/lib/rv32imacxw/ilp32\libg_nano.a(lib_a-nano-vfprintf_float.o)
                0x00000000000051c6                __cvt
 .text.__exponent
                0x00000000000052b0       0x84 d:/mounriver/mounriver_studio/toolchain/risc-v embedded gcc/bin/../lib/gcc/riscv-none-embed/8.2.0/../../../../riscv-none-embed/lib/rv32imacxw/ilp32\libg_nano.a(lib_a-nano-vfprintf_float.o)
                0x00000000000052b0                __exponent
 .text._printf_float
                0x0000000000005334      0x4c4 d:/mounriver/mounriver_studio/toolchain/risc-v embedded gcc/bin/../lib/gcc/riscv-none-embed/8.2.0/../../../../riscv-none-embed/lib/rv32imacxw/ilp32\libg_nano.a(lib_a-nano-vfprintf_float.o)
                0x0000000000005334                _printf_float
 .text._printf_common
                0x00000000000057f8      0x10c d:/mounriver/mounriver_studio/toolchain/risc-v embedded gcc/bin/../lib/gcc/riscv-none-embed/8.2.0/../../../../riscv-none-embed/lib/rv32imacxw/ilp32\libg_nano.a(lib_a-nano-vfprintf_i.o)
                0x00000000000057f8                _printf_common
 .text._printf_i
                0x0000000000005904      0x2a4 d:/mounriver/mounriver_studio/toolchain/risc-v embedded gcc/bin/../lib/gcc/riscv-none-embed/8.2.0/../../../../riscv-none-embed/lib/rv32imacxw/ilp32\libg_nano.a(lib_a-nano-vfprintf_i.o)
                0x0000000000005904                _printf_i
 .text.printf   0x0000000000005ba8       0x42 d:/mounriver/mounriver_studio/toolchain/risc-v embedded gcc/bin/../lib/gcc/riscv-none-embed/8.2.0/../../../../riscv-none-embed/lib/rv32imacxw/ilp32\libg_nano.a(lib_a-printf.o)
                0x0000000000005ba8                iprintf
                0x0000000000005ba8                printf
 .text._puts_r  0x0000000000005bea       0xde d:/mounriver/mounriver_studio/toolchain/risc-v embedded gcc/bin/../lib/gcc/riscv-none-embed/8.2.0/../../../../riscv-none-embed/lib/rv32imacxw/ilp32\libg_nano.a(lib_a-puts.o)
                0x0000000000005bea                _puts_r
 .text.puts     0x0000000000005cc8        0xc d:/mounriver/mounriver_studio/toolchain/risc-v embedded gcc/bin/../lib/gcc/riscv-none-embed/8.2.0/../../../../riscv-none-embed/lib/rv32imacxw/ilp32\libg_nano.a(lib_a-puts.o)
                0x0000000000005cc8                puts
 .text._sbrk_r  0x0000000000005cd4       0x32 d:/mounriver/mounriver_studio/toolchain/risc-v embedded gcc/bin/../lib/gcc/riscv-none-embed/8.2.0/../../../../riscv-none-embed/lib/rv32imacxw/ilp32\libg_nano.a(lib_a-sbrkr.o)
                0x0000000000005cd4                _sbrk_r
 .text.strlen   0x0000000000005d06       0x12 d:/mounriver/mounriver_studio/toolchain/risc-v embedded gcc/bin/../lib/gcc/riscv-none-embed/8.2.0/../../../../riscv-none-embed/lib/rv32imacxw/ilp32\libg_nano.a(lib_a-strlen.o)
                0x0000000000005d06                strlen
 .text.strstr   0x0000000000005d18       0x34 d:/mounriver/mounriver_studio/toolchain/risc-v embedded gcc/bin/../lib/gcc/riscv-none-embed/8.2.0/../../../../riscv-none-embed/lib/rv32imacxw/ilp32\libg_nano.a(lib_a-strstr.o)
                0x0000000000005d18                strstr
 .text.sulp     0x0000000000005d4c       0x4e d:/mounriver/mounriver_studio/toolchain/risc-v embedded gcc/bin/../lib/gcc/riscv-none-embed/8.2.0/../../../../riscv-none-embed/lib/rv32imacxw/ilp32\libg_nano.a(lib_a-strtod.o)
 .text._strtod_l
                0x0000000000005d9a      0xc6c d:/mounriver/mounriver_studio/toolchain/risc-v embedded gcc/bin/../lib/gcc/riscv-none-embed/8.2.0/../../../../riscv-none-embed/lib/rv32imacxw/ilp32\libg_nano.a(lib_a-strtod.o)
                0x0000000000005d9a                _strtod_l
 .text.strtof   0x0000000000006a06       0xe4 d:/mounriver/mounriver_studio/toolchain/risc-v embedded gcc/bin/../lib/gcc/riscv-none-embed/8.2.0/../../../../riscv-none-embed/lib/rv32imacxw/ilp32\libg_nano.a(lib_a-strtod.o)
                0x0000000000006a06                strtof
 .text.__swbuf_r
                0x0000000000006aea       0xc2 d:/mounriver/mounriver_studio/toolchain/risc-v embedded gcc/bin/../lib/gcc/riscv-none-embed/8.2.0/../../../../riscv-none-embed/lib/rv32imacxw/ilp32\libg_nano.a(lib_a-wbuf.o)
                0x0000000000006aea                __swbuf_r
 .text.__ascii_wctomb
                0x0000000000006bac       0x1e d:/mounriver/mounriver_studio/toolchain/risc-v embedded gcc/bin/../lib/gcc/riscv-none-embed/8.2.0/../../../../riscv-none-embed/lib/rv32imacxw/ilp32\libg_nano.a(lib_a-wctomb_r.o)
                0x0000000000006bac                __ascii_wctomb
 .text.__swsetup_r
                0x0000000000006bca      0x102 d:/mounriver/mounriver_studio/toolchain/risc-v embedded gcc/bin/../lib/gcc/riscv-none-embed/8.2.0/../../../../riscv-none-embed/lib/rv32imacxw/ilp32\libg_nano.a(lib_a-wsetup.o)
                0x0000000000006bca                __swsetup_r
 .text.quorem   0x0000000000006ccc      0x13a d:/mounriver/mounriver_studio/toolchain/risc-v embedded gcc/bin/../lib/gcc/riscv-none-embed/8.2.0/../../../../riscv-none-embed/lib/rv32imacxw/ilp32\libg_nano.a(lib_a-dtoa.o)
 .text._dtoa_r  0x0000000000006e06      0xc16 d:/mounriver/mounriver_studio/toolchain/risc-v embedded gcc/bin/../lib/gcc/riscv-none-embed/8.2.0/../../../../riscv-none-embed/lib/rv32imacxw/ilp32\libg_nano.a(lib_a-dtoa.o)
                0x0000000000006e06                _dtoa_r
 .text.__sflush_r
                0x0000000000007a1c      0x132 d:/mounriver/mounriver_studio/toolchain/risc-v embedded gcc/bin/../lib/gcc/riscv-none-embed/8.2.0/../../../../riscv-none-embed/lib/rv32imacxw/ilp32\libg_nano.a(lib_a-fflush.o)
                0x0000000000007a1c                __sflush_r
 .text._fflush_r
                0x0000000000007b4e       0x66 d:/mounriver/mounriver_studio/toolchain/risc-v embedded gcc/bin/../lib/gcc/riscv-none-embed/8.2.0/../../../../riscv-none-embed/lib/rv32imacxw/ilp32\libg_nano.a(lib_a-fflush.o)
                0x0000000000007b4e                _fflush_r
 .text.std      0x0000000000007bb4       0x66 d:/mounriver/mounriver_studio/toolchain/risc-v embedded gcc/bin/../lib/gcc/riscv-none-embed/8.2.0/../../../../riscv-none-embed/lib/rv32imacxw/ilp32\libg_nano.a(lib_a-findfp.o)
 .text._cleanup_r
                0x0000000000007c1a        0xa d:/mounriver/mounriver_studio/toolchain/risc-v embedded gcc/bin/../lib/gcc/riscv-none-embed/8.2.0/../../../../riscv-none-embed/lib/rv32imacxw/ilp32\libg_nano.a(lib_a-findfp.o)
                0x0000000000007c1a                _cleanup_r
 .text.__sfmoreglue
                0x0000000000007c24       0x48 d:/mounriver/mounriver_studio/toolchain/risc-v embedded gcc/bin/../lib/gcc/riscv-none-embed/8.2.0/../../../../riscv-none-embed/lib/rv32imacxw/ilp32\libg_nano.a(lib_a-findfp.o)
                0x0000000000007c24                __sfmoreglue
 .text.__sinit  0x0000000000007c6c       0x6c d:/mounriver/mounriver_studio/toolchain/risc-v embedded gcc/bin/../lib/gcc/riscv-none-embed/8.2.0/../../../../riscv-none-embed/lib/rv32imacxw/ilp32\libg_nano.a(lib_a-findfp.o)
                0x0000000000007c6c                __sinit
 .text.__sfp    0x0000000000007cd8       0xa0 d:/mounriver/mounriver_studio/toolchain/risc-v embedded gcc/bin/../lib/gcc/riscv-none-embed/8.2.0/../../../../riscv-none-embed/lib/rv32imacxw/ilp32\libg_nano.a(lib_a-findfp.o)
                0x0000000000007cd8                __sfp
 .text._fwalk_reent
                0x0000000000007d78       0x6a d:/mounriver/mounriver_studio/toolchain/risc-v embedded gcc/bin/../lib/gcc/riscv-none-embed/8.2.0/../../../../riscv-none-embed/lib/rv32imacxw/ilp32\libg_nano.a(lib_a-fwalk.o)
                0x0000000000007d78                _fwalk_reent
 .text.rshift   0x0000000000007de2       0x76 d:/mounriver/mounriver_studio/toolchain/risc-v embedded gcc/bin/../lib/gcc/riscv-none-embed/8.2.0/../../../../riscv-none-embed/lib/rv32imacxw/ilp32\libg_nano.a(lib_a-gdtoa-gethex.o)
 .text.__hexdig_fun
                0x0000000000007e58       0x40 d:/mounriver/mounriver_studio/toolchain/risc-v embedded gcc/bin/../lib/gcc/riscv-none-embed/8.2.0/../../../../riscv-none-embed/lib/rv32imacxw/ilp32\libg_nano.a(lib_a-gdtoa-gethex.o)
                0x0000000000007e58                __hexdig_fun
 .text.__gethex
                0x0000000000007e98      0x4cc d:/mounriver/mounriver_studio/toolchain/risc-v embedded gcc/bin/../lib/gcc/riscv-none-embed/8.2.0/../../../../riscv-none-embed/lib/rv32imacxw/ilp32\libg_nano.a(lib_a-gdtoa-gethex.o)
                0x0000000000007e98                __gethex
 .text.L_shift  0x0000000000008364       0x2c d:/mounriver/mounriver_studio/toolchain/risc-v embedded gcc/bin/../lib/gcc/riscv-none-embed/8.2.0/../../../../riscv-none-embed/lib/rv32imacxw/ilp32\libg_nano.a(lib_a-gdtoa-hexnan.o)
 .text.__match  0x0000000000008390       0x2e d:/mounriver/mounriver_studio/toolchain/risc-v embedded gcc/bin/../lib/gcc/riscv-none-embed/8.2.0/../../../../riscv-none-embed/lib/rv32imacxw/ilp32\libg_nano.a(lib_a-gdtoa-hexnan.o)
                0x0000000000008390                __match
 .text.__hexnan
                0x00000000000083be      0x15e d:/mounriver/mounriver_studio/toolchain/risc-v embedded gcc/bin/../lib/gcc/riscv-none-embed/8.2.0/../../../../riscv-none-embed/lib/rv32imacxw/ilp32\libg_nano.a(lib_a-gdtoa-hexnan.o)
                0x00000000000083be                __hexnan
 .text.__localeconv_l
                0x000000000000851c        0x6 d:/mounriver/mounriver_studio/toolchain/risc-v embedded gcc/bin/../lib/gcc/riscv-none-embed/8.2.0/../../../../riscv-none-embed/lib/rv32imacxw/ilp32\libg_nano.a(lib_a-localeconv.o)
                0x000000000000851c                __localeconv_l
 .text._localeconv_r
                0x0000000000008522       0x18 d:/mounriver/mounriver_studio/toolchain/risc-v embedded gcc/bin/../lib/gcc/riscv-none-embed/8.2.0/../../../../riscv-none-embed/lib/rv32imacxw/ilp32\libg_nano.a(lib_a-localeconv.o)
                0x0000000000008522                _localeconv_r
 .text.__swhatbuf_r
                0x000000000000853a       0x58 d:/mounriver/mounriver_studio/toolchain/risc-v embedded gcc/bin/../lib/gcc/riscv-none-embed/8.2.0/../../../../riscv-none-embed/lib/rv32imacxw/ilp32\libg_nano.a(lib_a-makebuf.o)
                0x000000000000853a                __swhatbuf_r
 .text.__smakebuf_r
                0x0000000000008592       0x94 d:/mounriver/mounriver_studio/toolchain/risc-v embedded gcc/bin/../lib/gcc/riscv-none-embed/8.2.0/../../../../riscv-none-embed/lib/rv32imacxw/ilp32\libg_nano.a(lib_a-makebuf.o)
                0x0000000000008592                __smakebuf_r
 .text.memchr   0x0000000000008626       0x18 d:/mounriver/mounriver_studio/toolchain/risc-v embedded gcc/bin/../lib/gcc/riscv-none-embed/8.2.0/../../../../riscv-none-embed/lib/rv32imacxw/ilp32\libg_nano.a(lib_a-memchr.o)
                0x0000000000008626                memchr
 .text.__malloc_lock
                0x000000000000863e        0x2 d:/mounriver/mounriver_studio/toolchain/risc-v embedded gcc/bin/../lib/gcc/riscv-none-embed/8.2.0/../../../../riscv-none-embed/lib/rv32imacxw/ilp32\libg_nano.a(lib_a-mlock.o)
                0x000000000000863e                __malloc_lock
 .text.__malloc_unlock
                0x0000000000008640        0x2 d:/mounriver/mounriver_studio/toolchain/risc-v embedded gcc/bin/../lib/gcc/riscv-none-embed/8.2.0/../../../../riscv-none-embed/lib/rv32imacxw/ilp32\libg_nano.a(lib_a-mlock.o)
                0x0000000000008640                __malloc_unlock
 .text._Balloc  0x0000000000008642       0x8c d:/mounriver/mounriver_studio/toolchain/risc-v embedded gcc/bin/../lib/gcc/riscv-none-embed/8.2.0/../../../../riscv-none-embed/lib/rv32imacxw/ilp32\libg_nano.a(lib_a-mprec.o)
                0x0000000000008642                _Balloc
 .text._Bfree   0x00000000000086ce       0x44 d:/mounriver/mounriver_studio/toolchain/risc-v embedded gcc/bin/../lib/gcc/riscv-none-embed/8.2.0/../../../../riscv-none-embed/lib/rv32imacxw/ilp32\libg_nano.a(lib_a-mprec.o)
                0x00000000000086ce                _Bfree
 .text.__multadd
                0x0000000000008712       0x98 d:/mounriver/mounriver_studio/toolchain/risc-v embedded gcc/bin/../lib/gcc/riscv-none-embed/8.2.0/../../../../riscv-none-embed/lib/rv32imacxw/ilp32\libg_nano.a(lib_a-mprec.o)
                0x0000000000008712                __multadd
 .text.__s2b    0x00000000000087aa       0xa4 d:/mounriver/mounriver_studio/toolchain/risc-v embedded gcc/bin/../lib/gcc/riscv-none-embed/8.2.0/../../../../riscv-none-embed/lib/rv32imacxw/ilp32\libg_nano.a(lib_a-mprec.o)
                0x00000000000087aa                __s2b
 .text.__hi0bits
                0x000000000000884e       0x46 d:/mounriver/mounriver_studio/toolchain/risc-v embedded gcc/bin/../lib/gcc/riscv-none-embed/8.2.0/../../../../riscv-none-embed/lib/rv32imacxw/ilp32\libg_nano.a(lib_a-mprec.o)
                0x000000000000884e                __hi0bits
 .text.__lo0bits
                0x0000000000008894       0x6a d:/mounriver/mounriver_studio/toolchain/risc-v embedded gcc/bin/../lib/gcc/riscv-none-embed/8.2.0/../../../../riscv-none-embed/lib/rv32imacxw/ilp32\libg_nano.a(lib_a-mprec.o)
                0x0000000000008894                __lo0bits
 .text.__i2b    0x00000000000088fe       0x1c d:/mounriver/mounriver_studio/toolchain/risc-v embedded gcc/bin/../lib/gcc/riscv-none-embed/8.2.0/../../../../riscv-none-embed/lib/rv32imacxw/ilp32\libg_nano.a(lib_a-mprec.o)
                0x00000000000088fe                __i2b
 .text.__multiply
                0x000000000000891a      0x144 d:/mounriver/mounriver_studio/toolchain/risc-v embedded gcc/bin/../lib/gcc/riscv-none-embed/8.2.0/../../../../riscv-none-embed/lib/rv32imacxw/ilp32\libg_nano.a(lib_a-mprec.o)
                0x000000000000891a                __multiply
 .text.__pow5mult
                0x0000000000008a5e       0xbe d:/mounriver/mounriver_studio/toolchain/risc-v embedded gcc/bin/../lib/gcc/riscv-none-embed/8.2.0/../../../../riscv-none-embed/lib/rv32imacxw/ilp32\libg_nano.a(lib_a-mprec.o)
                0x0000000000008a5e                __pow5mult
 .text.__lshift
                0x0000000000008b1c       0xce d:/mounriver/mounriver_studio/toolchain/risc-v embedded gcc/bin/../lib/gcc/riscv-none-embed/8.2.0/../../../../riscv-none-embed/lib/rv32imacxw/ilp32\libg_nano.a(lib_a-mprec.o)
                0x0000000000008b1c                __lshift
 .text.__mcmp   0x0000000000008bea       0x32 d:/mounriver/mounriver_studio/toolchain/risc-v embedded gcc/bin/../lib/gcc/riscv-none-embed/8.2.0/../../../../riscv-none-embed/lib/rv32imacxw/ilp32\libg_nano.a(lib_a-mprec.o)
                0x0000000000008bea                __mcmp
 .text.__mdiff  0x0000000000008c1c       0xf2 d:/mounriver/mounriver_studio/toolchain/risc-v embedded gcc/bin/../lib/gcc/riscv-none-embed/8.2.0/../../../../riscv-none-embed/lib/rv32imacxw/ilp32\libg_nano.a(lib_a-mprec.o)
                0x0000000000008c1c                __mdiff
 .text.__ulp    0x0000000000008d0e       0x46 d:/mounriver/mounriver_studio/toolchain/risc-v embedded gcc/bin/../lib/gcc/riscv-none-embed/8.2.0/../../../../riscv-none-embed/lib/rv32imacxw/ilp32\libg_nano.a(lib_a-mprec.o)
                0x0000000000008d0e                __ulp
 .text.__b2d    0x0000000000008d54       0xb4 d:/mounriver/mounriver_studio/toolchain/risc-v embedded gcc/bin/../lib/gcc/riscv-none-embed/8.2.0/../../../../riscv-none-embed/lib/rv32imacxw/ilp32\libg_nano.a(lib_a-mprec.o)
                0x0000000000008d54                __b2d
 .text.__d2b    0x0000000000008e08       0xd4 d:/mounriver/mounriver_studio/toolchain/risc-v embedded gcc/bin/../lib/gcc/riscv-none-embed/8.2.0/../../../../riscv-none-embed/lib/rv32imacxw/ilp32\libg_nano.a(lib_a-mprec.o)
                0x0000000000008e08                __d2b
 .text.__ratio  0x0000000000008edc       0x74 d:/mounriver/mounriver_studio/toolchain/risc-v embedded gcc/bin/../lib/gcc/riscv-none-embed/8.2.0/../../../../riscv-none-embed/lib/rv32imacxw/ilp32\libg_nano.a(lib_a-mprec.o)
                0x0000000000008edc                __ratio
 .text.__copybits
                0x0000000000008f50       0x36 d:/mounriver/mounriver_studio/toolchain/risc-v embedded gcc/bin/../lib/gcc/riscv-none-embed/8.2.0/../../../../riscv-none-embed/lib/rv32imacxw/ilp32\libg_nano.a(lib_a-mprec.o)
                0x0000000000008f50                __copybits
 .text.__any_on
                0x0000000000008f86       0x46 d:/mounriver/mounriver_studio/toolchain/risc-v embedded gcc/bin/../lib/gcc/riscv-none-embed/8.2.0/../../../../riscv-none-embed/lib/rv32imacxw/ilp32\libg_nano.a(lib_a-mprec.o)
                0x0000000000008f86                __any_on
 .text._calloc_r
                0x0000000000008fcc       0x28 d:/mounriver/mounriver_studio/toolchain/risc-v embedded gcc/bin/../lib/gcc/riscv-none-embed/8.2.0/../../../../riscv-none-embed/lib/rv32imacxw/ilp32\libg_nano.a(lib_a-nano-callocr.o)
                0x0000000000008fcc                _calloc_r
 .text.__sfputc_r
                0x0000000000008ff4       0x28 d:/mounriver/mounriver_studio/toolchain/risc-v embedded gcc/bin/../lib/gcc/riscv-none-embed/8.2.0/../../../../riscv-none-embed/lib/rv32imacxw/ilp32\libg_nano.a(lib_a-nano-vfprintf.o)
 .text.__sfputs_r
                0x000000000000901c       0x42 d:/mounriver/mounriver_studio/toolchain/risc-v embedded gcc/bin/../lib/gcc/riscv-none-embed/8.2.0/../../../../riscv-none-embed/lib/rv32imacxw/ilp32\libg_nano.a(lib_a-nano-vfprintf.o)
                0x000000000000901c                __sfputs_r
 .text._vfprintf_r
                0x000000000000905e      0x28c d:/mounriver/mounriver_studio/toolchain/risc-v embedded gcc/bin/../lib/gcc/riscv-none-embed/8.2.0/../../../../riscv-none-embed/lib/rv32imacxw/ilp32\libg_nano.a(lib_a-nano-vfprintf.o)
                0x000000000000905e                _vfprintf_r
                0x000000000000905e                _vfiprintf_r
 .text.nanf     0x00000000000092ea        0xc d:/mounriver/mounriver_studio/toolchain/risc-v embedded gcc/bin/../lib/gcc/riscv-none-embed/8.2.0/../../../../riscv-none-embed/lib/rv32imacxw/ilp32\libg_nano.a(lib_a-sf_nan.o)
                0x00000000000092ea                nanf
 .text.__sread  0x00000000000092f6       0x2c d:/mounriver/mounriver_studio/toolchain/risc-v embedded gcc/bin/../lib/gcc/riscv-none-embed/8.2.0/../../../../riscv-none-embed/lib/rv32imacxw/ilp32\libg_nano.a(lib_a-stdio.o)
                0x00000000000092f6                __sread
 .text.__swrite
                0x0000000000009322       0x48 d:/mounriver/mounriver_studio/toolchain/risc-v embedded gcc/bin/../lib/gcc/riscv-none-embed/8.2.0/../../../../riscv-none-embed/lib/rv32imacxw/ilp32\libg_nano.a(lib_a-stdio.o)
                0x0000000000009322                __swrite
 .text.__sseek  0x000000000000936a       0x30 d:/mounriver/mounriver_studio/toolchain/risc-v embedded gcc/bin/../lib/gcc/riscv-none-embed/8.2.0/../../../../riscv-none-embed/lib/rv32imacxw/ilp32\libg_nano.a(lib_a-stdio.o)
                0x000000000000936a                __sseek
 .text.__sclose
                0x000000000000939a        0x6 d:/mounriver/mounriver_studio/toolchain/risc-v embedded gcc/bin/../lib/gcc/riscv-none-embed/8.2.0/../../../../riscv-none-embed/lib/rv32imacxw/ilp32\libg_nano.a(lib_a-stdio.o)
                0x000000000000939a                __sclose
 .text.strncmp  0x00000000000093a0       0x28 d:/mounriver/mounriver_studio/toolchain/risc-v embedded gcc/bin/../lib/gcc/riscv-none-embed/8.2.0/../../../../riscv-none-embed/lib/rv32imacxw/ilp32\libg_nano.a(lib_a-strncmp.o)
                0x00000000000093a0                strncmp
 .text._write_r
                0x00000000000093c8       0x36 d:/mounriver/mounriver_studio/toolchain/risc-v embedded gcc/bin/../lib/gcc/riscv-none-embed/8.2.0/../../../../riscv-none-embed/lib/rv32imacxw/ilp32\libg_nano.a(lib_a-writer.o)
                0x00000000000093c8                _write_r
 .text._close_r
                0x00000000000093fe       0x32 d:/mounriver/mounriver_studio/toolchain/risc-v embedded gcc/bin/../lib/gcc/riscv-none-embed/8.2.0/../../../../riscv-none-embed/lib/rv32imacxw/ilp32\libg_nano.a(lib_a-closer.o)
                0x00000000000093fe                _close_r
 .text._fstat_r
                0x0000000000009430       0x34 d:/mounriver/mounriver_studio/toolchain/risc-v embedded gcc/bin/../lib/gcc/riscv-none-embed/8.2.0/../../../../riscv-none-embed/lib/rv32imacxw/ilp32\libg_nano.a(lib_a-fstatr.o)
                0x0000000000009430                _fstat_r
 .text._isatty_r
                0x0000000000009464       0x32 d:/mounriver/mounriver_studio/toolchain/risc-v embedded gcc/bin/../lib/gcc/riscv-none-embed/8.2.0/../../../../riscv-none-embed/lib/rv32imacxw/ilp32\libg_nano.a(lib_a-isattyr.o)
                0x0000000000009464                _isatty_r
 .text._lseek_r
                0x0000000000009496       0x36 d:/mounriver/mounriver_studio/toolchain/risc-v embedded gcc/bin/../lib/gcc/riscv-none-embed/8.2.0/../../../../riscv-none-embed/lib/rv32imacxw/ilp32\libg_nano.a(lib_a-lseekr.o)
                0x0000000000009496                _lseek_r
 .text._read_r  0x00000000000094cc       0x36 d:/mounriver/mounriver_studio/toolchain/risc-v embedded gcc/bin/../lib/gcc/riscv-none-embed/8.2.0/../../../../riscv-none-embed/lib/rv32imacxw/ilp32\libg_nano.a(lib_a-readr.o)
                0x00000000000094cc                _read_r
 .text.__adddf3
                0x0000000000009502      0x730 d:/mounriver/mounriver_studio/toolchain/risc-v embedded gcc/bin/../lib/gcc/riscv-none-embed/8.2.0/rv32imacxw/ilp32\libgcc.a(adddf3.o)
                0x0000000000009502                __adddf3
 .text.__divdf3
                0x0000000000009c32      0x5b4 d:/mounriver/mounriver_studio/toolchain/risc-v embedded gcc/bin/../lib/gcc/riscv-none-embed/8.2.0/rv32imacxw/ilp32\libgcc.a(divdf3.o)
                0x0000000000009c32                __divdf3
 .text.__eqdf2  0x000000000000a1e6       0x6a d:/mounriver/mounriver_studio/toolchain/risc-v embedded gcc/bin/../lib/gcc/riscv-none-embed/8.2.0/rv32imacxw/ilp32\libgcc.a(eqdf2.o)
                0x000000000000a1e6                __nedf2
                0x000000000000a1e6                __eqdf2
 .text.__gedf2  0x000000000000a250       0xae d:/mounriver/mounriver_studio/toolchain/risc-v embedded gcc/bin/../lib/gcc/riscv-none-embed/8.2.0/rv32imacxw/ilp32\libgcc.a(gedf2.o)
                0x000000000000a250                __gedf2
                0x000000000000a250                __gtdf2
 .text.__ledf2  0x000000000000a2fe       0xb6 d:/mounriver/mounriver_studio/toolchain/risc-v embedded gcc/bin/../lib/gcc/riscv-none-embed/8.2.0/rv32imacxw/ilp32\libgcc.a(ledf2.o)
                0x000000000000a2fe                __ledf2
                0x000000000000a2fe                __ltdf2
 .text.__muldf3
                0x000000000000a3b4      0x4b8 d:/mounriver/mounriver_studio/toolchain/risc-v embedded gcc/bin/../lib/gcc/riscv-none-embed/8.2.0/rv32imacxw/ilp32\libgcc.a(muldf3.o)
                0x000000000000a3b4                __muldf3
 .text.__subdf3
                0x000000000000a86c      0x73e d:/mounriver/mounriver_studio/toolchain/risc-v embedded gcc/bin/../lib/gcc/riscv-none-embed/8.2.0/rv32imacxw/ilp32\libgcc.a(subdf3.o)
                0x000000000000a86c                __subdf3
 .text.__unorddf2
                0x000000000000afaa       0x3c d:/mounriver/mounriver_studio/toolchain/risc-v embedded gcc/bin/../lib/gcc/riscv-none-embed/8.2.0/rv32imacxw/ilp32\libgcc.a(unorddf2.o)
                0x000000000000afaa                __unorddf2
 .text.__fixdfsi
                0x000000000000afe6       0x68 d:/mounriver/mounriver_studio/toolchain/risc-v embedded gcc/bin/../lib/gcc/riscv-none-embed/8.2.0/rv32imacxw/ilp32\libgcc.a(fixdfsi.o)
                0x000000000000afe6                __fixdfsi
 .text.__fixunsdfsi
                0x000000000000b04e       0x5c d:/mounriver/mounriver_studio/toolchain/risc-v embedded gcc/bin/../lib/gcc/riscv-none-embed/8.2.0/rv32imacxw/ilp32\libgcc.a(fixunsdfsi.o)
                0x000000000000b04e                __fixunsdfsi
 .text.__floatsidf
                0x000000000000b0aa       0x70 d:/mounriver/mounriver_studio/toolchain/risc-v embedded gcc/bin/../lib/gcc/riscv-none-embed/8.2.0/rv32imacxw/ilp32\libgcc.a(floatsidf.o)
                0x000000000000b0aa                __floatsidf
 .text.__floatunsidf
                0x000000000000b11a       0x66 d:/mounriver/mounriver_studio/toolchain/risc-v embedded gcc/bin/../lib/gcc/riscv-none-embed/8.2.0/rv32imacxw/ilp32\libgcc.a(floatunsidf.o)
                0x000000000000b11a                __floatunsidf
 .text.__lesf2  0x000000000000b180       0x8c d:/mounriver/mounriver_studio/toolchain/risc-v embedded gcc/bin/../lib/gcc/riscv-none-embed/8.2.0/rv32imacxw/ilp32\libgcc.a(lesf2.o)
                0x000000000000b180                __ltsf2
                0x000000000000b180                __lesf2
 .text.__unordsf2
                0x000000000000b20c       0x3c d:/mounriver/mounriver_studio/toolchain/risc-v embedded gcc/bin/../lib/gcc/riscv-none-embed/8.2.0/rv32imacxw/ilp32\libgcc.a(unordsf2.o)
                0x000000000000b20c                __unordsf2
 .text.__truncdfsf2
                0x000000000000b248      0x16a d:/mounriver/mounriver_studio/toolchain/risc-v embedded gcc/bin/../lib/gcc/riscv-none-embed/8.2.0/rv32imacxw/ilp32\libgcc.a(truncdfsf2.o)
                0x000000000000b248                __truncdfsf2
 .text.__trunctfdf2
                0x000000000000b3b2      0x21e d:/mounriver/mounriver_studio/toolchain/risc-v embedded gcc/bin/../lib/gcc/riscv-none-embed/8.2.0/rv32imacxw/ilp32\libgcc.a(trunctfdf2.o)
                0x000000000000b3b2                __trunctfdf2
 .text.__clzsi2
                0x000000000000b5d0       0x6e d:/mounriver/mounriver_studio/toolchain/risc-v embedded gcc/bin/../lib/gcc/riscv-none-embed/8.2.0/rv32imacxw/ilp32\libgcc.a(_clzsi2.o)
                0x000000000000b5d0                __clzsi2
 .text._close   0x000000000000b63e       0x10 d:/mounriver/mounriver_studio/toolchain/risc-v embedded gcc/bin/../lib/gcc/riscv-none-embed/8.2.0/../../../../riscv-none-embed/lib/rv32imacxw/ilp32\libnosys.a(close.o)
                0x000000000000b63e                _close
 .text._fstat   0x000000000000b64e       0x10 d:/mounriver/mounriver_studio/toolchain/risc-v embedded gcc/bin/../lib/gcc/riscv-none-embed/8.2.0/../../../../riscv-none-embed/lib/rv32imacxw/ilp32\libnosys.a(fstat.o)
                0x000000000000b64e                _fstat
 .text._isatty  0x000000000000b65e       0x10 d:/mounriver/mounriver_studio/toolchain/risc-v embedded gcc/bin/../lib/gcc/riscv-none-embed/8.2.0/../../../../riscv-none-embed/lib/rv32imacxw/ilp32\libnosys.a(isatty.o)
                0x000000000000b65e                _isatty
 .text._lseek   0x000000000000b66e       0x10 d:/mounriver/mounriver_studio/toolchain/risc-v embedded gcc/bin/../lib/gcc/riscv-none-embed/8.2.0/../../../../riscv-none-embed/lib/rv32imacxw/ilp32\libnosys.a(lseek.o)
                0x000000000000b66e                _lseek
 .text._read    0x000000000000b67e       0x10 d:/mounriver/mounriver_studio/toolchain/risc-v embedded gcc/bin/../lib/gcc/riscv-none-embed/8.2.0/../../../../riscv-none-embed/lib/rv32imacxw/ilp32\libnosys.a(read.o)
                0x000000000000b67e                _read
 .text._sbrk    0x000000000000b68e       0x30 d:/mounriver/mounriver_studio/toolchain/risc-v embedded gcc/bin/../lib/gcc/riscv-none-embed/8.2.0/../../../../riscv-none-embed/lib/rv32imacxw/ilp32\libnosys.a(sbrk.o)
                0x000000000000b68e                _sbrk
 *(.rodata)
 *(.rodata*)
 *fill*         0x000000000000b6be        0x2 
 .rodata.L610_Init.str1.4
                0x000000000000b6c0       0x18 ./User/L610.o
 .rodata.L610_Lookup.str1.4
                0x000000000000b6d8       0x6f ./User/L610.o
 *fill*         0x000000000000b747        0x1 
 .rodata.L610_Pub.str1.4
                0x000000000000b748       0xa6 ./User/L610.o
 *fill*         0x000000000000b7ee        0x2 
 .rodata.L610_Recive.str1.4
                0x000000000000b7f0       0x65 ./User/L610.o
 *fill*         0x000000000000b855        0x3 
 .rodata.L610_RequestIP.str1.4
                0x000000000000b858       0x4f ./User/L610.o
 *fill*         0x000000000000b8a7        0x1 
 .rodata.L610_SetAndConnect.str1.4
                0x000000000000b8a8       0xf1 ./User/L610.o
 *fill*         0x000000000000b999        0x3 
 .rodata.L610_Sub.str1.4
                0x000000000000b99c       0x73 ./User/L610.o
 *fill*         0x000000000000ba0f        0x1 
 .rodata.freertos_demo.str1.4
                0x000000000000ba10        0xb ./User/freertos_demo.o
 *fill*         0x000000000000ba1b        0x1 
 .rodata.start_task.str1.4
                0x000000000000ba1c       0x20 ./User/freertos_demo.o
 .rodata.vLookupTask.str1.4
                0x000000000000ba3c        0xe ./User/freertos_demo.o
 *fill*         0x000000000000ba4a        0x2 
 .rodata.renderMainPage.str1.4
                0x000000000000ba4c       0x52 ./User/pages.o
 *fill*         0x000000000000ba9e        0x2 
 .rodata.pvPortMalloc.str1.4
                0x000000000000baa0       0x61 ./Middlewares/FreeRTOS/portable/MemMang/heap_4.o
 *fill*         0x000000000000bb01        0x3 
 .rodata.xPortStartScheduler.str1.4
                0x000000000000bb04       0x41 ./Middlewares/FreeRTOS/portable/GCC/RISC-V/port.o
                                         0x65 (size before relaxing)
 *fill*         0x000000000000bb45        0x3 
 .rodata.xQueueGenericReset.str1.4
                0x000000000000bb48       0x2e ./Middlewares/FreeRTOS/queue.o
                                         0x51 (size before relaxing)
 *fill*         0x000000000000bb76        0x2 
 .rodata.prvTaskIsTaskSuspended.str1.4
                0x000000000000bb78       0x2e ./Middlewares/FreeRTOS/tasks.o
                                         0x51 (size before relaxing)
 *fill*         0x000000000000bba6        0x2 
 .rodata.vTaskStartScheduler.str1.4
                0x000000000000bba8        0x5 ./Middlewares/FreeRTOS/tasks.o
 *fill*         0x000000000000bbad        0x3 
 .rodata.prvTimerTask
                0x000000000000bbb0       0x24 ./Middlewares/FreeRTOS/timers.o
 .rodata.prvCheckForValidListAndQueue.str1.4
                0x000000000000bbd4        0x5 ./Middlewares/FreeRTOS/timers.o
 *fill*         0x000000000000bbd9        0x3 
 .rodata.prvTimerTask.str1.4
                0x000000000000bbdc       0x2f ./Middlewares/FreeRTOS/timers.o
                                         0x51 (size before relaxing)
 *fill*         0x000000000000bc0b        0x1 
 .rodata.xTimerCreateTimerTask.str1.4
                0x000000000000bc0c        0x8 ./Middlewares/FreeRTOS/timers.o
 .rodata.asc2_1206
                0x000000000000bc14      0x474 ./Drivers/BSP/LCD/lcd.o
                0x000000000000bc14                asc2_1206
 .rodata.asc2_1608
                0x000000000000c088      0x5f0 ./Drivers/BSP/LCD/lcd.o
                0x000000000000c088                asc2_1608
 .rodata.asc2_2412
                0x000000000000c678      0xd5c ./Drivers/BSP/LCD/lcd.o
                0x000000000000c678                asc2_2412
 .rodata.asc2_3216
                0x000000000000d3d4     0x17c0 ./Drivers/BSP/LCD/lcd.o
                0x000000000000d3d4                asc2_3216
 .rodata._setlocale_r.str1.4
                0x000000000000eb94        0xa d:/mounriver/mounriver_studio/toolchain/risc-v embedded gcc/bin/../lib/gcc/riscv-none-embed/8.2.0/../../../../riscv-none-embed/lib/rv32imacxw/ilp32\libg_nano.a(lib_a-locale.o)
                                          0xd (size before relaxing)
 *fill*         0x000000000000eb9e        0x2 
 .rodata.str1.4
                0x000000000000eba0        0x2 d:/mounriver/mounriver_studio/toolchain/risc-v embedded gcc/bin/../lib/gcc/riscv-none-embed/8.2.0/../../../../riscv-none-embed/lib/rv32imacxw/ilp32\libg_nano.a(lib_a-locale.o)
 *fill*         0x000000000000eba2        0x6 
 .rodata._printf_float.cst8
                0x000000000000eba8        0x8 d:/mounriver/mounriver_studio/toolchain/risc-v embedded gcc/bin/../lib/gcc/riscv-none-embed/8.2.0/../../../../riscv-none-embed/lib/rv32imacxw/ilp32\libg_nano.a(lib_a-nano-vfprintf_float.o)
 .rodata._printf_float.str1.4
                0x000000000000ebb0       0x12 d:/mounriver/mounriver_studio/toolchain/risc-v embedded gcc/bin/../lib/gcc/riscv-none-embed/8.2.0/../../../../riscv-none-embed/lib/rv32imacxw/ilp32\libg_nano.a(lib_a-nano-vfprintf_float.o)
 *fill*         0x000000000000ebc2        0x2 
 .rodata._printf_i.str1.4
                0x000000000000ebc4       0x25 d:/mounriver/mounriver_studio/toolchain/risc-v embedded gcc/bin/../lib/gcc/riscv-none-embed/8.2.0/../../../../riscv-none-embed/lib/rv32imacxw/ilp32\libg_nano.a(lib_a-nano-vfprintf_i.o)
 *fill*         0x000000000000ebe9        0x3 
 .rodata._strtod_l
                0x000000000000ebec       0x14 d:/mounriver/mounriver_studio/toolchain/risc-v embedded gcc/bin/../lib/gcc/riscv-none-embed/8.2.0/../../../../riscv-none-embed/lib/rv32imacxw/ilp32\libg_nano.a(lib_a-strtod.o)
 .rodata._strtod_l.cst8
                0x000000000000ec00       0x38 d:/mounriver/mounriver_studio/toolchain/risc-v embedded gcc/bin/../lib/gcc/riscv-none-embed/8.2.0/../../../../riscv-none-embed/lib/rv32imacxw/ilp32\libg_nano.a(lib_a-strtod.o)
 .rodata._strtod_l.str1.4
                0x000000000000ec38        0xf d:/mounriver/mounriver_studio/toolchain/risc-v embedded gcc/bin/../lib/gcc/riscv-none-embed/8.2.0/../../../../riscv-none-embed/lib/rv32imacxw/ilp32\libg_nano.a(lib_a-strtod.o)
 *fill*         0x000000000000ec47        0x1 
 .rodata.fpi.3395
                0x000000000000ec48       0x14 d:/mounriver/mounriver_studio/toolchain/risc-v embedded gcc/bin/../lib/gcc/riscv-none-embed/8.2.0/../../../../riscv-none-embed/lib/rv32imacxw/ilp32\libg_nano.a(lib_a-strtod.o)
 .rodata.fpinan.3431
                0x000000000000ec5c       0x14 d:/mounriver/mounriver_studio/toolchain/risc-v embedded gcc/bin/../lib/gcc/riscv-none-embed/8.2.0/../../../../riscv-none-embed/lib/rv32imacxw/ilp32\libg_nano.a(lib_a-strtod.o)
 .rodata.strtof_l.cst4
                0x000000000000ec70        0x4 d:/mounriver/mounriver_studio/toolchain/risc-v embedded gcc/bin/../lib/gcc/riscv-none-embed/8.2.0/../../../../riscv-none-embed/lib/rv32imacxw/ilp32\libg_nano.a(lib_a-strtod.o)
 .rodata.strtof_l.cst8
                0x000000000000ec74        0x8 d:/mounriver/mounriver_studio/toolchain/risc-v embedded gcc/bin/../lib/gcc/riscv-none-embed/8.2.0/../../../../riscv-none-embed/lib/rv32imacxw/ilp32\libg_nano.a(lib_a-strtod.o)
 *fill*         0x000000000000ec74        0x4 
 .rodata.tinytens
                0x000000000000ec78       0x28 d:/mounriver/mounriver_studio/toolchain/risc-v embedded gcc/bin/../lib/gcc/riscv-none-embed/8.2.0/../../../../riscv-none-embed/lib/rv32imacxw/ilp32\libg_nano.a(lib_a-strtod.o)
 .rodata._ctype_
                0x000000000000eca0      0x101 d:/mounriver/mounriver_studio/toolchain/risc-v embedded gcc/bin/../lib/gcc/riscv-none-embed/8.2.0/../../../../riscv-none-embed/lib/rv32imacxw/ilp32\libg_nano.a(lib_a-ctype_.o)
                0x000000000000eca0                _ctype_
 *fill*         0x000000000000eda1        0x7 
 .rodata._dtoa_r.cst8
                0x000000000000eda8       0x38 d:/mounriver/mounriver_studio/toolchain/risc-v embedded gcc/bin/../lib/gcc/riscv-none-embed/8.2.0/../../../../riscv-none-embed/lib/rv32imacxw/ilp32\libg_nano.a(lib_a-dtoa.o)
                                         0x48 (size before relaxing)
 .rodata._dtoa_r.str1.4
                0x000000000000ede0       0x10 d:/mounriver/mounriver_studio/toolchain/risc-v embedded gcc/bin/../lib/gcc/riscv-none-embed/8.2.0/../../../../riscv-none-embed/lib/rv32imacxw/ilp32\libg_nano.a(lib_a-dtoa.o)
                                         0x12 (size before relaxing)
 .rodata.__sf_fake_stderr
                0x000000000000edf0       0x20 d:/mounriver/mounriver_studio/toolchain/risc-v embedded gcc/bin/../lib/gcc/riscv-none-embed/8.2.0/../../../../riscv-none-embed/lib/rv32imacxw/ilp32\libg_nano.a(lib_a-findfp.o)
                0x000000000000edf0                __sf_fake_stderr
 .rodata.__sf_fake_stdin
                0x000000000000ee10       0x20 d:/mounriver/mounriver_studio/toolchain/risc-v embedded gcc/bin/../lib/gcc/riscv-none-embed/8.2.0/../../../../riscv-none-embed/lib/rv32imacxw/ilp32\libg_nano.a(lib_a-findfp.o)
                0x000000000000ee10                __sf_fake_stdin
 .rodata.__sf_fake_stdout
                0x000000000000ee30       0x20 d:/mounriver/mounriver_studio/toolchain/risc-v embedded gcc/bin/../lib/gcc/riscv-none-embed/8.2.0/../../../../riscv-none-embed/lib/rv32imacxw/ilp32\libg_nano.a(lib_a-findfp.o)
                0x000000000000ee30                __sf_fake_stdout
 .rodata.__mprec_bigtens
                0x000000000000ee50       0x28 d:/mounriver/mounriver_studio/toolchain/risc-v embedded gcc/bin/../lib/gcc/riscv-none-embed/8.2.0/../../../../riscv-none-embed/lib/rv32imacxw/ilp32\libg_nano.a(lib_a-mprec.o)
                0x000000000000ee50                __mprec_bigtens
 .rodata.__mprec_tens
                0x000000000000ee78       0xc8 d:/mounriver/mounriver_studio/toolchain/risc-v embedded gcc/bin/../lib/gcc/riscv-none-embed/8.2.0/../../../../riscv-none-embed/lib/rv32imacxw/ilp32\libg_nano.a(lib_a-mprec.o)
                0x000000000000ee78                __mprec_tens
 .rodata.p05.3319
                0x000000000000ef40        0xc d:/mounriver/mounriver_studio/toolchain/risc-v embedded gcc/bin/../lib/gcc/riscv-none-embed/8.2.0/../../../../riscv-none-embed/lib/rv32imacxw/ilp32\libg_nano.a(lib_a-mprec.o)
 .rodata._vfprintf_r.str1.4
                0x000000000000ef4c       0x14 d:/mounriver/mounriver_studio/toolchain/risc-v embedded gcc/bin/../lib/gcc/riscv-none-embed/8.2.0/../../../../riscv-none-embed/lib/rv32imacxw/ilp32\libg_nano.a(lib_a-nano-vfprintf.o)
                                         0x13 (size before relaxing)
 .rodata.nanf.cst4
                0x000000000000ef60        0x4 d:/mounriver/mounriver_studio/toolchain/risc-v embedded gcc/bin/../lib/gcc/riscv-none-embed/8.2.0/../../../../riscv-none-embed/lib/rv32imacxw/ilp32\libg_nano.a(lib_a-sf_nan.o)
 .rodata.__divdf3
                0x000000000000ef64       0x40 d:/mounriver/mounriver_studio/toolchain/risc-v embedded gcc/bin/../lib/gcc/riscv-none-embed/8.2.0/rv32imacxw/ilp32\libgcc.a(divdf3.o)
 .rodata.__muldf3
                0x000000000000efa4       0x40 d:/mounriver/mounriver_studio/toolchain/risc-v embedded gcc/bin/../lib/gcc/riscv-none-embed/8.2.0/rv32imacxw/ilp32\libgcc.a(muldf3.o)
 .rodata.__clz_tab
                0x000000000000efe4      0x100 d:/mounriver/mounriver_studio/toolchain/risc-v embedded gcc/bin/../lib/gcc/riscv-none-embed/8.2.0/rv32imacxw/ilp32\libgcc.a(_clz.o)
                0x000000000000efe4                __clz_tab
 *(.gnu.linkonce.t.*)
                0x000000000000f0e4                . = ALIGN (0x4)

.rela.dyn       0x000000000000f0e4        0x0
 .rela.text.xPortStartScheduler
                0x000000000000f0e4        0x0 ./User/HX77.o
 .rela.sdata2.xISRStackTop
                0x000000000000f0e4        0x0 ./User/HX77.o
 .rela.init     0x000000000000f0e4        0x0 ./User/HX77.o
 .rela.vector   0x000000000000f0e4        0x0 ./User/HX77.o
 .rela.text.handle_reset
                0x000000000000f0e4        0x0 ./User/HX77.o
 .rela.text._sbrk_r
                0x000000000000f0e4        0x0 ./User/HX77.o
 .rela.text._vfprintf_r
                0x000000000000f0e4        0x0 ./User/HX77.o
 .rela.text._write_r
                0x000000000000f0e4        0x0 ./User/HX77.o
 .rela.text._close_r
                0x000000000000f0e4        0x0 ./User/HX77.o
 .rela.text._fstat_r
                0x000000000000f0e4        0x0 ./User/HX77.o
 .rela.text._isatty_r
                0x000000000000f0e4        0x0 ./User/HX77.o
 .rela.text._lseek_r
                0x000000000000f0e4        0x0 ./User/HX77.o
 .rela.text._read_r
                0x000000000000f0e4        0x0 ./User/HX77.o
 .rela.text._close
                0x000000000000f0e4        0x0 ./User/HX77.o
 .rela.text._fstat
                0x000000000000f0e4        0x0 ./User/HX77.o
 .rela.text._isatty
                0x000000000000f0e4        0x0 ./User/HX77.o
 .rela.text._lseek
                0x000000000000f0e4        0x0 ./User/HX77.o
 .rela.text._read
                0x000000000000f0e4        0x0 ./User/HX77.o
 .rela.text._sbrk
                0x000000000000f0e4        0x0 ./User/HX77.o

.fini           0x000000000000f0e4        0x0
 *(SORT_NONE(.fini))
                0x000000000000f0e4                . = ALIGN (0x4)
                [!provide]                        PROVIDE (_etext = .)
                [!provide]                        PROVIDE (_eitcm = .)

.preinit_array  0x000000000000f0e4        0x0
                [!provide]                        PROVIDE (__preinit_array_start = .)
 *(.preinit_array)
                [!provide]                        PROVIDE (__preinit_array_end = .)

.init_array     0x000000000000f0e4        0x0
                [!provide]                        PROVIDE (__init_array_start = .)
 *(SORT_BY_INIT_PRIORITY(.init_array.*) SORT_BY_INIT_PRIORITY(.ctors.*))
 *(.init_array EXCLUDE_FILE(*crtend?.o *crtend.o *crtbegin?.o *crtbegin.o) .ctors)
                [!provide]                        PROVIDE (__init_array_end = .)

.fini_array     0x000000000000f0e4        0x0
                [!provide]                        PROVIDE (__fini_array_start = .)
 *(SORT_BY_INIT_PRIORITY(.fini_array.*) SORT_BY_INIT_PRIORITY(.dtors.*))
 *(.fini_array EXCLUDE_FILE(*crtend?.o *crtend.o *crtbegin?.o *crtbegin.o) .dtors)
                [!provide]                        PROVIDE (__fini_array_end = .)

.ctors
 *crtbegin.o(.ctors)
 *crtbegin?.o(.ctors)
 *(EXCLUDE_FILE(*crtend?.o *crtend.o) .ctors)
 *(SORT_BY_NAME(.ctors.*))
 *(.ctors)

.dtors
 *crtbegin.o(.dtors)
 *crtbegin?.o(.dtors)
 *(EXCLUDE_FILE(*crtend?.o *crtend.o) .dtors)
 *(SORT_BY_NAME(.dtors.*))
 *(.dtors)

.dalign         0x0000000020000000        0x0 load address 0x000000000000f0e4
                0x0000000020000000                . = ALIGN (0x4)
                0x0000000020000000                PROVIDE (_data_vma = .)

.dlalign        0x000000000000f0e4        0x0
                0x000000000000f0e4                . = ALIGN (0x4)
                0x000000000000f0e4                PROVIDE (_data_lma = .)

.data           0x0000000020000000      0x200 load address 0x000000000000f0e4
 *(.gnu.linkonce.r.*)
 *(.data .data.*)
 .data.APBAHBPrescTable
                0x0000000020000000       0x10 ./Drivers/CH32V30x_Driver/src/ch32v30x_rcc.o
 .data.impure_data
                0x0000000020000010       0x60 d:/mounriver/mounriver_studio/toolchain/risc-v embedded gcc/bin/../lib/gcc/riscv-none-embed/8.2.0/../../../../riscv-none-embed/lib/rv32imacxw/ilp32\libg_nano.a(lib_a-impure.o)
 .data.__global_locale
                0x0000000020000070      0x16c d:/mounriver/mounriver_studio/toolchain/risc-v embedded gcc/bin/../lib/gcc/riscv-none-embed/8.2.0/../../../../riscv-none-embed/lib/rv32imacxw/ilp32\libg_nano.a(lib_a-locale.o)
                0x0000000020000070                __global_locale
 *(.gnu.linkonce.d.*)
                0x00000000200001e0                . = ALIGN (0x8)
 *fill*         0x00000000200001dc        0x4 
                0x00000000200009e0                PROVIDE (__global_pointer$ = (. + 0x800))
 *(.sdata .sdata.*)
 .sdata.SystemCoreClock
                0x00000000200001e0        0x4 ./User/system_ch32v30x.o
                0x00000000200001e0                SystemCoreClock
 .sdata.uxCriticalNesting
                0x00000000200001e4        0x4 ./Middlewares/FreeRTOS/portable/GCC/RISC-V/port.o
 .sdata.uxTopUsedPriority
                0x00000000200001e8        0x4 ./Middlewares/FreeRTOS/tasks.o
                0x00000000200001e8                uxTopUsedPriority
 .sdata.ADCPrescTable
                0x00000000200001ec        0x4 ./Drivers/CH32V30x_Driver/src/ch32v30x_rcc.o
 .sdata.BACK_COLOR
                0x00000000200001f0        0x2 ./Drivers/BSP/LCD/lcd.o
                0x00000000200001f0                BACK_COLOR
 *fill*         0x00000000200001f2        0x2 
 .sdata._impure_ptr
                0x00000000200001f4        0x4 d:/mounriver/mounriver_studio/toolchain/risc-v embedded gcc/bin/../lib/gcc/riscv-none-embed/8.2.0/../../../../riscv-none-embed/lib/rv32imacxw/ilp32\libg_nano.a(lib_a-impure.o)
                0x00000000200001f4                _impure_ptr
 *(.sdata2.*)
 .sdata2.xISRStackTop
                0x00000000200001f8        0x4 ./Middlewares/FreeRTOS/portable/GCC/RISC-V/port.o
                0x00000000200001f8                xISRStackTop
 .sdata2._global_impure_ptr
                0x00000000200001fc        0x4 d:/mounriver/mounriver_studio/toolchain/risc-v embedded gcc/bin/../lib/gcc/riscv-none-embed/8.2.0/../../../../riscv-none-embed/lib/rv32imacxw/ilp32\libg_nano.a(lib_a-impure.o)
                0x00000000200001fc                _global_impure_ptr
 *(.gnu.linkonce.s.*)
                0x0000000020000200                . = ALIGN (0x8)
 *(.srodata.cst16)
 *(.srodata.cst8)
 *(.srodata.cst4)
 *(.srodata.cst2)
 *(.srodata .srodata.*)
                0x0000000020000200                . = ALIGN (0x4)
                0x0000000020000200                PROVIDE (_edata = .)

.bss            0x0000000020000200     0x32d4 load address 0x000000000000f2e4
                0x0000000020000200                . = ALIGN (0x4)
                0x0000000020000200                PROVIDE (_sbss = .)
 *(.sbss*)
 .sbss.numx     0x0000000020000200        0x1 ./User/HX77.o
                0x0000000020000200                numx
 *fill*         0x0000000020000201        0x1 
 .sbss.USART_Rbuffer_Num
                0x0000000020000202        0x2 ./User/L610.o
                0x0000000020000202                USART_Rbuffer_Num
 .sbss.strx     0x0000000020000204        0x4 ./User/L610.o
                0x0000000020000204                strx
 .sbss.StartTask_Handler
                0x0000000020000208        0x4 ./User/freertos_demo.o
                0x0000000020000208                StartTask_Handler
 .sbss.Task1Task_Handler
                0x000000002000020c        0x4 ./User/freertos_demo.o
                0x000000002000020c                Task1Task_Handler
 .sbss.vLookupTask_Handler
                0x0000000020000210        0x4 ./User/freertos_demo.o
                0x0000000020000210                vLookupTask_Handler
 .sbss.vSerialTask_Handler
                0x0000000020000214        0x4 ./User/freertos_demo.o
                0x0000000020000214                vSerialTask_Handler
 .sbss.pxEnd    0x0000000020000218        0x4 ./Middlewares/FreeRTOS/portable/MemMang/heap_4.o
 .sbss.xBlockAllocatedBit
                0x000000002000021c        0x4 ./Middlewares/FreeRTOS/portable/MemMang/heap_4.o
 .sbss.xFreeBytesRemaining
                0x0000000020000220        0x4 ./Middlewares/FreeRTOS/portable/MemMang/heap_4.o
 .sbss.xMinimumEverFreeBytesRemaining
                0x0000000020000224        0x4 ./Middlewares/FreeRTOS/portable/MemMang/heap_4.o
 .sbss.xNumberOfSuccessfulAllocations
                0x0000000020000228        0x4 ./Middlewares/FreeRTOS/portable/MemMang/heap_4.o
 .sbss.xNumberOfSuccessfulFrees
                0x000000002000022c        0x4 ./Middlewares/FreeRTOS/portable/MemMang/heap_4.o
 .sbss.xStart   0x0000000020000230        0x8 ./Middlewares/FreeRTOS/portable/MemMang/heap_4.o
 .sbss.pxCurrentTCB
                0x0000000020000238        0x4 ./Middlewares/FreeRTOS/tasks.o
                0x0000000020000238                pxCurrentTCB
 .sbss.pxDelayedTaskList
                0x000000002000023c        0x4 ./Middlewares/FreeRTOS/tasks.o
 .sbss.pxOverflowDelayedTaskList
                0x0000000020000240        0x4 ./Middlewares/FreeRTOS/tasks.o
 .sbss.uxCurrentNumberOfTasks
                0x0000000020000244        0x4 ./Middlewares/FreeRTOS/tasks.o
 .sbss.uxDeletedTasksWaitingCleanUp
                0x0000000020000248        0x4 ./Middlewares/FreeRTOS/tasks.o
 .sbss.uxSchedulerSuspended
                0x000000002000024c        0x4 ./Middlewares/FreeRTOS/tasks.o
 .sbss.uxTaskNumber
                0x0000000020000250        0x4 ./Middlewares/FreeRTOS/tasks.o
 .sbss.uxTopReadyPriority
                0x0000000020000254        0x4 ./Middlewares/FreeRTOS/tasks.o
 .sbss.xIdleTaskHandle
                0x0000000020000258        0x4 ./Middlewares/FreeRTOS/tasks.o
 .sbss.xNextTaskUnblockTime
                0x000000002000025c        0x4 ./Middlewares/FreeRTOS/tasks.o
 .sbss.xNumOfOverflows
                0x0000000020000260        0x4 ./Middlewares/FreeRTOS/tasks.o
 .sbss.xPendedTicks
                0x0000000020000264        0x4 ./Middlewares/FreeRTOS/tasks.o
 .sbss.xSchedulerRunning
                0x0000000020000268        0x4 ./Middlewares/FreeRTOS/tasks.o
 .sbss.xTickCount
                0x000000002000026c        0x4 ./Middlewares/FreeRTOS/tasks.o
 .sbss.xYieldPending
                0x0000000020000270        0x4 ./Middlewares/FreeRTOS/tasks.o
 .sbss.pxCurrentTimerList
                0x0000000020000274        0x4 ./Middlewares/FreeRTOS/timers.o
 .sbss.pxOverflowTimerList
                0x0000000020000278        0x4 ./Middlewares/FreeRTOS/timers.o
 .sbss.xLastTime.6277
                0x000000002000027c        0x4 ./Middlewares/FreeRTOS/timers.o
 .sbss.xTimerQueue
                0x0000000020000280        0x4 ./Middlewares/FreeRTOS/timers.o
 .sbss.xTimerTaskHandle
                0x0000000020000284        0x4 ./Middlewares/FreeRTOS/timers.o
 .sbss.received_data
                0x0000000020000288        0x2 ./Drivers/SYSTEM/usart/usart.o
                0x0000000020000288                received_data
 .sbss.recv_ok  0x000000002000028a        0x1 ./Drivers/SYSTEM/usart/usart.o
                0x000000002000028a                recv_ok
 .sbss.uart_cnt
                0x000000002000028b        0x1 ./Drivers/SYSTEM/usart/usart.o
                0x000000002000028b                uart_cnt
 .sbss.xQueue   0x000000002000028c        0x4 ./Drivers/SYSTEM/usart/usart.o
                0x000000002000028c                xQueue
 .sbss.g_fac_us
                0x0000000020000290        0x2 ./Drivers/SYSTEM/delay/delay.o
 *fill*         0x0000000020000292        0x2 
 .sbss.NVIC_Priority_Group
                0x0000000020000294        0x4 ./Drivers/CH32V30x_Driver/src/ch32v30x_misc.o
                0x0000000020000294                NVIC_Priority_Group
 .sbss.POINT_COLOR
                0x0000000020000298        0x2 ./Drivers/BSP/LCD/lcd.o
                0x0000000020000298                POINT_COLOR
 *fill*         0x000000002000029a        0x2 
 .sbss.__malloc_free_list
                0x000000002000029c        0x4 d:/mounriver/mounriver_studio/toolchain/risc-v embedded gcc/bin/../lib/gcc/riscv-none-embed/8.2.0/../../../../riscv-none-embed/lib/rv32imacxw/ilp32\libg_nano.a(lib_a-nano-mallocr.o)
                0x000000002000029c                __malloc_free_list
 .sbss.__malloc_sbrk_start
                0x00000000200002a0        0x4 d:/mounriver/mounriver_studio/toolchain/risc-v embedded gcc/bin/../lib/gcc/riscv-none-embed/8.2.0/../../../../riscv-none-embed/lib/rv32imacxw/ilp32\libg_nano.a(lib_a-nano-mallocr.o)
                0x00000000200002a0                __malloc_sbrk_start
 .sbss.heap_end.1518
                0x00000000200002a4        0x4 d:/mounriver/mounriver_studio/toolchain/risc-v embedded gcc/bin/../lib/gcc/riscv-none-embed/8.2.0/../../../../riscv-none-embed/lib/rv32imacxw/ilp32\libnosys.a(sbrk.o)
 *(.gnu.linkonce.sb.*)
 *(.bss*)
 .bss.USART_Rbuffer
                0x00000000200002a8      0x800 ./User/L610.o
                0x00000000200002a8                USART_Rbuffer
 .bss.ucHeap    0x0000000020000aa8     0x2800 ./Middlewares/FreeRTOS/portable/MemMang/heap_4.o
 .bss.xQueueRegistry
                0x00000000200032a8       0x40 ./Middlewares/FreeRTOS/queue.o
                0x00000000200032a8                xQueueRegistry
 .bss.pxReadyTasksLists
                0x00000000200032e8      0x12c ./Middlewares/FreeRTOS/tasks.o
 .bss.xDelayedTaskList1
                0x0000000020003414       0x14 ./Middlewares/FreeRTOS/tasks.o
 .bss.xDelayedTaskList2
                0x0000000020003428       0x14 ./Middlewares/FreeRTOS/tasks.o
 .bss.xPendingReadyList
                0x000000002000343c       0x14 ./Middlewares/FreeRTOS/tasks.o
 .bss.xSuspendedTaskList
                0x0000000020003450       0x14 ./Middlewares/FreeRTOS/tasks.o
 .bss.xTasksWaitingTermination
                0x0000000020003464       0x14 ./Middlewares/FreeRTOS/tasks.o
 .bss.xActiveTimerList1
                0x0000000020003478       0x14 ./Middlewares/FreeRTOS/timers.o
 .bss.xActiveTimerList2
                0x000000002000348c       0x14 ./Middlewares/FreeRTOS/timers.o
 .bss.uart_buf  0x00000000200034a0       0x20 ./Drivers/SYSTEM/usart/usart.o
                0x00000000200034a0                uart_buf
 .bss.lcddev    0x00000000200034c0        0xe ./Drivers/BSP/LCD/lcd.o
                0x00000000200034c0                lcddev
 *(.gnu.linkonce.b.*)
 *(COMMON*)
 *fill*         0x00000000200034ce        0x2 
 COMMON         0x00000000200034d0        0x4 d:/mounriver/mounriver_studio/toolchain/risc-v embedded gcc/bin/../lib/gcc/riscv-none-embed/8.2.0/../../../../riscv-none-embed/lib/rv32imacxw/ilp32\libg_nano.a(lib_a-reent.o)
                0x00000000200034d0                errno
                0x00000000200034d4                . = ALIGN (0x4)
                0x00000000200034d4                PROVIDE (_ebss = .)
                [!provide]                        PROVIDE (_end = _ebss)
                0x00000000200034d4                PROVIDE (end = .)

.stack          0x000000002000f800      0x800
                [!provide]                        PROVIDE (_heap_end = .)
                0x000000002000f800                . = ALIGN (0x4)
                [!provide]                        PROVIDE (_susrstack = .)
                0x0000000020010000                . = (. + __stack_size)
 *fill*         0x000000002000f800      0x800 
                0x0000000020010000                PROVIDE (_eusrstack = .)
                0x0000000020010000                __freertos_irq_stack_top = .
OUTPUT(SmartCartRTOS.elf elf32-littleriscv)

.debug_info     0x0000000000000000    0x1d5dc
 .debug_info    0x0000000000000000     0x1342 ./User/HX77.o
 .debug_info    0x0000000000001342     0x15e8 ./User/L610.o
 .debug_info    0x000000000000292a       0x4a ./User/ch32v30x_it.o
 .debug_info    0x0000000000002974     0x101f ./User/freertos_demo.o
 .debug_info    0x0000000000003993      0xe60 ./User/main.o
 .debug_info    0x00000000000047f3     0x1b70 ./User/pages.o
 .debug_info    0x0000000000006363      0x2db ./User/system_ch32v30x.o
 .debug_info    0x000000000000663e      0xe5c ./Middlewares/FreeRTOS/portable/MemMang/heap_4.o
 .debug_info    0x000000000000749a     0x1108 ./Middlewares/FreeRTOS/portable/GCC/RISC-V/port.o
 .debug_info    0x00000000000085a2       0x26 ./Middlewares/FreeRTOS/portable/GCC/RISC-V/portASM.o
 .debug_info    0x00000000000085c8      0xb80 ./Middlewares/FreeRTOS/list.o
 .debug_info    0x0000000000009148     0x30eb ./Middlewares/FreeRTOS/queue.o
 .debug_info    0x000000000000c233     0x3cab ./Middlewares/FreeRTOS/tasks.o
 .debug_info    0x000000000000fede     0x2179 ./Middlewares/FreeRTOS/timers.o
 .debug_info    0x0000000000012057     0x1931 ./Drivers/SYSTEM/usart/usart.o
 .debug_info    0x0000000000013988      0xfca ./Drivers/SYSTEM/delay/delay.o
 .debug_info    0x0000000000014952       0x22 ./Drivers/RISC_V/Startup/startup_ch32v30x_D8C.o
 .debug_info    0x0000000000014974      0x79f ./Drivers/CH32V30x_Driver/src/ch32v30x_fsmc.o
 .debug_info    0x0000000000015113      0x7e5 ./Drivers/CH32V30x_Driver/src/ch32v30x_gpio.o
 .debug_info    0x00000000000158f8      0x6c4 ./Drivers/CH32V30x_Driver/src/ch32v30x_misc.o
 .debug_info    0x0000000000015fbc      0xcc0 ./Drivers/CH32V30x_Driver/src/ch32v30x_rcc.o
 .debug_info    0x0000000000016c7c      0xb72 ./Drivers/CH32V30x_Driver/src/ch32v30x_usart.o
 .debug_info    0x00000000000177ee     0x5dee ./Drivers/BSP/LCD/lcd.o

.debug_abbrev   0x0000000000000000     0x3cfa
 .debug_abbrev  0x0000000000000000      0x3bd ./User/HX77.o
 .debug_abbrev  0x00000000000003bd      0x2f0 ./User/L610.o
 .debug_abbrev  0x00000000000006ad       0x2e ./User/ch32v30x_it.o
 .debug_abbrev  0x00000000000006db      0x29e ./User/freertos_demo.o
 .debug_abbrev  0x0000000000000979      0x24d ./User/main.o
 .debug_abbrev  0x0000000000000bc6      0x2c7 ./User/pages.o
 .debug_abbrev  0x0000000000000e8d      0x19f ./User/system_ch32v30x.o
 .debug_abbrev  0x000000000000102c      0x36c ./Middlewares/FreeRTOS/portable/MemMang/heap_4.o
 .debug_abbrev  0x0000000000001398      0x389 ./Middlewares/FreeRTOS/portable/GCC/RISC-V/port.o
 .debug_abbrev  0x0000000000001721       0x14 ./Middlewares/FreeRTOS/portable/GCC/RISC-V/portASM.o
 .debug_abbrev  0x0000000000001735      0x254 ./Middlewares/FreeRTOS/list.o
 .debug_abbrev  0x0000000000001989      0x461 ./Middlewares/FreeRTOS/queue.o
 .debug_abbrev  0x0000000000001dea      0x545 ./Middlewares/FreeRTOS/tasks.o
 .debug_abbrev  0x000000000000232f      0x43a ./Middlewares/FreeRTOS/timers.o
 .debug_abbrev  0x0000000000002769      0x384 ./Drivers/SYSTEM/usart/usart.o
 .debug_abbrev  0x0000000000002aed      0x2e5 ./Drivers/SYSTEM/delay/delay.o
 .debug_abbrev  0x0000000000002dd2       0x12 ./Drivers/RISC_V/Startup/startup_ch32v30x_D8C.o
 .debug_abbrev  0x0000000000002de4      0x1da ./Drivers/CH32V30x_Driver/src/ch32v30x_fsmc.o
 .debug_abbrev  0x0000000000002fbe      0x20a ./Drivers/CH32V30x_Driver/src/ch32v30x_gpio.o
 .debug_abbrev  0x00000000000031c8      0x1f6 ./Drivers/CH32V30x_Driver/src/ch32v30x_misc.o
 .debug_abbrev  0x00000000000033be      0x259 ./Drivers/CH32V30x_Driver/src/ch32v30x_rcc.o
 .debug_abbrev  0x0000000000003617      0x201 ./Drivers/CH32V30x_Driver/src/ch32v30x_usart.o
 .debug_abbrev  0x0000000000003818      0x4e2 ./Drivers/BSP/LCD/lcd.o

.debug_loc      0x0000000000000000     0xc272
 .debug_loc     0x0000000000000000       0xf9 ./User/HX77.o
 .debug_loc     0x00000000000000f9      0x234 ./User/L610.o
 .debug_loc     0x000000000000032d       0x63 ./User/freertos_demo.o
 .debug_loc     0x0000000000000390       0x6a ./User/pages.o
 .debug_loc     0x00000000000003fa       0xda ./User/system_ch32v30x.o
 .debug_loc     0x00000000000004d4      0x330 ./Middlewares/FreeRTOS/portable/MemMang/heap_4.o
 .debug_loc     0x0000000000000804       0x5b ./Middlewares/FreeRTOS/portable/GCC/RISC-V/port.o
 .debug_loc     0x000000000000085f       0x94 ./Middlewares/FreeRTOS/list.o
 .debug_loc     0x00000000000008f3     0x1b0a ./Middlewares/FreeRTOS/queue.o
 .debug_loc     0x00000000000023fd     0x239a ./Middlewares/FreeRTOS/tasks.o
 .debug_loc     0x0000000000004797      0xe5d ./Middlewares/FreeRTOS/timers.o
 .debug_loc     0x00000000000055f4       0xcf ./Drivers/SYSTEM/usart/usart.o
 .debug_loc     0x00000000000056c3      0x106 ./Drivers/SYSTEM/delay/delay.o
 .debug_loc     0x00000000000057c9      0x454 ./Drivers/CH32V30x_Driver/src/ch32v30x_fsmc.o
 .debug_loc     0x0000000000005c1d      0x657 ./Drivers/CH32V30x_Driver/src/ch32v30x_gpio.o
 .debug_loc     0x0000000000006274       0xce ./Drivers/CH32V30x_Driver/src/ch32v30x_misc.o
 .debug_loc     0x0000000000006342      0xadb ./Drivers/CH32V30x_Driver/src/ch32v30x_rcc.o
 .debug_loc     0x0000000000006e1d      0x7bb ./Drivers/CH32V30x_Driver/src/ch32v30x_usart.o
 .debug_loc     0x00000000000075d8     0x4c9a ./Drivers/BSP/LCD/lcd.o

.debug_aranges  0x0000000000000000      0xb98
 .debug_aranges
                0x0000000000000000       0x60 ./User/HX77.o
 .debug_aranges
                0x0000000000000060       0x50 ./User/L610.o
 .debug_aranges
                0x00000000000000b0       0x28 ./User/ch32v30x_it.o
 .debug_aranges
                0x00000000000000d8       0x40 ./User/freertos_demo.o
 .debug_aranges
                0x0000000000000118       0x20 ./User/main.o
 .debug_aranges
                0x0000000000000138       0x58 ./User/pages.o
 .debug_aranges
                0x0000000000000190       0x28 ./User/system_ch32v30x.o
 .debug_aranges
                0x00000000000001b8       0x50 ./Middlewares/FreeRTOS/portable/MemMang/heap_4.o
 .debug_aranges
                0x0000000000000208       0x58 ./Middlewares/FreeRTOS/portable/GCC/RISC-V/port.o
 .debug_aranges
                0x0000000000000260       0x20 ./Middlewares/FreeRTOS/portable/GCC/RISC-V/portASM.o
 .debug_aranges
                0x0000000000000280       0x40 ./Middlewares/FreeRTOS/list.o
 .debug_aranges
                0x00000000000002c0      0x108 ./Middlewares/FreeRTOS/queue.o
 .debug_aranges